[4886] sshd O /home/capstone/.ssh/authorized_keys
[4886] sshd O /home/capstone/.ssh/authorized_keys
[4930] bash O /home/capstone/.bashrc
[4931] rm D /tmp/malware_fail.log
[4930] bash O /home/capstone/project/run_malware_infected.sh
[4932] sudo C /home/capstone/.sudo_as_admin_successful
[4934] sudo C /home/capstone/.sudo_as_admin_successful
[2220] dbus-daemon O /home/capstone/.local/share/dbus-1/services
[2220] dbus-daemon O /home/capstone/.local/share/dbus-1/services
[2421] gnome-shell O /home/capstone/.icons/Yaru/cursors/default
[2421] gnome-shell O /home/capstone/.icons/Yaru/index.theme
[2946] pool-org.gnome. O /home/capstone/project/venv
[2946] pool-org.gnome. O /home/capstone/project/venv
[2946] pool-org.gnome. O /home/capstone/project/venv/.hidden
[2946] pool-org.gnome. O /home/capstone/project/venv/pyvenv.cfg
[2946] pool-org.gnome. O /home/capstone/project/venv/bin
[2946] pool-org.gnome. O /home/capstone/project/venv/bin/.hidden
[2946] pool-org.gnome. O /home/capstone/project/venv/lib64
[2946] pool-org.gnome. O /home/capstone/project/venv/lib64/.hidden
[2946] pool-org.gnome. O /home/capstone/project/venv/lib
[2946] pool-org.gnome. O /home/capstone/project/venv/lib/.hidden
[2946] pool-org.gnome. O /home/capstone/project/venv/include
[2946] pool-org.gnome. O /home/capstone/project/venv/include/.hidden
[2421] gnome-shell O /home/capstone/.icons/Yaru/cursors/default
[2421] gnome-shell O /home/capstone/.icons/Yaru/index.theme
[2220] dbus-daemon O /home/capstone/.local/share/dbus-1/services
[2421] gnome-shell O /home/capstone/.icons/Yaru/cursors/default
[2421] gnome-shell O /home/capstone/.icons/Yaru/index.theme
[2946] pool-org.gnome. O /home/capstone/project/venv/include
[2946] pool-org.gnome. O /home/capstone/project/venv/include
[2946] pool-org.gnome. O /home/capstone/project/venv/include/python3.12
[2421] gnome-shell O /home/capstone/.icons/Yaru/cursors/default
[2421] gnome-shell O /home/capstone/.icons/Yaru/index.theme
[2220] dbus-daemon O /home/capstone/.local/share/dbus-1/services
[2421] gnome-shell O /home/capstone/.icons/Yaru/cursors/default
[2421] gnome-shell O /home/capstone/.icons/Yaru/index.theme
[2946] pool-org.gnome. O /home/capstone/project/venv/include/python3.12
[2421] gnome-shell O /home/capstone/.icons/Yaru/cursors/default
[2421] gnome-shell O /home/capstone/.icons/Yaru/index.theme
[2946] pool-org.gnome. O /home/capstone/project/venv/include/python3.12
[4947] whoopsie D /var/lock/whoopsie/lock
[369] systemd-journal D /run/systemd/journal/streams/9:37616
[1] systemd D /run/systemd/units/invocation:whoopsie.service
[4499] fwupd D /var/lib/fwupd/metadata/lvfs/ReadMeForDecrypt.txt
[2220] dbus-daemon O /home/capstone/.local/share/dbus-1/services
[2195] systemd D /run/user/1000/systemd/units/invocation:update-notifier-crash.service
[369] systemd-journal D /run/systemd/journal/streams/9:37617
[2946] pool-org.gnome. O /home/capstone/project/venv/include/python3.12/.hidden
[4958] apport O /home/capstone/.apport-ignore.xml
[4962] whoopsie D /var/lock/whoopsie/lock
[1] systemd D /run/systemd/units/invocation:whoopsie.service
[369] systemd-journal D /run/systemd/journal/streams/9:37719
[369] systemd-journal D /run/systemd/journal/streams/9:37692
[2195] systemd D /run/user/1000/systemd/units/invocation:update-notifier-crash.service
[2421] pool-gnome-shel O /home/capstone/.local/share/icc/.hidden
[3102] pool-gjs O /home/capstone/Desktop
[3102] pool-gjs O /home/capstone/.local/share/nautilus/scripts
[3102] gjs O /home/capstone/.local/share/nautilus/scripts/.hidden
[3102] gjs O /home/capstone/.local/share/gvfs-metadata/home
[3102] gjs O /home/capstone/.local/share/gvfs-metadata/home-99b9ab4e.log
[2948] pool O /home/capstone/.local/share/Trash/info/ReadMeForDecrypt.txt.trashinfo
[3102] pool-gjs O /home/capstone/Templates
[3102] pool-gjs O /home/capstone/Templates
[3102] gjs O /home/capstone/Templates/.hidden
[2421] gnome-shell O /home/capstone/.icons/Yaru/cursors/default
[2421] gnome-shell O /home/capstone/.icons/Yaru/index.theme
[2572] gsd-sound O /home/capstone/.pulse/client.conf
[2572] gsd-sound O /home/capstone/.config/pulse/client.conf
[2572] gsd-sound O /home/capstone/.config/pulse/cookie
[3102] pool-gjs O /home/capstone/Desktop
[3102] gjs O /home/capstone/.cache/thumbnails/large/49301c38ff36baaf63acc16042587cc2.png
[3102] gjs O /home/capstone/.cache/thumbnails/normal/49301c38ff36baaf63acc16042587cc2.png
[3102] gjs O /home/capstone/.cache/thumbnails/fail/gnome-thumbnail-factory/49301c38ff36baaf63acc16042587cc2.png
[3102] gjs O /home/capstone/Desktop/.hidden
[3102] gjs O /home/capstone/.cache/thumbnails/large/25b14d0c7d15880589503f4b69257260.png
[3102] gjs O /home/capstone/.cache/thumbnails/normal/25b14d0c7d15880589503f4b69257260.png
[3102] gjs O /home/capstone/.cache/thumbnails/fail/gnome-thumbnail-factory/25b14d0c7d15880589503f4b69257260.png
[3102] gjs O /home/capstone/.cache/thumbnails/large/49301c38ff36baaf63acc16042587cc2.png
[3102] gjs O /home/capstone/.cache/thumbnails/normal/49301c38ff36baaf63acc16042587cc2.png
[3102] gjs O /home/capstone/.cache/thumbnails/fail/gnome-thumbnail-factory/49301c38ff36baaf63acc16042587cc2.png
[3102] gjs O /home/capstone/.cache/thumbnails/large/25b14d0c7d15880589503f4b69257260.png
[3102] gjs O /home/capstone/.cache/thumbnails/normal/25b14d0c7d15880589503f4b69257260.png
[3102] gjs O /home/capstone/.cache/thumbnails/fail/gnome-thumbnail-factory/25b14d0c7d15880589503f4b69257260.png
[3102] pool-gjs O /home/capstone/Desktop
[2947] gvfsd-metadata C /home/capstone/.local/share/gvfs-metadata/home.D612L3
[2947] gvfsd-metadata C /home/capstone/.local/share/gvfs-metadata/home-3ec330a6.log.O58ZL3
[2947] gvfsd-metadata O /home/capstone/.local/share/gvfs-metadata/home
[2947] gvfsd-metadata O /home/capstone/.local/share/gvfs-metadata
[2947] gvfsd-metadata D /home/capstone/.local/share/gvfs-metadata/home-99b9ab4e.log
[2947] gvfsd-metadata O /home/capstone/.local/share/gvfs-metadata/home
[2947] gvfsd-metadata O /home/capstone/.local/share/gvfs-metadata/home-3ec330a6.log
[5063] whoopsie D /var/lock/whoopsie/lock
[1] systemd D /run/systemd/units/invocation:whoopsie.service
[2220] dbus-daemon O /home/capstone/.local/share/dbus-1/services
[2220] dbus-daemon O /home/capstone/.local/share/dbus-1/services
[5079] check-new-relea O /home/capstone/.local/share/glib-2.0/schemas/gschemas.compiled
[5079] check-new-relea O /home/capstone/.config/dconf/user
[5078] apport-gtk O /home/capstone/.local/share/glib-2.0/schemas/gschemas.compiled
[5078] apport-gtk O /home/capstone/.config/dconf/user
[4975] apport O /home/capstone/.apport-ignore.xml
[5090] whoopsie D /var/lock/whoopsie/lock
[1] systemd D /run/systemd/units/invocation:whoopsie.service
[5102] dpkg O /home/capstone/.dpkg.cfg
[5103] dpkg O /home/capstone/.dpkg.cfg
[5097] whoopsie D /var/lock/whoopsie/lock
[1] systemd D /run/systemd/units/invocation:whoopsie.service
[5110] dpkg O /home/capstone/.dpkg.cfg
[5111] dpkg O /home/capstone/.dpkg.cfg
[5121] whoopsie D /var/lock/whoopsie/lock
[1] systemd D /run/systemd/units/invocation:whoopsie.service
[1] systemd D /run/systemd/units/invocation:fwupd.service
[5127] (sd-rmrf) D ReadMeForDecrypt.txt
[5127] (sd-rmrf) D ReadMeForDecrypt.txt
[5127] (sd-rmrf) D tmp
[5127] (sd-rmrf) D /tmp/systemd-private-857ab6eecec44dd0bd3c92567efcc968-fwupd.service-Z12cnl
[5128] (sd-rmrf) D ReadMeForDecrypt.txt
[5128] (sd-rmrf) D ReadMeForDecrypt.txt
[5128] (sd-rmrf) D tmp
[5128] (sd-rmrf) D /var/tmp/systemd-private-857ab6eecec44dd0bd3c92567efcc968-fwupd.service-PbONYD
[5123] whoopsie D /var/lock/whoopsie/lock
[1] systemd D /run/systemd/units/invocation:whoopsie.service
[1] systemd D /run/systemd/units/invocation:systemd-journald.service
[5143] systemd-journal D 9:37106
[5143] systemd-journal D 9:26595
[5143] systemd-journal D 9:26594
[5143] systemd-journal D /run/systemd/journal/io.systemd.journal
[5136] whoopsie D /var/lock/whoopsie/lock
[1] systemd D /run/systemd/units/invocation:whoopsie.service
[5143] systemd-journal D /run/systemd/journal/streams/9:40966
[5143] systemd-journal D /run/systemd/journal/streams/9:40968
[5143] systemd-journal D /run/systemd/journal/streams/9:40969
[5143] systemd-journal D /run/systemd/journal/streams/9:40970
[5143] systemd-journal D /run/systemd/journal/streams/9:40971
[5143] systemd-journal D /run/systemd/journal/streams/9:40972
[5002] apport O /home/capstone/.apport-ignore.xml
[5152] whoopsie D /var/lock/whoopsie/lock
[5143] systemd-journal D /run/systemd/journal/streams/9:40983
[1] systemd D /run/systemd/units/invocation:whoopsie.service
[5143] systemd-journal D /run/systemd/journal/streams/9:28967
[5143] systemd-journal D /run/systemd/journal/streams/9:29225
[3329] bash C /home/capstone/.bash_history
[3329] bash O /home/capstone/.bash_history
[3329] bash O /home/capstone/.bash_history
[5143] systemd-journal D /run/systemd/journal/streams/9:28756
[5143] systemd-journal D /run/systemd/journal/streams/9:27518
[1259] systemd-logind D /run/systemd/inhibit/10.ref
[1259] systemd-logind D /run/systemd/inhibit/10
[2195] systemd D /run/user/1000/systemd/units/invocation:app-gnome-org.gnome.Evolution\x2dalarm\x2dnotify-2582.scope
[2195] systemd D /run/user/1000/systemd/transient/app-gnome-org.gnome.Evolution\x2dalarm\x2dnotify-2582.scope
[2195] systemd D /run/user/1000/systemd/units/invocation:vte-spawn-595c1b25-1893-46c9-bb9e-223eba76d6bb.scope
[2195] systemd D /run/user/1000/systemd/transient/vte-spawn-595c1b25-1893-46c9-bb9e-223eba76d6bb.scope
[5143] systemd-journal D /run/systemd/journal/streams/9:27535
[5143] systemd-journal D /run/systemd/journal/streams/9:40965
[2195] systemd D /run/user/1000/systemd/units/invocation:update-notifier-crash.service
[5143] systemd-journal D /run/systemd/journal/streams/9:40203
[2195] systemd D /run/user/1000/systemd/units/invocation:org.gnome.SettingsDaemon.Wacom.service
[5143] systemd-journal D /run/systemd/journal/streams/9:28909
[5196] (udev-worker) D /run/udev/data/c13:35
[5197] (udev-worker) D /run/udev/data/c13:69
[5196] (udev-worker) D /dev/char/13:35
[5197] (udev-worker) D /dev/char/13:69
[449] systemd-udevd D /run/udev/queue
[5196] (udev-worker) D /run/udev/tags/snap_firefox_firefox/c13:0
[5196] (udev-worker) D /run/udev/tags/snap_firefox_geckodriver/c13:0
[5196] (udev-worker) D /run/udev/data/c13:0
[5196] (udev-worker) D /dev/char/13:0
[5143] systemd-journal D /run/systemd/journal/streams/9:27502
[5196] (udev-worker) D /run/udev/tags/seat/+input:input6
[5196] (udev-worker) D /run/udev/data/+input:input6
[449] systemd-udevd D /run/udev/queue
[5143] systemd-journal D /run/systemd/journal/streams/9:27577
[5143] systemd-journal D /run/systemd/journal/streams/9:27446
[5143] systemd-journal D /run/systemd/journal/streams/9:27573
[5143] systemd-journal D /run/systemd/journal/streams/9:27383
[5202] dpkg O /home/capstone/.dpkg.cfg
[1259] systemd-logind D /run/systemd/inhibit/14.ref
[1259] systemd-logind D /run/systemd/inhibit/14
[1259] systemd-logind D /run/systemd/inhibit/13.ref
[1259] systemd-logind D /run/systemd/inhibit/13
[1259] systemd-logind D /run/systemd/inhibit/12.ref
[1259] systemd-logind D /run/systemd/inhibit/12
[5196] (udev-worker) D /run/udev/data/+bdi:0:75
[5143] systemd-journal D /run/systemd/journal/streams/9:26017
[1559] cupsd D /run/cups/certs/0
[1559] cupsd D /run/cups/certs/0
[5143] systemd-journal D /run/systemd/journal/streams/9:25805
[5143] systemd-journal D /run/systemd/journal/streams/9:28713
[5143] systemd-journal D /run/systemd/journal/streams/9:27538
[5143] systemd-journal D /run/systemd/journal/streams/9:27516
[5143] systemd-journal D /run/systemd/journal/streams/9:27562
[5143] systemd-journal D /run/systemd/journal/streams/9:27581
[5143] systemd-journal D /run/systemd/journal/streams/9:27585
[5143] systemd-journal D /run/systemd/journal/streams/9:27403
[5143] systemd-journal D /run/systemd/journal/streams/9:27433
[5143] systemd-journal D /run/systemd/journal/streams/9:25782
[5143] systemd-journal D /run/systemd/journal/streams/9:27486
[5143] systemd-journal D /run/systemd/journal/streams/9:40967
[2195] systemd D /run/user/1000/systemd/units/invocation:xdg-document-portal.service
[5143] systemd-journal D /run/systemd/journal/streams/9:41434
[5143] systemd-journal D /run/systemd/journal/streams/9:41450
[5143] systemd-journal D /run/systemd/journal/streams/9:41452
[5143] systemd-journal D /run/systemd/journal/streams/9:41459
[5143] systemd-journal D /run/systemd/journal/streams/9:40330
[2195] systemd D /run/user/1000/systemd/units/invocation:gvfs-udisks2-volume-monitor.service
[2195] systemd D /run/user/1000/systemd/units/invocation:gvfs-goa-volume-monitor.service
[2195] systemd D /run/user/1000/systemd/units/invocation:gvfs-gphoto2-volume-monitor.service
[2195] systemd D /run/user/1000/systemd/units/invocation:gvfs-afc-volume-monitor.service
[2195] systemd D /run/user/1000/systemd/units/invocation:gvfs-mtp-volume-monitor.service
[2195] systemd D /run/user/1000/systemd/units/invocation:gvfs-metadata.service
[2195] systemd D /run/user/1000/systemd/units/invocation:xdg-desktop-portal.service
[2195] systemd D /run/user/1000/systemd/units/invocation:update-notifier-release.service
[2195] systemd D /run/user/1000/systemd/units/invocation:org.gnome.SettingsDaemon.XSettings.service
[2195] systemd D /run/user/1000/systemd/units/invocation:org.gnome.SettingsDaemon.A11ySettings.service
[2195] systemd D /run/user/1000/systemd/units/invocation:org.gnome.SettingsDaemon.Datetime.service
[2195] systemd D /run/user/1000/systemd/units/invocation:org.gnome.SettingsDaemon.PrintNotifications.service
[2195] systemd D /run/user/1000/systemd/units/invocation:org.gnome.SettingsDaemon.Rfkill.service
[2195] systemd D /run/user/1000/systemd/units/invocation:org.gnome.SettingsDaemon.ScreensaverProxy.service
[2195] systemd O /home/capstone/.config/systemd/user.control
[2195] systemd O /home/capstone/.config/systemd/user
[2195] systemd O /home/capstone/.local/share/systemd/user
[2220] dbus-daemon O /home/capstone/.local/share/dbus-1/services
[2220] dbus-daemon O /home/capstone/.local/share/dbus-1/services
[5143] systemd-journal D /run/systemd/journal/streams/9:40379
[2195] systemd D /run/user/1000/systemd/units/invocation:org.gnome.SettingsDaemon.Smartcard.service
[5143] systemd-journal D /run/systemd/journal/streams/9:40394
[5143] systemd-journal D /run/systemd/journal/streams/9:40392
[2195] systemd D /run/user/1000/systemd/units/invocation:org.gnome.SettingsDaemon.Sharing.service
[2195] systemd D /run/user/1000/systemd/units/invocation:org.gnome.SettingsDaemon.Sound.service
[5143] systemd-journal D /run/systemd/journal/streams/9:41451
[2195] systemd D /run/user/1000/systemd/units/invocation:org.gnome.SettingsDaemon.Housekeeping.service
[2394] gnome-session-b O /home/capstone/.config/dconf/user
[2394] gnome-session-b O /home/capstone/.config/gnome-session/saved-session
[2394] gnome-session-b O /home/capstone/.config/gnome-session/saved-session/ReadMeForDecrypt.txt
[2394] gnome-session-b D /home/capstone/.config/gnome-session/saved-session/ReadMeForDecrypt.txt
[2394] gnome-session-b D /tmp/.ICE-unix/2394
[2436] dbus-daemon D /run/user/1000/at-spi/bus
[5143] systemd-journal D /run/systemd/journal/streams/9:27019
[5143] systemd-journal D /run/systemd/journal/streams/9:26941
[2195] systemd D /run/user/1000/systemd/units/invocation:app-gnome-at\x2dspi\x2ddbus\x2dbus-2420.scope
[2195] systemd D /run/user/1000/systemd/transient/app-gnome-at\x2dspi\x2ddbus\x2dbus-2420.scope
[5143] systemd-journal D /run/systemd/journal/streams/9:40421
[2195] systemd D /run/user/1000/systemd/units/invocation:gnome-session-manager@ubuntu.service
[5143] systemd-journal D /run/systemd/journal/streams/9:25989
[2195] systemd D /run/user/1000/systemd/units/invocation:gnome-session-monitor.service
[2195] systemd O /home/capstone/.config/systemd/user.control/graphical-session-pre.target
[2195] systemd O /home/capstone/.config/systemd/user/graphical-session-pre.target
[2195] systemd O /home/capstone/.local/share/systemd/user/graphical-session-pre.target
[2195] systemd O /home/capstone/.config/systemd/user.control
[2195] systemd O /home/capstone/.config/systemd/user
[2195] systemd O /home/capstone/.config/systemd/user/timers.target.wants
[2195] systemd O /home/capstone/.config/systemd/user/default.target.wants
[2195] systemd O /home/capstone/.local/share/systemd/user
[2195] systemd O /home/capstone/.config/systemd/user.control
[2195] systemd O /home/capstone/.config/systemd/user
[2195] systemd O /home/capstone/.config/systemd/user/timers.target.wants
[2195] systemd O /home/capstone/.config/systemd/user/default.target.wants
[2195] systemd O /home/capstone/.local/share/systemd/user
[5143] systemd-journal D /run/systemd/journal/streams/9:25940
[5120] apport O /home/capstone/.apport-ignore.xml
[5143] systemd-journal D /run/systemd/journal/streams/9:25898
[5143] systemd-journal D /run/systemd/journal/streams/9:25895
[5143] systemd-journal D /run/systemd/journal/streams/9:27262
[5143] systemd-journal D /run/systemd/journal/streams/9:27264
[2226] gnome-keyring-d D /run/user/1000/keyring/ssh
[2226] gnome-keyring-d D /run/user/1000/keyring/.ssh
[2226] gnome-keyring-d D /run/user/1000/keyring/pkcs11
[5143] systemd-journal D /run/systemd/journal/streams/9:25264
[5143] systemd-journal D /run/systemd/journal/streams/9:25262
[5143] systemd-journal D /run/systemd/journal/streams/9:27275
[1] systemd D /run/systemd/units/invocation:session-2.scope
[1] systemd D /run/systemd/transient/session-2.scope
[1259] systemd-logind D /run/systemd/sessions/2.ref
[5143] systemd-journal D /run/systemd/journal/streams/9:25657
[5143] systemd-journal D /run/systemd/journal/streams/9:27556
[1259] systemd-logind D /run/systemd/sessions/2
[5143] systemd-journal D /run/systemd/journal/streams/9:27803
[5143] systemd-journal D /run/systemd/journal/streams/9:27801
[5143] systemd-journal D /run/systemd/journal/streams/9:27705
[5143] systemd-journal D /run/systemd/journal/streams/9:27700
[5143] systemd-journal D /run/systemd/journal/streams/9:40444
[2195] systemd D /run/user/1000/systemd/units/invocation:gnome-keyring-daemon.service
[2195] systemd D /run/user/1000/systemd/units/invocation:dconf.service
[5302] whoopsie D /var/lock/whoopsie/lock
[2195] systemd D /run/user/1000/systemd/units/invocation:gnome-session-restart-dbus.service
[2195] systemd D /run/user/1000/systemd/units/invocation:app-gnome-org.gnome.SettingsDaemon.DiskUtilityNotify-2598.scope
[2195] systemd D /run/user/1000/systemd/transient/app-gnome-org.gnome.SettingsDaemon.DiskUtilityNotify-2598.scope
[1] systemd D /run/systemd/units/invocation:whoopsie.service
[5143] systemd-journal D /run/systemd/journal/streams/9:40465
[5143] systemd-journal D /run/systemd/journal/streams/9:25658
[5143] systemd-journal D /run/systemd/journal/streams/9:27816
[2195] systemd D /run/user/1000/systemd/units/invocation:evolution-calendar-factory.service
[5143] systemd-journal D /run/systemd/journal/streams/9:26549
[2195] systemd D /run/user/1000/systemd/units/invocation:evolution-addressbook-factory.service
[5143] systemd-journal D /run/systemd/journal/streams/9:27289
[2195] systemd D /run/user/1000/systemd/units/invocation:evolution-source-registry.service
[1620] gdm3 D /run/gdm3/dbus/dbus-cJWNUqO9
[1620] gdm3 D /run/gdm3/dbus/dbus-kKU8H4iv
[5143] systemd-journal D /run/systemd/journal/streams/9:40634
[5138] apport O /home/capstone/.apport-ignore.xml
[5349] whoopsie D /var/lock/whoopsie/lock
[5143] systemd-journal D /run/systemd/journal/streams/9:29746
[5143] systemd-journal D /run/systemd/journal/streams/9:40737
[2195] systemd D /run/user/1000/systemd/units/invocation:app-gnome-update\x2dnotifier-3381.scope
[2195] systemd D /run/user/1000/systemd/transient/app-gnome-update\x2dnotifier-3381.scope
[1] systemd D /run/systemd/units/invocation:whoopsie.service
[5343] systemd D /run/user/120/systemd/notify
[5343] systemd D /run/user/120/systemd/private
[2216] wireplumber C /home/capstone/.local/state/wireplumber/restore-stream.18V9L3
[2216] wireplumber O /home/capstone/.local/state/wireplumber
[5143] systemd-journal D /run/systemd/journal/streams/9:40889
[5143] systemd-journal D /run/systemd/journal/streams/9:40916
[5143] systemd-journal D /run/systemd/journal/streams/9:40862
[5393] gnome-session-b D /tmp/.ICE-unix/5393
[5393] gnome-session-b D /run/user/120/ICEauthority-c
[5393] gnome-session-b D /run/user/120/ICEauthority-l
[5343] systemd D /run/user/120/systemd/units/invocation:snap.snapd-desktop-integration.snapd-desktop-integration.service
[5143] systemd-journal D /run/systemd/journal/streams/9:41992
[5143] systemd-journal D /run/systemd/journal/streams/9:42160
[5143] systemd-journal D /run/systemd/journal/streams/9:42162
[449] systemd-udevd D /run/udev/queue
[449] systemd-udevd D /run/udev/queue
[449] systemd-udevd D disk\x2fby-diskseq\x2f38/.lock
[449] systemd-udevd D disk\x2fby-diskseq\x2f38
[449] systemd-udevd D snd\x2fby-path\x2fpci-0000:02:02.0/.lock
[449] systemd-udevd D snd\x2fby-path\x2fpci-0000:02:02.0
[449] systemd-udevd D input\x2fby-path\x2fpci-0000:02:00.0-usbv1-0:1:1.0-event-mouse/.lock
[449] systemd-udevd D input\x2fby-path\x2fpci-0000:02:00.0-usbv1-0:1:1.0-event-mouse
[449] systemd-udevd D input\x2fby-id\x2fusb-VMware_VMware_Virtual_USB_Mouse-event-mouse/.lock
[449] systemd-udevd D input\x2fby-id\x2fusb-VMware_VMware_Virtual_USB_Mouse-event-mouse
[449] systemd-udevd D input\x2fby-path\x2fpci-0000:02:00.0-usb-0:1:1.0-event-mouse/.lock
[449] systemd-udevd D input\x2fby-path\x2fpci-0000:02:00.0-usb-0:1:1.0-event-mouse
[449] systemd-udevd D input\x2fby-path\x2fplatform-i8042-serio-0-event-kbd/.lock
[449] systemd-udevd D input\x2fby-path\x2fplatform-i8042-serio-0-event-kbd
[449] systemd-udevd D input\x2fby-path\x2fpci-0000:02:00.0-usb-0:1:1.0-mouse/.lock
[449] systemd-udevd D input\x2fby-path\x2fpci-0000:02:00.0-usb-0:1:1.0-mouse
[449] systemd-udevd D input\x2fby-id\x2fusb-VMware_VMware_Virtual_USB_Mouse-mouse/.lock
[449] systemd-udevd D input\x2fby-id\x2fusb-VMware_VMware_Virtual_USB_Mouse-mouse
[449] systemd-udevd D input\x2fby-path\x2fpci-0000:02:00.0-usbv1-0:1:1.0-mouse/.lock
[449] systemd-udevd D input\x2fby-path\x2fpci-0000:02:00.0-usbv1-0:1:1.0-mouse
[449] systemd-udevd D disk\x2fby-uuid\x2f2025-08-05-18-20-26-00/.lock
[449] systemd-udevd D disk\x2fby-uuid\x2f2025-08-05-18-20-26-00
[449] systemd-udevd D disk\x2fby-label\x2fUbuntu\x5cx2024.04.3\x5cx20LTS\x5cx20amd64/.lock
[449] systemd-udevd D disk\x2fby-label\x2fUbuntu\x5cx2024.04.3\x5cx20LTS\x5cx20amd64
[449] systemd-udevd D input\x2fby-path\x2fplatform-i8042-serio-1-event-mouse/.lock
[449] systemd-udevd D input\x2fby-path\x2fplatform-i8042-serio-1-event-mouse
[449] systemd-udevd D input\x2fby-path\x2fplatform-i8042-serio-1-mouse/.lock
[449] systemd-udevd D input\x2fby-path\x2fplatform-i8042-serio-1-mouse
[449] systemd-udevd D cdrom/.lock
[449] systemd-udevd D cdrom
[449] systemd-udevd D disk\x2fby-loop-inode\x2f8:2-3021766/.lock
[449] systemd-udevd D disk\x2fby-loop-inode\x2f8:2-3021766
[449] systemd-udevd D disk\x2fby-diskseq\x2f24/.lock
[449] systemd-udevd D disk\x2fby-diskseq\x2f24
[449] systemd-udevd D disk\x2fby-loop-ref\x2f\x5cx2fvar\x5cx2flib\x5cx2fsnapd\x5cx2fsnaps\x5cx2fcore22_2045.snap/.lock
[449] systemd-udevd D disk\x2fby-loop-ref\x2f\x5cx2fvar\x5cx2flib\x5cx2fsnapd\x5cx2fsnaps\x5cx2fcore22_2045.snap
[449] systemd-udevd D disk\x2fby-diskseq\x2f25/.lock
[449] systemd-udevd D disk\x2fby-diskseq\x2f25
[449] systemd-udevd D disk\x2fby-loop-inode\x2f8:2-3021767/.lock
[449] systemd-udevd D disk\x2fby-loop-inode\x2f8:2-3021767
[449] systemd-udevd D disk\x2fby-loop-ref\x2f\x5cx2fvar\x5cx2flib\x5cx2fsnapd\x5cx2fsnaps\x5cx2ffirefox_6565.snap/.lock
[449] systemd-udevd D disk\x2fby-loop-ref\x2f\x5cx2fvar\x5cx2flib\x5cx2fsnapd\x5cx2fsnaps\x5cx2ffirefox_6565.snap
[449] systemd-udevd D disk\x2fby-loop-inode\x2f8:2-3021770/.lock
[449] systemd-udevd D disk\x2fby-loop-inode\x2f8:2-3021770
[449] systemd-udevd D disk\x2fby-diskseq\x2f29/.lock
[449] systemd-udevd D disk\x2fby-diskseq\x2f29
[449] systemd-udevd D disk\x2fby-loop-ref\x2f\x5cx2fvar\x5cx2flib\x5cx2fsnapd\x5cx2fsnaps\x5cx2fgtk-common-themes_1535.snap/.lock
[449] systemd-udevd D disk\x2fby-loop-ref\x2f\x5cx2fvar\x5cx2flib\x5cx2fsnapd\x5cx2fsnaps\x5cx2fgtk-common-themes_1535.snap
[449] systemd-udevd D disk\x2fby-loop-inode\x2f8:2-3021773/.lock
[449] systemd-udevd D disk\x2fby-loop-inode\x2f8:2-3021773
[449] systemd-udevd D disk\x2fby-loop-ref\x2f\x5cx2fvar\x5cx2flib\x5cx2fsnapd\x5cx2fsnaps\x5cx2fsnapd_24792.snap/.lock
[449] systemd-udevd D disk\x2fby-loop-ref\x2f\x5cx2fvar\x5cx2flib\x5cx2fsnapd\x5cx2fsnaps\x5cx2fsnapd_24792.snap
[449] systemd-udevd D disk\x2fby-diskseq\x2f36/.lock
[449] systemd-udevd D disk\x2fby-diskseq\x2f36
[449] systemd-udevd D disk\x2fby-loop-ref\x2f\x5cx2fvar\x5cx2flib\x5cx2fsnapd\x5cx2fsnaps\x5cx2fgnome-42-2204_202.snap/.lock
[449] systemd-udevd D disk\x2fby-loop-ref\x2f\x5cx2fvar\x5cx2flib\x5cx2fsnapd\x5cx2fsnaps\x5cx2fgnome-42-2204_202.snap
[449] systemd-udevd D disk\x2fby-diskseq\x2f27/.lock
[449] systemd-udevd D disk\x2fby-diskseq\x2f27
[449] systemd-udevd D disk\x2fby-loop-inode\x2f8:2-3021769/.lock
[449] systemd-udevd D disk\x2fby-loop-inode\x2f8:2-3021769
[449] systemd-udevd D disk\x2fby-diskseq\x2f26/.lock
[449] systemd-udevd D disk\x2fby-diskseq\x2f26
[449] systemd-udevd D disk\x2fby-loop-inode\x2f8:2-3021768/.lock
[449] systemd-udevd D disk\x2fby-loop-inode\x2f8:2-3021768
[449] systemd-udevd D disk\x2fby-loop-ref\x2f\x5cx2fvar\x5cx2flib\x5cx2fsnapd\x5cx2fsnaps\x5cx2ffirmware-updater_167.snap/.lock
[449] systemd-udevd D disk\x2fby-loop-ref\x2f\x5cx2fvar\x5cx2flib\x5cx2fsnapd\x5cx2fsnaps\x5cx2ffirmware-updater_167.snap
[449] systemd-udevd D disk\x2fby-diskseq\x2f35/.lock
[449] systemd-udevd D disk\x2fby-diskseq\x2f35
[449] systemd-udevd D disk\x2fby-loop-ref\x2f\x5cx2fvar\x5cx2flib\x5cx2fsnapd\x5cx2fsnaps\x5cx2fsnap-store_1270.snap/.lock
[449] systemd-udevd D disk\x2fby-loop-ref\x2f\x5cx2fvar\x5cx2flib\x5cx2fsnapd\x5cx2fsnaps\x5cx2fsnap-store_1270.snap
[449] systemd-udevd D disk\x2fby-loop-inode\x2f8:2-3021771/.lock
[449] systemd-udevd D disk\x2fby-loop-inode\x2f8:2-3021771
[449] systemd-udevd D disk\x2fby-loop-ref\x2f\x5cx2fvar\x5cx2flib\x5cx2fsnapd\x5cx2fsnaps\x5cx2ffirmware-updater_216.snap/.lock
[449] systemd-udevd D disk\x2fby-loop-ref\x2f\x5cx2fvar\x5cx2flib\x5cx2fsnapd\x5cx2fsnaps\x5cx2ffirmware-updater_216.snap
[449] systemd-udevd D disk\x2fby-loop-inode\x2f8:2-3015171/.lock
[449] systemd-udevd D disk\x2fby-loop-inode\x2f8:2-3015171
[449] systemd-udevd D disk\x2fby-diskseq\x2f28/.lock
[449] systemd-udevd D disk\x2fby-diskseq\x2f28
[449] systemd-udevd D disk\x2fby-diskseq\x2f30/.lock
[449] systemd-udevd D disk\x2fby-diskseq\x2f30
[449] systemd-udevd D disk\x2fby-loop-inode\x2f8:2-3015238/.lock
[449] systemd-udevd D disk\x2fby-loop-inode\x2f8:2-3015238
[449] systemd-udevd D disk\x2fby-loop-ref\x2f\x5cx2fvar\x5cx2flib\x5cx2fsnapd\x5cx2fsnaps\x5cx2fsnapd-desktop-integration_343.snap/.lock
[449] systemd-udevd D disk\x2fby-loop-ref\x2f\x5cx2fvar\x5cx2flib\x5cx2fsnapd\x5cx2fsnaps\x5cx2fsnapd-desktop-integration_343.snap
[449] systemd-udevd D disk\x2fby-loop-ref\x2f\x5cx2fvar\x5cx2flib\x5cx2fsnapd\x5cx2fsnaps\x5cx2fsnapd-desktop-integration_315.snap/.lock
[449] systemd-udevd D disk\x2fby-loop-ref\x2f\x5cx2fvar\x5cx2flib\x5cx2fsnapd\x5cx2fsnaps\x5cx2fsnapd-desktop-integration_315.snap
[449] systemd-udevd D disk\x2fby-loop-inode\x2f8:2-3021772/.lock
[449] systemd-udevd D disk\x2fby-loop-inode\x2f8:2-3021772
[449] systemd-udevd D disk\x2fby-diskseq\x2f32/.lock
[449] systemd-udevd D disk\x2fby-diskseq\x2f32
[449] systemd-udevd D disk\x2fby-diskseq\x2f23/.lock
[449] systemd-udevd D disk\x2fby-diskseq\x2f23
[449] systemd-udevd D disk\x2fby-loop-ref\x2f\x5cx2fvar\x5cx2flib\x5cx2fsnapd\x5cx2fsnaps\x5cx2fbare_5.snap/.lock
[449] systemd-udevd D disk\x2fby-loop-ref\x2f\x5cx2fvar\x5cx2flib\x5cx2fsnapd\x5cx2fsnaps\x5cx2fbare_5.snap
[449] systemd-udevd D disk\x2fby-loop-inode\x2f8:2-3021765/.lock
[449] systemd-udevd D disk\x2fby-loop-inode\x2f8:2-3021765
[449] systemd-udevd D dri\x2fby-path\x2fpci-0000:00:0f.0-card/.lock
[449] systemd-udevd D dri\x2fby-path\x2fpci-0000:00:0f.0-card
[449] systemd-udevd D dri\x2fby-path\x2fpci-0000:00:0f.0-render/.lock
[449] systemd-udevd D dri\x2fby-path\x2fpci-0000:00:0f.0-render
[449] systemd-udevd D disk\x2fby-diskseq\x2f20/.lock
[449] systemd-udevd D disk\x2fby-diskseq\x2f20
[449] systemd-udevd D disk\x2fby-id\x2fata-VMware_Virtual_SATA_CDRW_Drive_00000000000000000001/.lock
[449] systemd-udevd D disk\x2fby-id\x2fata-VMware_Virtual_SATA_CDRW_Drive_00000000000000000001
[449] systemd-udevd D disk\x2fby-path\x2fpci-0000:02:04.0-ata-1.0/.lock
[449] systemd-udevd D disk\x2fby-path\x2fpci-0000:02:04.0-ata-1.0
[449] systemd-udevd D disk\x2fby-path\x2fpci-0000:02:04.0-ata-1/.lock
[449] systemd-udevd D disk\x2fby-path\x2fpci-0000:02:04.0-ata-1
[5475] at-spi-bus-laun D /run/user/120/at-spi/bus
[5442] gnome-shell D /tmp/.X11-unix/X1024
[5442] gnome-shell D /tmp/.X11-unix/X1025
[5488] whoopsie D /var/lock/whoopsie/lock
[5143] systemd-journal D /run/systemd/journal/streams/9:42287
[1] systemd D /run/systemd/units/invocation:whoopsie.service
[5143] systemd-journal D /run/systemd/journal/streams/9:29293
[2195] systemd D /run/user/1000/systemd/units/invocation:dbus.service
[5493] dbus-daemon O /home/capstone/.local/share/dbus-1/services
[5143] systemd-journal D /run/systemd/journal/streams/9:28838
[449] systemd-udevd D /run/udev/queue
[2195] systemd D /run/user/1000/systemd/units/invocation:snap.snapd-desktop-integration.snapd-desktop-integration.service
[5523] packagekitd D /var/cache/PackageKit/downloads/ReadMeForDecrypt.txt
[5523] packagekitd D /var/lib/PackageKit/transactions.db-journal
[5523] packagekitd D /var/lib/PackageKit/transactions.db-journal
[5523] packagekitd D /var/lib/PackageKit/transactions.db-journal
[5523] packagekitd D /var/lib/PackageKit/transactions.db-journal
[5523] packagekitd D /var/lib/PackageKit/transactions.db-journal
[5143] systemd-journal D /run/systemd/journal/streams/9:43056
[5143] systemd-journal D /run/systemd/journal/streams/9:43057
[5143] systemd-journal D /run/systemd/journal/streams/9:43063
[5143] systemd-journal D /run/systemd/journal/streams/9:43064
[5143] systemd-journal D /run/systemd/journal/streams/9:43068
[5143] systemd-journal D /run/systemd/journal/streams/9:43070
[5143] systemd-journal D /run/systemd/journal/streams/9:43074
[5143] systemd-journal D /run/systemd/journal/streams/9:43075
[5143] systemd-journal D /run/systemd/journal/streams/9:43077
[5143] systemd-journal D /run/systemd/journal/streams/9:43078
[5143] systemd-journal D /run/systemd/journal/streams/9:43079
[5143] systemd-journal D /run/systemd/journal/streams/9:43080
[5143] systemd-journal D /run/systemd/journal/streams/9:43083
[5143] systemd-journal D /run/systemd/journal/streams/9:43084
[5143] systemd-journal D /run/systemd/journal/streams/9:43127
[5143] systemd-journal D /run/systemd/journal/streams/9:43126
[5143] systemd-journal D /run/systemd/journal/streams/9:43131
[5143] systemd-journal D /run/systemd/journal/streams/9:43132
[5143] systemd-journal D /run/systemd/journal/streams/9:43133
[5143] systemd-journal D /run/systemd/journal/streams/9:43138
[5143] systemd-journal D /run/systemd/journal/streams/9:43134
[5143] systemd-journal D /run/systemd/journal/streams/9:43136
[5143] systemd-journal D /run/systemd/journal/streams/9:43137
[5143] systemd-journal D /run/systemd/journal/streams/9:43139
[5143] systemd-journal D /run/systemd/journal/streams/9:43142
[5143] systemd-journal D /run/systemd/journal/streams/9:43143
[5143] systemd-journal D /run/systemd/journal/streams/9:43147
[5143] systemd-journal D /run/systemd/journal/streams/9:43148
[5143] systemd-journal D /run/systemd/journal/streams/9:43095
[5143] systemd-journal D /run/systemd/journal/streams/9:43097
[5442] gnome-shell D /var/lib/gdm3/.cache/fontconfig/CACHEDIR.TAG.TMP-lemRzr
[5442] gnome-shell D /var/lib/gdm3/.cache/fontconfig/CACHEDIR.TAG.NEW
[5442] gnome-shell D /var/lib/gdm3/.cache/fontconfig/CACHEDIR.TAG.LCK
[5442] gnome-shell D /var/lib/gdm3/.cache/fontconfig//3830d5c3ddfd5cd38a049b759396e72e-le64.cache-9.TMP-atLgUG
[5442] gnome-shell D /var/lib/gdm3/.cache/fontconfig//3830d5c3ddfd5cd38a049b759396e72e-le64.cache-9.NEW
[5442] gnome-shell D /var/lib/gdm3/.cache/fontconfig//3830d5c3ddfd5cd38a049b759396e72e-le64.cache-9.LCK
[5442] gnome-shell D /var/lib/gdm3/.cache/fontconfig//4c599c202bc5c08e2d34565a40eac3b2-le64.cache-9.TMP-62nMKs
[5442] gnome-shell D /var/lib/gdm3/.cache/fontconfig//4c599c202bc5c08e2d34565a40eac3b2-le64.cache-9.NEW
[5442] gnome-shell D /var/lib/gdm3/.cache/fontconfig//4c599c202bc5c08e2d34565a40eac3b2-le64.cache-9.LCK
[5442] gnome-shell D /var/lib/gdm3/.cache/fontconfig//c855463f699352c367813e37f3f70ea7-le64.cache-9.TMP-vlDvcp
[5442] gnome-shell D /var/lib/gdm3/.cache/fontconfig//c855463f699352c367813e37f3f70ea7-le64.cache-9.NEW
[5442] gnome-shell D /var/lib/gdm3/.cache/fontconfig//c855463f699352c367813e37f3f70ea7-le64.cache-9.LCK
[5442] gnome-shell D /var/lib/gdm3/.cache/fontconfig//32b6488e5b8292a2e95c79d947e009e8-le64.cache-9.TMP-mG85zk
[5442] gnome-shell D /var/lib/gdm3/.cache/fontconfig//32b6488e5b8292a2e95c79d947e009e8-le64.cache-9.NEW
[5442] gnome-shell D /var/lib/gdm3/.cache/fontconfig//32b6488e5b8292a2e95c79d947e009e8-le64.cache-9.LCK
[5442] gnome-shell D /var/lib/gdm3/.cache/fontconfig//57e423e26b20ab21d0f2f29c145174c3-le64.cache-9.TMP-IcQ3sk
[5442] gnome-shell D /var/lib/gdm3/.cache/fontconfig//57e423e26b20ab21d0f2f29c145174c3-le64.cache-9.NEW
[5442] gnome-shell D /var/lib/gdm3/.cache/fontconfig//57e423e26b20ab21d0f2f29c145174c3-le64.cache-9.LCK
[5442] gnome-shell D /var/lib/gdm3/.cache/fontconfig//573ec803664ed168555e0e8b6d0f0c7f-le64.cache-9.TMP-s6ietI
[5442] gnome-shell D /var/lib/gdm3/.cache/fontconfig//573ec803664ed168555e0e8b6d0f0c7f-le64.cache-9.NEW
[5442] gnome-shell D /var/lib/gdm3/.cache/fontconfig//573ec803664ed168555e0e8b6d0f0c7f-le64.cache-9.LCK
[5442] gnome-shell D /var/lib/gdm3/.cache/fontconfig//7ef2298fde41cc6eeb7af42e48b7d293-le64.cache-9.TMP-AdNu5q
[5442] gnome-shell D /var/lib/gdm3/.cache/fontconfig//7ef2298fde41cc6eeb7af42e48b7d293-le64.cache-9.NEW
[5442] gnome-shell D /var/lib/gdm3/.cache/fontconfig//7ef2298fde41cc6eeb7af42e48b7d293-le64.cache-9.LCK
[5442] gnome-shell D /var/lib/gdm3/.cache/fontconfig//d82eb4fd963d448e2fcb7d7b793b5df3-le64.cache-9.TMP-h3XbrJ
[5442] gnome-shell D /var/lib/gdm3/.cache/fontconfig//d82eb4fd963d448e2fcb7d7b793b5df3-le64.cache-9.NEW
[5442] gnome-shell D /var/lib/gdm3/.cache/fontconfig//d82eb4fd963d448e2fcb7d7b793b5df3-le64.cache-9.LCK
[5573] ibus-daemon D /var/lib/gdm3/.config/ibus/bus/2bff01648ca94555b49cfb48f8161912-unix-wayland-0
[5573] ibus-daemon D /var/lib/gdm3/.config/ibus/bus/2bff01648ca94555b49cfb48f8161912-unix-1024
[5442] gnome-shell D /var/lib/gdm3/.cache/fontconfig//e13b20fdb08344e0e664864cc2ede53d-le64.cache-9.TMP-RAKd7j
[5442] gnome-shell D /var/lib/gdm3/.cache/fontconfig//e13b20fdb08344e0e664864cc2ede53d-le64.cache-9.NEW
[5442] gnome-shell D /var/lib/gdm3/.cache/fontconfig//e13b20fdb08344e0e664864cc2ede53d-le64.cache-9.LCK
[5442] gnome-shell D /var/lib/gdm3/.cache/fontconfig//707971e003b4ae6c8121c3a920e507f5-le64.cache-9.TMP-HWA5Ca
[5442] gnome-shell D /var/lib/gdm3/.cache/fontconfig//707971e003b4ae6c8121c3a920e507f5-le64.cache-9.NEW
[5442] gnome-shell D /var/lib/gdm3/.cache/fontconfig//707971e003b4ae6c8121c3a920e507f5-le64.cache-9.LCK
[5442] gnome-shell D /var/lib/gdm3/.cache/fontconfig//cabbd14511b9e8a55e92af97fb3a0461-le64.cache-9.TMP-5l6HKF
[5442] gnome-shell D /var/lib/gdm3/.cache/fontconfig//cabbd14511b9e8a55e92af97fb3a0461-le64.cache-9.NEW
[5442] gnome-shell D /var/lib/gdm3/.cache/fontconfig//cabbd14511b9e8a55e92af97fb3a0461-le64.cache-9.LCK
[5442] gnome-shell D /var/lib/gdm3/.cache/fontconfig//fe547fea3a41b43a38975d292a2b19c7-le64.cache-9.TMP-vDXSEC
[5442] gnome-shell D /var/lib/gdm3/.cache/fontconfig//fe547fea3a41b43a38975d292a2b19c7-le64.cache-9.NEW
[5442] gnome-shell D /var/lib/gdm3/.cache/fontconfig//fe547fea3a41b43a38975d292a2b19c7-le64.cache-9.LCK
[5498] gjs D /var/lib/gdm3/.cache/fontconfig//cabbd14511b9e8a55e92af97fb3a0461-le64.cache-9.TMP-BV6k6V
[5498] gjs D /var/lib/gdm3/.cache/fontconfig//cabbd14511b9e8a55e92af97fb3a0461-le64.cache-9.NEW
[5498] gjs D /var/lib/gdm3/.cache/fontconfig//cabbd14511b9e8a55e92af97fb3a0461-le64.cache-9.LCK
[5442] gnome-shell D /var/lib/gdm3/.cache/fontconfig//f1f2465696798768e9653f19e17ccdc8-le64.cache-9.TMP-Fzr2jM
[5442] gnome-shell D /var/lib/gdm3/.cache/fontconfig//f1f2465696798768e9653f19e17ccdc8-le64.cache-9.NEW
[5442] gnome-shell D /var/lib/gdm3/.cache/fontconfig//f1f2465696798768e9653f19e17ccdc8-le64.cache-9.LCK
[5498] gjs D /var/lib/gdm3/.cache/fontconfig//f1f2465696798768e9653f19e17ccdc8-le64.cache-9.TMP-DwhkVR
[5498] gjs D /var/lib/gdm3/.cache/fontconfig//f1f2465696798768e9653f19e17ccdc8-le64.cache-9.NEW
[5498] gjs D /var/lib/gdm3/.cache/fontconfig//f1f2465696798768e9653f19e17ccdc8-le64.cache-9.LCK
[5442] gnome-shell D /var/lib/gdm3/.cache/fontconfig//95530828ff6c81d309f8258d8d02a23e-le64.cache-9.TMP-KipFpl
[5442] gnome-shell D /var/lib/gdm3/.cache/fontconfig//95530828ff6c81d309f8258d8d02a23e-le64.cache-9.NEW
[5442] gnome-shell D /var/lib/gdm3/.cache/fontconfig//95530828ff6c81d309f8258d8d02a23e-le64.cache-9.LCK
[5498] gjs D /var/lib/gdm3/.cache/fontconfig//95530828ff6c81d309f8258d8d02a23e-le64.cache-9.TMP-YDayFn
[5498] gjs D /var/lib/gdm3/.cache/fontconfig//95530828ff6c81d309f8258d8d02a23e-le64.cache-9.NEW
[5498] gjs D /var/lib/gdm3/.cache/fontconfig//95530828ff6c81d309f8258d8d02a23e-le64.cache-9.LCK
[5442] gnome-shell D /var/lib/gdm3/.cache/fontconfig//d3e5c4ee2ceb1fc347f91d4cefc53bc0-le64.cache-9.TMP-A0TXRn
[5442] gnome-shell D /var/lib/gdm3/.cache/fontconfig//d3e5c4ee2ceb1fc347f91d4cefc53bc0-le64.cache-9.NEW
[5442] gnome-shell D /var/lib/gdm3/.cache/fontconfig//d3e5c4ee2ceb1fc347f91d4cefc53bc0-le64.cache-9.LCK
[5442] gnome-shell D /var/lib/gdm3/.cache/fontconfig//e52a45a1c8c8fe895fc0fc8c4e6999b8-le64.cache-9.TMP-h6KLSk
[5442] gnome-shell D /var/lib/gdm3/.cache/fontconfig//e52a45a1c8c8fe895fc0fc8c4e6999b8-le64.cache-9.NEW
[5442] gnome-shell D /var/lib/gdm3/.cache/fontconfig//e52a45a1c8c8fe895fc0fc8c4e6999b8-le64.cache-9.LCK
[5498] gjs D /var/lib/gdm3/.cache/fontconfig//d3e5c4ee2ceb1fc347f91d4cefc53bc0-le64.cache-9.TMP-9qCVHm
[5498] gjs D /var/lib/gdm3/.cache/fontconfig//d3e5c4ee2ceb1fc347f91d4cefc53bc0-le64.cache-9.NEW
[5498] gjs D /var/lib/gdm3/.cache/fontconfig//d3e5c4ee2ceb1fc347f91d4cefc53bc0-le64.cache-9.LCK
[5442] gnome-shell D /var/lib/gdm3/.cache/fontconfig//188ac73a183f12857f63bb60a4a6d603-le64.cache-9.TMP-LShl3T
[5442] gnome-shell D /var/lib/gdm3/.cache/fontconfig//188ac73a183f12857f63bb60a4a6d603-le64.cache-9.NEW
[5442] gnome-shell D /var/lib/gdm3/.cache/fontconfig//188ac73a183f12857f63bb60a4a6d603-le64.cache-9.LCK
[5498] gjs D /var/lib/gdm3/.cache/fontconfig//188ac73a183f12857f63bb60a4a6d603-le64.cache-9.TMP-na5Hjh
[5498] gjs D /var/lib/gdm3/.cache/fontconfig//188ac73a183f12857f63bb60a4a6d603-le64.cache-9.NEW
[5498] gjs D /var/lib/gdm3/.cache/fontconfig//188ac73a183f12857f63bb60a4a6d603-le64.cache-9.LCK
[5442] gnome-shell D /var/lib/gdm3/.cache/fontconfig//9b89f8e3dae116d678bbf48e5f21f69b-le64.cache-9.TMP-COphm4
[5442] gnome-shell D /var/lib/gdm3/.cache/fontconfig//9b89f8e3dae116d678bbf48e5f21f69b-le64.cache-9.NEW
[5442] gnome-shell D /var/lib/gdm3/.cache/fontconfig//9b89f8e3dae116d678bbf48e5f21f69b-le64.cache-9.LCK
[5442] gnome-shell D /var/lib/gdm3/.cache/fontconfig//6cc790b63b123a6a96ee260fcdad32a9-le64.cache-9.TMP-KQE2o5
[5442] gnome-shell D /var/lib/gdm3/.cache/fontconfig//6cc790b63b123a6a96ee260fcdad32a9-le64.cache-9.NEW
[5442] gnome-shell D /var/lib/gdm3/.cache/fontconfig//6cc790b63b123a6a96ee260fcdad32a9-le64.cache-9.LCK
[5498] gjs D /var/lib/gdm3/.cache/fontconfig//9b89f8e3dae116d678bbf48e5f21f69b-le64.cache-9.TMP-Nt5IW6
[5498] gjs D /var/lib/gdm3/.cache/fontconfig//9b89f8e3dae116d678bbf48e5f21f69b-le64.cache-9.NEW
[5498] gjs D /var/lib/gdm3/.cache/fontconfig//9b89f8e3dae116d678bbf48e5f21f69b-le64.cache-9.LCK
[5442] gnome-shell D /var/lib/gdm3/.cache/fontconfig//d589a48862398ed80a3d6066f4f56f4c-le64.cache-9.TMP-bR6h6z
[5442] gnome-shell D /var/lib/gdm3/.cache/fontconfig//d589a48862398ed80a3d6066f4f56f4c-le64.cache-9.NEW
[5442] gnome-shell D /var/lib/gdm3/.cache/fontconfig//d589a48862398ed80a3d6066f4f56f4c-le64.cache-9.LCK
[5498] gjs D /var/lib/gdm3/.cache/fontconfig//d589a48862398ed80a3d6066f4f56f4c-le64.cache-9.TMP-odE4dL
[5498] gjs D /var/lib/gdm3/.cache/fontconfig//d589a48862398ed80a3d6066f4f56f4c-le64.cache-9.NEW
[5498] gjs D /var/lib/gdm3/.cache/fontconfig//d589a48862398ed80a3d6066f4f56f4c-le64.cache-9.LCK
[5442] gnome-shell D /var/lib/gdm3/.cache/fontconfig//3f7329c5293ffd510edef78f73874cfd-le64.cache-9.TMP-ga2sLz
[5442] gnome-shell D /var/lib/gdm3/.cache/fontconfig//3f7329c5293ffd510edef78f73874cfd-le64.cache-9.NEW
[5442] gnome-shell D /var/lib/gdm3/.cache/fontconfig//3f7329c5293ffd510edef78f73874cfd-le64.cache-9.LCK
[5498] gjs D /var/lib/gdm3/.cache/fontconfig//3047814df9a2f067bd2d96a2b9c36e5a-le64.cache-9.TMP-C3enD1
[5498] gjs D /var/lib/gdm3/.cache/fontconfig//3047814df9a2f067bd2d96a2b9c36e5a-le64.cache-9.NEW
[5498] gjs D /var/lib/gdm3/.cache/fontconfig//3047814df9a2f067bd2d96a2b9c36e5a-le64.cache-9.LCK
[5442] gnome-shell D /var/lib/gdm3/.cache/fontconfig//3047814df9a2f067bd2d96a2b9c36e5a-le64.cache-9.TMP-bj3gph
[5442] gnome-shell D /var/lib/gdm3/.cache/fontconfig//3047814df9a2f067bd2d96a2b9c36e5a-le64.cache-9.NEW
[5442] gnome-shell D /var/lib/gdm3/.cache/fontconfig//3047814df9a2f067bd2d96a2b9c36e5a-le64.cache-9.LCK
[5498] gjs D /var/lib/gdm3/.cache/fontconfig//0bd3dc0958fa2205aaaa8ebb13e2872b-le64.cache-9.TMP-6wnfJx
[5498] gjs D /var/lib/gdm3/.cache/fontconfig//0bd3dc0958fa2205aaaa8ebb13e2872b-le64.cache-9.NEW
[5498] gjs D /var/lib/gdm3/.cache/fontconfig//0bd3dc0958fa2205aaaa8ebb13e2872b-le64.cache-9.LCK
[5498] gjs D /var/lib/gdm3/.cache/fontconfig//2300eef321c393bfd76478a5c0e95b23-le64.cache-9.TMP-FdS694
[5498] gjs D /var/lib/gdm3/.cache/fontconfig//2300eef321c393bfd76478a5c0e95b23-le64.cache-9.NEW
[5498] gjs D /var/lib/gdm3/.cache/fontconfig//2300eef321c393bfd76478a5c0e95b23-le64.cache-9.LCK
[5442] gnome-shell D /var/lib/gdm3/.cache/fontconfig//0bd3dc0958fa2205aaaa8ebb13e2872b-le64.cache-9.TMP-CuAnjJ
[5442] gnome-shell D /var/lib/gdm3/.cache/fontconfig//0bd3dc0958fa2205aaaa8ebb13e2872b-le64.cache-9.NEW
[5442] gnome-shell D /var/lib/gdm3/.cache/fontconfig//0bd3dc0958fa2205aaaa8ebb13e2872b-le64.cache-9.LCK
[5498] gjs D /var/lib/gdm3/.cache/fontconfig//a4e60e8d1e10d2fdff3fe3037a1845fb-le64.cache-9.TMP-xramSY
[5498] gjs D /var/lib/gdm3/.cache/fontconfig//a4e60e8d1e10d2fdff3fe3037a1845fb-le64.cache-9.NEW
[5498] gjs D /var/lib/gdm3/.cache/fontconfig//a4e60e8d1e10d2fdff3fe3037a1845fb-le64.cache-9.LCK
[5498] gjs D /var/lib/gdm3/.cache/fontconfig//6333f38776742d18e214673cd2c24e34-le64.cache-9.TMP-XpJuri
[5498] gjs D /var/lib/gdm3/.cache/fontconfig//6333f38776742d18e214673cd2c24e34-le64.cache-9.NEW
[5498] gjs D /var/lib/gdm3/.cache/fontconfig//6333f38776742d18e214673cd2c24e34-le64.cache-9.LCK
[5442] gnome-shell D /var/lib/gdm3/.cache/fontconfig//a4e60e8d1e10d2fdff3fe3037a1845fb-le64.cache-9.TMP-TsFCkj
[5442] gnome-shell D /var/lib/gdm3/.cache/fontconfig//a4e60e8d1e10d2fdff3fe3037a1845fb-le64.cache-9.NEW
[5442] gnome-shell D /var/lib/gdm3/.cache/fontconfig//a4e60e8d1e10d2fdff3fe3037a1845fb-le64.cache-9.LCK
[5746] xkbcomp D /run/user/120/server-1024.xkm
[5482] Xwayland D /run/user/120/server-1024.xkm
[449] systemd-udevd D /run/udev/queue
[449] systemd-udevd D /run/udev/queue
[449] systemd-udevd D disk\x2fby-diskseq\x2f38/.lock
[449] systemd-udevd D disk\x2fby-diskseq\x2f38
[449] systemd-udevd D snd\x2fby-path\x2fpci-0000:02:02.0/.lock
[449] systemd-udevd D snd\x2fby-path\x2fpci-0000:02:02.0
[449] systemd-udevd D input\x2fby-path\x2fpci-0000:02:00.0-usbv1-0:1:1.0-event-mouse/.lock
[449] systemd-udevd D input\x2fby-path\x2fpci-0000:02:00.0-usbv1-0:1:1.0-event-mouse
[449] systemd-udevd D input\x2fby-id\x2fusb-VMware_VMware_Virtual_USB_Mouse-event-mouse/.lock
[449] systemd-udevd D input\x2fby-id\x2fusb-VMware_VMware_Virtual_USB_Mouse-event-mouse
[449] systemd-udevd D input\x2fby-path\x2fpci-0000:02:00.0-usb-0:1:1.0-event-mouse/.lock
[449] systemd-udevd D input\x2fby-path\x2fpci-0000:02:00.0-usb-0:1:1.0-event-mouse
[449] systemd-udevd D input\x2fby-path\x2fplatform-i8042-serio-0-event-kbd/.lock
[449] systemd-udevd D input\x2fby-path\x2fplatform-i8042-serio-0-event-kbd
[449] systemd-udevd D input\x2fby-path\x2fpci-0000:02:00.0-usb-0:1:1.0-mouse/.lock
[449] systemd-udevd D input\x2fby-path\x2fpci-0000:02:00.0-usb-0:1:1.0-mouse
[449] systemd-udevd D input\x2fby-id\x2fusb-VMware_VMware_Virtual_USB_Mouse-mouse/.lock
[449] systemd-udevd D input\x2fby-id\x2fusb-VMware_VMware_Virtual_USB_Mouse-mouse
[449] systemd-udevd D input\x2fby-path\x2fpci-0000:02:00.0-usbv1-0:1:1.0-mouse/.lock
[449] systemd-udevd D input\x2fby-path\x2fpci-0000:02:00.0-usbv1-0:1:1.0-mouse
[449] systemd-udevd D disk\x2fby-uuid\x2f2025-08-05-18-20-26-00/.lock
[449] systemd-udevd D disk\x2fby-uuid\x2f2025-08-05-18-20-26-00
[449] systemd-udevd D disk\x2fby-label\x2fUbuntu\x5cx2024.04.3\x5cx20LTS\x5cx20amd64/.lock
[449] systemd-udevd D disk\x2fby-label\x2fUbuntu\x5cx2024.04.3\x5cx20LTS\x5cx20amd64
[449] systemd-udevd D input\x2fby-path\x2fplatform-i8042-serio-1-event-mouse/.lock
[449] systemd-udevd D input\x2fby-path\x2fplatform-i8042-serio-1-event-mouse
[449] systemd-udevd D input\x2fby-path\x2fplatform-i8042-serio-1-mouse/.lock
[449] systemd-udevd D input\x2fby-path\x2fplatform-i8042-serio-1-mouse
[449] systemd-udevd D cdrom/.lock
[449] systemd-udevd D cdrom
[449] systemd-udevd D disk\x2fby-loop-inode\x2f8:2-3021766/.lock
[449] systemd-udevd D disk\x2fby-loop-inode\x2f8:2-3021766
[449] systemd-udevd D disk\x2fby-diskseq\x2f24/.lock
[449] systemd-udevd D disk\x2fby-diskseq\x2f24
[449] systemd-udevd D disk\x2fby-loop-ref\x2f\x5cx2fvar\x5cx2flib\x5cx2fsnapd\x5cx2fsnaps\x5cx2fcore22_2045.snap/.lock
[449] systemd-udevd D disk\x2fby-loop-ref\x2f\x5cx2fvar\x5cx2flib\x5cx2fsnapd\x5cx2fsnaps\x5cx2fcore22_2045.snap
[449] systemd-udevd D disk\x2fby-diskseq\x2f25/.lock
[449] systemd-udevd D disk\x2fby-diskseq\x2f25
[449] systemd-udevd D disk\x2fby-loop-inode\x2f8:2-3021767/.lock
[449] systemd-udevd D disk\x2fby-loop-inode\x2f8:2-3021767
[449] systemd-udevd D disk\x2fby-loop-ref\x2f\x5cx2fvar\x5cx2flib\x5cx2fsnapd\x5cx2fsnaps\x5cx2ffirefox_6565.snap/.lock
[449] systemd-udevd D disk\x2fby-loop-ref\x2f\x5cx2fvar\x5cx2flib\x5cx2fsnapd\x5cx2fsnaps\x5cx2ffirefox_6565.snap
[449] systemd-udevd D disk\x2fby-loop-inode\x2f8:2-3021770/.lock
[449] systemd-udevd D disk\x2fby-loop-inode\x2f8:2-3021770
[449] systemd-udevd D disk\x2fby-diskseq\x2f29/.lock
[449] systemd-udevd D disk\x2fby-diskseq\x2f29
[449] systemd-udevd D disk\x2fby-loop-ref\x2f\x5cx2fvar\x5cx2flib\x5cx2fsnapd\x5cx2fsnaps\x5cx2fgtk-common-themes_1535.snap/.lock
[449] systemd-udevd D disk\x2fby-loop-ref\x2f\x5cx2fvar\x5cx2flib\x5cx2fsnapd\x5cx2fsnaps\x5cx2fgtk-common-themes_1535.snap
[449] systemd-udevd D disk\x2fby-loop-inode\x2f8:2-3021773/.lock
[449] systemd-udevd D disk\x2fby-loop-inode\x2f8:2-3021773
[449] systemd-udevd D disk\x2fby-loop-ref\x2f\x5cx2fvar\x5cx2flib\x5cx2fsnapd\x5cx2fsnaps\x5cx2fsnapd_24792.snap/.lock
[449] systemd-udevd D disk\x2fby-loop-ref\x2f\x5cx2fvar\x5cx2flib\x5cx2fsnapd\x5cx2fsnaps\x5cx2fsnapd_24792.snap
[449] systemd-udevd D disk\x2fby-diskseq\x2f36/.lock
[449] systemd-udevd D disk\x2fby-diskseq\x2f36
[449] systemd-udevd D disk\x2fby-loop-ref\x2f\x5cx2fvar\x5cx2flib\x5cx2fsnapd\x5cx2fsnaps\x5cx2fgnome-42-2204_202.snap/.lock
[449] systemd-udevd D disk\x2fby-loop-ref\x2f\x5cx2fvar\x5cx2flib\x5cx2fsnapd\x5cx2fsnaps\x5cx2fgnome-42-2204_202.snap
[449] systemd-udevd D disk\x2fby-diskseq\x2f27/.lock
[449] systemd-udevd D disk\x2fby-diskseq\x2f27
[449] systemd-udevd D disk\x2fby-loop-inode\x2f8:2-3021769/.lock
[449] systemd-udevd D disk\x2fby-loop-inode\x2f8:2-3021769
[449] systemd-udevd D disk\x2fby-diskseq\x2f26/.lock
[449] systemd-udevd D disk\x2fby-diskseq\x2f26
[449] systemd-udevd D disk\x2fby-loop-inode\x2f8:2-3021768/.lock
[449] systemd-udevd D disk\x2fby-loop-inode\x2f8:2-3021768
[449] systemd-udevd D disk\x2fby-loop-ref\x2f\x5cx2fvar\x5cx2flib\x5cx2fsnapd\x5cx2fsnaps\x5cx2ffirmware-updater_167.snap/.lock
[449] systemd-udevd D disk\x2fby-loop-ref\x2f\x5cx2fvar\x5cx2flib\x5cx2fsnapd\x5cx2fsnaps\x5cx2ffirmware-updater_167.snap
[449] systemd-udevd D disk\x2fby-diskseq\x2f35/.lock
[449] systemd-udevd D disk\x2fby-diskseq\x2f35
[449] systemd-udevd D disk\x2fby-loop-ref\x2f\x5cx2fvar\x5cx2flib\x5cx2fsnapd\x5cx2fsnaps\x5cx2fsnap-store_1270.snap/.lock
[449] systemd-udevd D disk\x2fby-loop-ref\x2f\x5cx2fvar\x5cx2flib\x5cx2fsnapd\x5cx2fsnaps\x5cx2fsnap-store_1270.snap
[449] systemd-udevd D disk\x2fby-loop-inode\x2f8:2-3021771/.lock
[449] systemd-udevd D disk\x2fby-loop-inode\x2f8:2-3021771
[449] systemd-udevd D disk\x2fby-loop-ref\x2f\x5cx2fvar\x5cx2flib\x5cx2fsnapd\x5cx2fsnaps\x5cx2ffirmware-updater_216.snap/.lock
[449] systemd-udevd D disk\x2fby-loop-ref\x2f\x5cx2fvar\x5cx2flib\x5cx2fsnapd\x5cx2fsnaps\x5cx2ffirmware-updater_216.snap
[449] systemd-udevd D disk\x2fby-loop-inode\x2f8:2-3015171/.lock
[449] systemd-udevd D disk\x2fby-loop-inode\x2f8:2-3015171
[449] systemd-udevd D disk\x2fby-diskseq\x2f28/.lock
[449] systemd-udevd D disk\x2fby-diskseq\x2f28
[449] systemd-udevd D disk\x2fby-diskseq\x2f30/.lock
[449] systemd-udevd D disk\x2fby-diskseq\x2f30
[449] systemd-udevd D disk\x2fby-loop-inode\x2f8:2-3015238/.lock
[449] systemd-udevd D disk\x2fby-loop-inode\x2f8:2-3015238
[449] systemd-udevd D disk\x2fby-loop-ref\x2f\x5cx2fvar\x5cx2flib\x5cx2fsnapd\x5cx2fsnaps\x5cx2fsnapd-desktop-integration_343.snap/.lock
[449] systemd-udevd D disk\x2fby-loop-ref\x2f\x5cx2fvar\x5cx2flib\x5cx2fsnapd\x5cx2fsnaps\x5cx2fsnapd-desktop-integration_343.snap
[449] systemd-udevd D disk\x2fby-loop-ref\x2f\x5cx2fvar\x5cx2flib\x5cx2fsnapd\x5cx2fsnaps\x5cx2fsnapd-desktop-integration_315.snap/.lock
[449] systemd-udevd D disk\x2fby-loop-ref\x2f\x5cx2fvar\x5cx2flib\x5cx2fsnapd\x5cx2fsnaps\x5cx2fsnapd-desktop-integration_315.snap
[449] systemd-udevd D disk\x2fby-loop-inode\x2f8:2-3021772/.lock
[449] systemd-udevd D disk\x2fby-loop-inode\x2f8:2-3021772
[449] systemd-udevd D disk\x2fby-diskseq\x2f32/.lock
[449] systemd-udevd D disk\x2fby-diskseq\x2f32
[449] systemd-udevd D disk\x2fby-diskseq\x2f23/.lock
[449] systemd-udevd D disk\x2fby-diskseq\x2f23
[449] systemd-udevd D disk\x2fby-loop-ref\x2f\x5cx2fvar\x5cx2flib\x5cx2fsnapd\x5cx2fsnaps\x5cx2fbare_5.snap/.lock
[449] systemd-udevd D disk\x2fby-loop-ref\x2f\x5cx2fvar\x5cx2flib\x5cx2fsnapd\x5cx2fsnaps\x5cx2fbare_5.snap
[449] systemd-udevd D disk\x2fby-loop-inode\x2f8:2-3021765/.lock
[449] systemd-udevd D disk\x2fby-loop-inode\x2f8:2-3021765
[449] systemd-udevd D dri\x2fby-path\x2fpci-0000:00:0f.0-card/.lock
[449] systemd-udevd D dri\x2fby-path\x2fpci-0000:00:0f.0-card
[449] systemd-udevd D dri\x2fby-path\x2fpci-0000:00:0f.0-render/.lock
[449] systemd-udevd D dri\x2fby-path\x2fpci-0000:00:0f.0-render
[449] systemd-udevd D disk\x2fby-diskseq\x2f20/.lock
[449] systemd-udevd D disk\x2fby-diskseq\x2f20
[449] systemd-udevd D disk\x2fby-id\x2fata-VMware_Virtual_SATA_CDRW_Drive_00000000000000000001/.lock
[449] systemd-udevd D disk\x2fby-id\x2fata-VMware_Virtual_SATA_CDRW_Drive_00000000000000000001
[449] systemd-udevd D disk\x2fby-path\x2fpci-0000:02:04.0-ata-1.0/.lock
[449] systemd-udevd D disk\x2fby-path\x2fpci-0000:02:04.0-ata-1.0
[449] systemd-udevd D disk\x2fby-path\x2fpci-0000:02:04.0-ata-1/.lock
[449] systemd-udevd D disk\x2fby-path\x2fpci-0000:02:04.0-ata-1
[449] systemd-udevd D disk\x2fby-diskseq\x2f22/.lock
[449] systemd-udevd D disk\x2fby-diskseq\x2f22
[449] systemd-udevd D disk\x2fby-path\x2fpci-0000:02:04.0-ata-2/.lock
[449] systemd-udevd D disk\x2fby-path\x2fpci-0000:02:04.0-ata-2
[449] systemd-udevd D disk\x2fby-id\x2fata-VMware_Virtual_SATA_CDRW_Drive_01000000000000000001/.lock
[449] systemd-udevd D disk\x2fby-id\x2fata-VMware_Virtual_SATA_CDRW_Drive_01000000000000000001
[449] systemd-udevd D disk\x2fby-path\x2fpci-0000:02:04.0-ata-2.0/.lock
[449] systemd-udevd D disk\x2fby-path\x2fpci-0000:02:04.0-ata-2.0
[449] systemd-udevd D disk\x2fby-uuid\x2fcd3e132c-9266-4669-bc11-8f5d21d72b3e/.lock
[449] systemd-udevd D disk\x2fby-uuid\x2fcd3e132c-9266-4669-bc11-8f5d21d72b3e
[449] systemd-udevd D disk\x2fby-diskseq\x2f18-part2/.lock
[449] systemd-udevd D disk\x2fby-diskseq\x2f18-part2
[449] systemd-udevd D disk\x2fby-partuuid\x2f69da3fc7-aa6c-4e77-bc7b-3e0640fb4669/.lock
[449] systemd-udevd D disk\x2fby-partuuid\x2f69da3fc7-aa6c-4e77-bc7b-3e0640fb4669
[449] systemd-udevd D disk\x2fby-path\x2fpci-0000:00:10.0-scsi-0:0:0:0-part2/.lock
[449] systemd-udevd D disk\x2fby-path\x2fpci-0000:00:10.0-scsi-0:0:0:0-part2
[449] systemd-udevd D disk\x2fby-partuuid\x2f29b3a94d-dd87-4d50-aed7-c92301f53f4b/.lock
[449] systemd-udevd D disk\x2fby-partuuid\x2f29b3a94d-dd87-4d50-aed7-c92301f53f4b
[449] systemd-udevd D disk\x2fby-diskseq\x2f18-part1/.lock
[449] systemd-udevd D disk\x2fby-diskseq\x2f18-part1
[449] systemd-udevd D disk\x2fby-path\x2fpci-0000:00:10.0-scsi-0:0:0:0-part1/.lock
[449] systemd-udevd D disk\x2fby-path\x2fpci-0000:00:10.0-scsi-0:0:0:0-part1
[449] systemd-udevd D disk\x2fby-diskseq\x2f18/.lock
[449] systemd-udevd D disk\x2fby-diskseq\x2f18
[449] systemd-udevd D disk\x2fby-path\x2fpci-0000:00:10.0-scsi-0:0:0:0/.lock
[449] systemd-udevd D disk\x2fby-path\x2fpci-0000:00:10.0-scsi-0:0:0:0
[449] systemd-udevd D rtc/.lock
[449] systemd-udevd D rtc
[5143] systemd-journal D /run/systemd/journal/streams/9:43441
[5143] systemd-journal D /run/systemd/journal/streams/9:43442
[449] systemd-udevd D /run/udev/queue
[5923] whoopsie D /var/lock/whoopsie/lock
[5143] systemd-journal D /run/systemd/journal/streams/9:43530
[1] systemd D /run/systemd/units/invocation:whoopsie.service
[5926] whoopsie D /var/lock/whoopsie/lock
[5143] systemd-journal D /run/systemd/journal/streams/9:43554
[1] systemd D /run/systemd/units/invocation:whoopsie.service
[5929] whoopsie D /var/lock/whoopsie/lock
[1] systemd D /run/systemd/units/invocation:whoopsie.service
[5143] systemd-journal D /run/systemd/journal/streams/9:43567
[5932] whoopsie D /var/lock/whoopsie/lock
[5143] systemd-journal D /run/systemd/journal/streams/9:43573
[1] systemd D /run/systemd/units/invocation:whoopsie.service
[5937] whoopsie D /var/lock/whoopsie/lock
[1] systemd D /run/systemd/units/invocation:whoopsie.service
[1] systemd D /run/systemd/units/invocation:systemd-journald.service
[5952] systemd-journal D /run/systemd/journal/io.systemd.journal
[5952] systemd-journal D /run/systemd/journal/streams/9:43800
[5950] sshd O /home/capstone/.ssh/authorized_keys
[5950] sshd O /home/capstone/.ssh/authorized_keys
[6010] bash O /home/capstone/.bashrc
[5983] check-new-relea D /var/lib/update-manager/meta-release-lts
[6010] sudo C /home/capstone/.sudo_as_admin_successful
[1259] systemd-logind D /run/systemd/sessions/19.ref
[1] systemd D /run/systemd/units/invocation:session-19.scope
[1] systemd D /run/systemd/transient/session-19.scope
[1259] systemd-logind D /run/systemd/sessions/19
[6040] sshd O /home/capstone/.ssh/authorized_keys
[6040] sshd O /home/capstone/.ssh/authorized_keys
[6086] bash O /home/capstone/.bashrc
[6086] sudo C /home/capstone/.sudo_as_admin_successful
