[4572] sshd O /home/capstone/.ssh/authorized_keys
[4572] sshd O /home/capstone/.ssh/authorized_keys
[4618] bash O /home/capstone/.bashrc
[4619] rm D /tmp/malware_fail.log
[4618] bash O /home/capstone/project/run_malware_infected.sh
[4620] sudo C /home/capstone/.sudo_as_admin_successful
[4622] sudo C /home/capstone/.sudo_as_admin_successful
[1259] systemd-logind D /run/systemd/sessions/17.ref
[1] systemd D /run/systemd/units/invocation:session-17.scope
[1] systemd D /run/systemd/transient/session-17.scope
[1259] systemd-logind D /run/systemd/sessions/17
[1] systemd D /run/systemd/units/invocation:sysstat-collect.service
[369] systemd-journal D /run/systemd/journal/streams/9:36778
[2947] gvfsd-metadata C /home/capstone/.local/share/gvfs-metadata/home.V2EAM3
[2947] gvfsd-metadata C /home/capstone/.local/share/gvfs-metadata/home-3ec330a6.log.XUFAM3
[2947] gvfsd-metadata O /home/capstone/.local/share/gvfs-metadata/home
[2947] gvfsd-metadata O /home/capstone/.local/share/gvfs-metadata
[2947] gvfsd-metadata D /home/capstone/.local/share/gvfs-metadata/home-99b9ab4e.log
[2947] gvfsd-metadata O /home/capstone/.local/share/gvfs-metadata/home
[2947] gvfsd-metadata O /home/capstone/.local/share/gvfs-metadata/home-3ec330a6.log
[4650] sshd O /home/capstone/.ssh/authorized_keys
[4650] sshd O /home/capstone/.ssh/authorized_keys
[4699] bash O /home/capstone/.bashrc
[4699] sudo C /home/capstone/.sudo_as_admin_successful
[1259] systemd-logind D /run/systemd/sessions/18.ref
[1] systemd D /run/systemd/units/invocation:session-18.scope
[1] systemd D /run/systemd/transient/session-18.scope
[1259] systemd-logind D /run/systemd/sessions/18
[4710] sshd O /home/capstone/.ssh/authorized_keys
[4710] sshd O /home/capstone/.ssh/authorized_keys
[4756] bash O /home/capstone/.bashrc
[4756] sudo C /home/capstone/.sudo_as_admin_successful
