[4897] sshd O /home/capstone/.ssh/authorized_keys
[4897] sshd O /home/capstone/.ssh/authorized_keys
[4944] bash O /home/capstone/.bashrc
[4945] rm D /tmp/malware_fail.log
[4944] bash O /home/capstone/project/run_malware_infected.sh
[4946] sudo C /home/capstone/.sudo_as_admin_successful
[4948] sudo C /home/capstone/.sudo_as_admin_successful
[1259] systemd-logind D /run/systemd/sessions/18.ref
[2947] gvfsd-metadata C /home/capstone/.local/share/gvfs-metadata/home.LL11L3
[2947] gvfsd-metadata C /home/capstone/.local/share/gvfs-metadata/home-3ec330a6.log.IK21L3
[2947] gvfsd-metadata O /home/capstone/.local/share/gvfs-metadata/home
[2947] gvfsd-metadata O /home/capstone/.local/share/gvfs-metadata
[2947] gvfsd-metadata D /home/capstone/.local/share/gvfs-metadata/home-99b9ab4e.log
[2947] gvfsd-metadata O /home/capstone/.local/share/gvfs-metadata/home
[2947] gvfsd-metadata O /home/capstone/.local/share/gvfs-metadata/home-3ec330a6.log
[2220] dbus-daemon O /home/capstone/.local/share/dbus-1/services
[2421] gnome-shell O /home/capstone/.icons/Yaru/cursors/default
[2421] gnome-shell O /home/capstone/.icons/Yaru/index.theme
[2946] pool-org.gnome. O /home/capstone/project/test_files
[2421] gnome-shell O /home/capstone/.icons/Yaru/cursors/default
[2421] gnome-shell O /home/capstone/.icons/Yaru/index.theme
[2946] pool-org.gnome. O /home/capstone/project/test_files
[2946] pool-org.gnome. O /home/capstone/project/test_files/.hidden
[2946] pool-org.gnome. O /home/capstone/.local/share/gvfs-metadata/home
[2946] pool-org.gnome. O /home/capstone/.local/share/gvfs-metadata/home-3ec330a6.log
[2946] pool-org.gnome. O /home/capstone/.cache/thumbnails/large/0cb931623b6e1c86057f531ad2b54609.png
[2946] pool-org.gnome. O /home/capstone/.cache/thumbnails/large/0cb931623b6e1c86057f531ad2b54609.png
[2946] pool-org.gnome. O /home/capstone/.cache/thumbnails/large/5008d4a761389c2c0e59a334ca747e94.png
[2946] pool-org.gnome. O /home/capstone/.cache/thumbnails/large/5008d4a761389c2c0e59a334ca747e94.png
[2946] pool-org.gnome. O /home/capstone/.cache/thumbnails/large/fdffe085b9513cc5d1b1789acb1a45e8.png
[2946] pool-org.gnome. O /home/capstone/.cache/thumbnails/large/fdffe085b9513cc5d1b1789acb1a45e8.png
[2946] pool-org.gnome. O /home/capstone/.cache/thumbnails/large/e05c4c966d7a74be3d290ce7965bec6b.png
[2946] pool-org.gnome. O /home/capstone/.cache/thumbnails/large/e05c4c966d7a74be3d290ce7965bec6b.png
[2946] pool-org.gnome. O /home/capstone/.cache/thumbnails/large/9d0b1f64121f892276efe4e637cd6cb1.png
[2946] pool-org.gnome. O /home/capstone/.cache/thumbnails/large/9d0b1f64121f892276efe4e637cd6cb1.png
[2946] pool-org.gnome. O /home/capstone/project/test_files/000014.html
[2946] pool-org.gnome. O /home/capstone/.cache/thumbnails/large/cd8ec91ce012423e69d8164bd47c75bf.png
[2946] pool-org.gnome. O /home/capstone/.cache/thumbnails/large/cd8ec91ce012423e69d8164bd47c75bf.png
[2946] pool-org.gnome. O /home/capstone/.cache/thumbnails/large/51f6e99612efc4d09244b47d0527dc2e.png
[2946] pool-org.gnome. O /home/capstone/.cache/thumbnails/large/51f6e99612efc4d09244b47d0527dc2e.png
[2946] pool-org.gnome. O /home/capstone/.cache/thumbnails/large/f078909af582dd3b9c8a8ec0d3825054.png
[2946] pool-org.gnome. O /home/capstone/.cache/thumbnails/large/f078909af582dd3b9c8a8ec0d3825054.png
[2946] pool-org.gnome. O /home/capstone/.cache/thumbnails/large/e73f082aa093f92db27eb72ebd5c48c1.png
[2946] pool-org.gnome. O /home/capstone/.cache/thumbnails/large/e73f082aa093f92db27eb72ebd5c48c1.png
[2946] pool-org.gnome. O /home/capstone/.cache/thumbnails/large/7afb6b509ec32245b223895c11e6af70.png
[2946] pool-org.gnome. O /home/capstone/.cache/thumbnails/large/7afb6b509ec32245b223895c11e6af70.png
[2946] pool-org.gnome. O /home/capstone/.cache/thumbnails/large/44d98b4cfa30db6f723af3b0c4aecd90.png
[2946] pool-org.gnome. O /home/capstone/.cache/thumbnails/large/44d98b4cfa30db6f723af3b0c4aecd90.png
[2946] pool-org.gnome. O /home/capstone/.cache/thumbnails/large/d65ffc71593b7ee773531bbe0572cc2e.png
[2946] pool-org.gnome. O /home/capstone/.cache/thumbnails/large/d65ffc71593b7ee773531bbe0572cc2e.png
[2946] pool-org.gnome. O /home/capstone/.cache/thumbnails/large/6ce0bcb7495f983d589b776b3918a39b.png
[2946] pool-org.gnome. O /home/capstone/.cache/thumbnails/large/6ce0bcb7495f983d589b776b3918a39b.png
[2946] pool-org.gnome. O /home/capstone/.cache/thumbnails/large/3b98b33d5a6c6052da1767c6517045a0.png
[2946] pool-org.gnome. O /home/capstone/.cache/thumbnails/large/3b98b33d5a6c6052da1767c6517045a0.png
[2946] pool-org.gnome. O /home/capstone/.cache/thumbnails/large/8755eb2e6686194488bce78724f25482.png
[2946] pool-org.gnome. O /home/capstone/.cache/thumbnails/large/8755eb2e6686194488bce78724f25482.png
[2946] pool-org.gnome. O /home/capstone/.cache/thumbnails/large/80122e7b55e90ec047b8e7938407446b.png
[2946] pool-org.gnome. O /home/capstone/.cache/thumbnails/large/80122e7b55e90ec047b8e7938407446b.png
[2946] pool-org.gnome. O /home/capstone/.cache/thumbnails/large/24a7cfc53d7ca6462ee6e05fb2712290.png
[2946] pool-org.gnome. O /home/capstone/.cache/thumbnails/large/24a7cfc53d7ca6462ee6e05fb2712290.png
[2946] pool-org.gnome. O /home/capstone/project/test_files/000056.html
[2946] pool-org.gnome. O /home/capstone/project/test_files/000057.html
[2946] pool-org.gnome. O /home/capstone/project/test_files/000058.html
[2946] pool-org.gnome. O /home/capstone/project/test_files/000059.html
[2946] pool-org.gnome. O /home/capstone/project/test_files/000060.html
[2946] pool-org.gnome. O /home/capstone/project/test_files/000061.html
[2946] pool-org.gnome. O /home/capstone/project/test_files/000062.html
[2946] pool-org.gnome. O /home/capstone/project/test_files/000063.html
[2946] pool-org.gnome. O /home/capstone/project/test_files/000064.html
[2946] pool-org.gnome. O /home/capstone/project/test_files/000065.html
[2946] pool-org.gnome. O /home/capstone/project/test_files/000066.html
[2946] pool-org.gnome. O /home/capstone/project/test_files/000068.html
[2946] pool-org.gnome. O /home/capstone/project/test_files/000069.html
[2946] pool-org.gnome. O /home/capstone/project/test_files/000070.html
[2946] pool-org.gnome. O /home/capstone/project/test_files/000071.html
[2946] pool-org.gnome. O /home/capstone/project/test_files/000072.html
[2946] pool-org.gnome. O /home/capstone/project/test_files/000073.html
[2946] pool-org.gnome. O /home/capstone/project/test_files/000074.html
[2946] pool-org.gnome. O /home/capstone/project/test_files/000075.html
[2946] pool-org.gnome. O /home/capstone/project/test_files/000076.html
[2946] pool-org.gnome. O /home/capstone/project/test_files/000077.html
[2946] pool-org.gnome. O /home/capstone/project/test_files/000078.html
[2946] pool-org.gnome. O /home/capstone/project/test_files/000079.html
[2946] pool-org.gnome. O /home/capstone/project/test_files/000080.html
[2946] pool-org.gnome. O /home/capstone/project/test_files/000083.unk
[2946] pool-org.gnome. O /home/capstone/.cache/thumbnails/large/813ee92550ca09396be1cce45df6dd78.png
[2946] pool-org.gnome. O /home/capstone/.cache/thumbnails/large/813ee92550ca09396be1cce45df6dd78.png
[2946] pool-org.gnome. O /home/capstone/.cache/thumbnails/large/1f9318da7ce6d2576f3976fa352cb654.png
[2946] pool-org.gnome. O /home/capstone/.cache/thumbnails/large/1f9318da7ce6d2576f3976fa352cb654.png
[2946] pool-org.gnome. O /home/capstone/.cache/thumbnails/large/6429835ed159abe15885001bb699476b.png
[2946] pool-org.gnome. O /home/capstone/.cache/thumbnails/large/6429835ed159abe15885001bb699476b.png
[2946] pool-org.gnome. O /home/capstone/.cache/thumbnails/large/33cc73f19395cd3dc960bf8dea98e731.png
[2946] pool-org.gnome. O /home/capstone/.cache/thumbnails/large/1f9318da7ce6d2576f3976fa352cb654.png
[2946] pool-org.gnome. O /home/capstone/.cache/thumbnails/large/33cc73f19395cd3dc960bf8dea98e731.png
[2946] pool-org.gnome. O /home/capstone/.cache/thumbnails/large/e77e973e940f48b0c5ae20dad2892687.png
[2946] pool-org.gnome. O /home/capstone/.cache/thumbnails/large/e77e973e940f48b0c5ae20dad2892687.png
[2946] pool-org.gnome. O /home/capstone/.cache/thumbnails/large/46071401e2ab233f42508852279d5638.png
[2946] pool-org.gnome. O /home/capstone/.cache/thumbnails/large/46071401e2ab233f42508852279d5638.png
[2946] pool-org.gnome. O /home/capstone/.cache/thumbnails/large/813ee92550ca09396be1cce45df6dd78.png
[2946] pool-org.gnome. O /home/capstone/project/test_files/000123.html
[2946] pool-org.gnome. O /home/capstone/project/test_files/000129.html
[2946] pool-org.gnome. O /home/capstone/.cache/thumbnails/large/24a7cfc53d7ca6462ee6e05fb2712290.png
[2946] pool-org.gnome. O /home/capstone/.cache/thumbnails/large/c59db39f9fdfec74807c587fdf14d54e.png
[2946] pool-org.gnome. O /home/capstone/.cache/thumbnails/large/c59db39f9fdfec74807c587fdf14d54e.png
[2946] pool-org.gnome. O /home/capstone/project/test_files/000136.html
[2946] pool-org.gnome. O /home/capstone/.cache/thumbnails/large/dd40cdf069026751fda9f5de044403f9.png
[2946] pool-org.gnome. O /home/capstone/.cache/thumbnails/large/dd40cdf069026751fda9f5de044403f9.png
[2946] pool-org.gnome. O /home/capstone/project/test_files/000138.html
[2946] pool-org.gnome. O /home/capstone/.cache/thumbnails/large/eba71abde8e63a2974aef95a89b7e3ab.png
[2946] pool-org.gnome. O /home/capstone/.cache/thumbnails/large/eba71abde8e63a2974aef95a89b7e3ab.png
[2946] pool-org.gnome. O /home/capstone/.cache/thumbnails/large/c02706cc5d870750451bf92f0d61e2ce.png
[2946] pool-org.gnome. O /home/capstone/.cache/thumbnails/large/80122e7b55e90ec047b8e7938407446b.png
[2946] pool-org.gnome. O /home/capstone/.cache/thumbnails/large/c02706cc5d870750451bf92f0d61e2ce.png
[2946] pool-org.gnome. O /home/capstone/.cache/thumbnails/large/ff9efe499a786a15a091c7a766000075.png
[2946] pool-org.gnome. O /home/capstone/.cache/thumbnails/large/ff9efe499a786a15a091c7a766000075.png
[2946] pool-org.gnome. O /home/capstone/.cache/thumbnails/large/8755eb2e6686194488bce78724f25482.png
[2946] pool-org.gnome. O /home/capstone/.cache/thumbnails/large/9723c536943465b35052e5a9a4576eac.png
[2946] pool-org.gnome. O /home/capstone/.cache/thumbnails/large/9723c536943465b35052e5a9a4576eac.png
[2946] pool-org.gnome. O /home/capstone/.cache/thumbnails/large/1c12df43e631f840f337edbdeeed8693.png
[2946] pool-org.gnome. O /home/capstone/.cache/thumbnails/large/1c12df43e631f840f337edbdeeed8693.png
[2946] pool-org.gnome. O /home/capstone/.cache/thumbnails/large/3b98b33d5a6c6052da1767c6517045a0.png
[2946] pool-org.gnome. O /home/capstone/.cache/thumbnails/large/7eded0a37532e6cbff3c8d602d1b9369.png
[2946] pool-org.gnome. O /home/capstone/.cache/thumbnails/large/7eded0a37532e6cbff3c8d602d1b9369.png
[2946] pool-org.gnome. O /home/capstone/.cache/thumbnails/large/36e6d493e6c197e2f946c531fef4098d.png
[2946] pool-org.gnome. O /home/capstone/.cache/thumbnails/large/36e6d493e6c197e2f946c531fef4098d.png
[2946] pool-org.gnome. O /home/capstone/.cache/thumbnails/large/b591a2a226c43a38bdb1fc8aa8a6c7bb.png
[2946] pool-org.gnome. O /home/capstone/.cache/thumbnails/large/b591a2a226c43a38bdb1fc8aa8a6c7bb.png
[2946] pool-org.gnome. O /home/capstone/.cache/thumbnails/large/c5eeb3591752e5ce5041c9197ee2468d.png
[2946] pool-org.gnome. O /home/capstone/.cache/thumbnails/large/c5eeb3591752e5ce5041c9197ee2468d.png
[2946] pool-org.gnome. O /home/capstone/.cache/thumbnails/large/fb338c3e8fb0256cf8902f3cd31b6691.png
[2946] pool-org.gnome. O /home/capstone/.cache/thumbnails/large/6ce0bcb7495f983d589b776b3918a39b.png
[2946] pool-org.gnome. O /home/capstone/.cache/thumbnails/large/fb338c3e8fb0256cf8902f3cd31b6691.png
[2946] pool-org.gnome. O /home/capstone/.cache/thumbnails/large/35caface1247aa37b7c8247f7f9d34c8.png
[2946] pool-org.gnome. O /home/capstone/.cache/thumbnails/large/35caface1247aa37b7c8247f7f9d34c8.png
[2946] pool-org.gnome. O /home/capstone/.cache/thumbnails/large/838b914bb758c59ff868810e4a4d1a68.png
[2946] pool-org.gnome. O /home/capstone/.cache/thumbnails/large/d65ffc71593b7ee773531bbe0572cc2e.png
[2946] pool-org.gnome. O /home/capstone/.cache/thumbnails/large/838b914bb758c59ff868810e4a4d1a68.png
[2946] pool-org.gnome. O /home/capstone/.cache/thumbnails/large/24156e8baaf8db6952d94e1809507f46.png
[2946] pool-org.gnome. O /home/capstone/.cache/thumbnails/large/24156e8baaf8db6952d94e1809507f46.png
[2946] pool-org.gnome. O /home/capstone/.cache/thumbnails/large/26976dc650a5e5707bfcdeacb1c7d304.png
[2946] pool-org.gnome. O /home/capstone/.cache/thumbnails/large/26976dc650a5e5707bfcdeacb1c7d304.png
[2946] pool-org.gnome. O /home/capstone/.cache/thumbnails/large/2d7c1f699f5ae72ad42bc2f3241a9605.png
[2946] pool-org.gnome. O /home/capstone/.cache/thumbnails/large/44d98b4cfa30db6f723af3b0c4aecd90.png
[2946] pool-org.gnome. O /home/capstone/.cache/thumbnails/large/2d7c1f699f5ae72ad42bc2f3241a9605.png
[2946] pool-org.gnome. O /home/capstone/.cache/thumbnails/large/29623646316e50d53315129b4ddd76f8.png
[2946] pool-org.gnome. O /home/capstone/.cache/thumbnails/large/29623646316e50d53315129b4ddd76f8.png
[2946] pool-org.gnome. O /home/capstone/.cache/thumbnails/large/ebc70f5089fcdfaf82b2d5a515f757d1.png
[2946] pool-org.gnome. O /home/capstone/.cache/thumbnails/large/7afb6b509ec32245b223895c11e6af70.png
[2946] pool-org.gnome. O /home/capstone/.cache/thumbnails/large/ebc70f5089fcdfaf82b2d5a515f757d1.png
[2946] pool-org.gnome. O /home/capstone/.cache/thumbnails/large/cbd48d001c4388ee35850a75a17e4aa0.png
[2946] pool-org.gnome. O /home/capstone/.cache/thumbnails/large/cbd48d001c4388ee35850a75a17e4aa0.png
[2946] pool-org.gnome. O /home/capstone/.cache/thumbnails/large/6f2642b77db56148078bd6e00fca47ae.png
[2946] pool-org.gnome. O /home/capstone/.cache/thumbnails/large/6f2642b77db56148078bd6e00fca47ae.png
[2946] pool-org.gnome. O /home/capstone/.cache/thumbnails/large/ea1810c11f601d5c09fd6e0fdcc49375.png
[2946] pool-org.gnome. O /home/capstone/.cache/thumbnails/large/ea1810c11f601d5c09fd6e0fdcc49375.png
[2946] pool-org.gnome. O /home/capstone/.cache/thumbnails/large/e73f082aa093f92db27eb72ebd5c48c1.png
[2946] pool-org.gnome. O /home/capstone/project/test_files/000173.html
[2946] pool-org.gnome. O /home/capstone/.cache/thumbnails/large/a78fff945522a256a38855f85788e2e6.png
[2946] pool-org.gnome. O /home/capstone/.cache/thumbnails/large/a78fff945522a256a38855f85788e2e6.png
[2946] pool-org.gnome. O /home/capstone/.cache/thumbnails/large/ef821c6f85317db33173b5ec8db011e5.png
[2946] pool-org.gnome. O /home/capstone/.cache/thumbnails/large/ef821c6f85317db33173b5ec8db011e5.png
[2946] pool-org.gnome. O /home/capstone/project/test_files/000178.html
[2946] pool-org.gnome. O /home/capstone/.cache/thumbnails/large/f078909af582dd3b9c8a8ec0d3825054.png
[2946] pool-org.gnome. O /home/capstone/project/test_files/000179.html
[2946] pool-org.gnome. O /home/capstone/project/test_files/000180.html
[2946] pool-org.gnome. O /home/capstone/project/test_files/000182.html
[2946] pool-org.gnome. O /home/capstone/project/test_files/000183.html
[2946] pool-org.gnome. O /home/capstone/project/test_files/000184.html
[2946] pool-org.gnome. O /home/capstone/project/test_files/000185.html
[2946] pool-org.gnome. O /home/capstone/project/test_files/000186.html
[2946] pool-org.gnome. O /home/capstone/.cache/thumbnails/large/51f6e99612efc4d09244b47d0527dc2e.png
[2946] pool-org.gnome. O /home/capstone/.cache/thumbnails/large/8471b8eb35e83e650ebf8b33ad64cf64.png
[2946] pool-org.gnome. O /home/capstone/.cache/thumbnails/large/8471b8eb35e83e650ebf8b33ad64cf64.png
[2946] pool-org.gnome. O /home/capstone/project/test_files/000188.html
[2946] pool-org.gnome. O /home/capstone/.cache/thumbnails/large/b82758777543185748a9108d00afee3f.png
[2946] pool-org.gnome. O /home/capstone/.cache/thumbnails/large/b82758777543185748a9108d00afee3f.png
[2946] pool-org.gnome. O /home/capstone/.cache/thumbnails/large/cd8ec91ce012423e69d8164bd47c75bf.png
[2946] pool-org.gnome. O /home/capstone/project/test_files/000190.html
[2946] pool-org.gnome. O /home/capstone/project/test_files/000191.html
[2946] pool-org.gnome. O /home/capstone/project/test_files/000192.html
[2946] pool-org.gnome. O /home/capstone/project/test_files/000193.html
[2946] pool-org.gnome. O /home/capstone/.cache/thumbnails/large/9d0b1f64121f892276efe4e637cd6cb1.png
[2946] pool-org.gnome. O /home/capstone/project/test_files/000194.html
[2946] pool-org.gnome. O /home/capstone/project/test_files/000195.html
[2946] pool-org.gnome. O /home/capstone/.cache/thumbnails/large/a42a5f7c8da4d5e83cb78f1b76d9fdf8.png
[2946] pool-org.gnome. O /home/capstone/.cache/thumbnails/large/a42a5f7c8da4d5e83cb78f1b76d9fdf8.png
[2946] pool-org.gnome. O /home/capstone/project/test_files/000197.html
[2946] pool-org.gnome. O /home/capstone/.cache/thumbnails/large/e05c4c966d7a74be3d290ce7965bec6b.png
[2946] pool-org.gnome. O /home/capstone/project/test_files/000198.html
[2946] pool-org.gnome. O /home/capstone/project/test_files/000199.html
[2946] pool-org.gnome. O /home/capstone/project/test_files/000200.html
[2946] pool-org.gnome. O /home/capstone/project/test_files/000201.html
[2946] pool-org.gnome. O /home/capstone/project/test_files/000202.html
[2946] pool-org.gnome. O /home/capstone/project/test_files/000203.html
[2946] pool-org.gnome. O /home/capstone/project/test_files/000204.html
[2946] pool-org.gnome. O /home/capstone/project/test_files/000205.html
[2946] pool-org.gnome. O /home/capstone/project/test_files/000206.html
[2946] pool-org.gnome. O /home/capstone/project/test_files/000207.html
[2946] pool-org.gnome. O /home/capstone/.cache/thumbnails/large/fdffe085b9513cc5d1b1789acb1a45e8.png
[2946] pool-org.gnome. O /home/capstone/.cache/thumbnails/large/2b153913ec8a96a8cbc7dbf66dd7fe92.png
[2946] pool-org.gnome. O /home/capstone/.cache/thumbnails/large/2b153913ec8a96a8cbc7dbf66dd7fe92.png
[2946] pool-org.gnome. O /home/capstone/project/test_files/000209.html
[2946] pool-org.gnome. O /home/capstone/project/test_files/000210.html
[2946] pool-org.gnome. O /home/capstone/.cache/thumbnails/large/5008d4a761389c2c0e59a334ca747e94.png
[2946] pool-org.gnome. O /home/capstone/project/test_files/000211.html
[2946] pool-org.gnome. O /home/capstone/project/test_files/000212.html
[2946] pool-org.gnome. O /home/capstone/project/test_files/000213.html
[2946] pool-org.gnome. O /home/capstone/project/test_files/000214.html
[2946] pool-org.gnome. O /home/capstone/project/test_files/000215.html
[2946] pool-org.gnome. O /home/capstone/project/test_files/000216.html
[2946] pool-org.gnome. O /home/capstone/project/test_files/000217.html
[2946] pool-org.gnome. O /home/capstone/.cache/thumbnails/large/0cb931623b6e1c86057f531ad2b54609.png
[2946] pool-org.gnome. O /home/capstone/.cache/thumbnails/large/9bc12257ba2e4902f1e0747bcf17d7ca.png
[2946] pool-org.gnome. O /home/capstone/.cache/thumbnails/large/9bc12257ba2e4902f1e0747bcf17d7ca.png
[2946] pool-org.gnome. O /home/capstone/.cache/thumbnails/large/8b2edee900cb3424beeae24a8e653664.png
[2946] pool-org.gnome. O /home/capstone/.cache/thumbnails/large/8b2edee900cb3424beeae24a8e653664.png
[2946] pool-org.gnome. O /home/capstone/.cache/thumbnails/large/91681189ab844e5af3fc8f6f5f6a27b4.png
[2946] pool-org.gnome. O /home/capstone/.cache/thumbnails/large/91681189ab844e5af3fc8f6f5f6a27b4.png
[2946] pool-org.gnome. O /home/capstone/.cache/thumbnails/large/80017ccff8cd6fc3c8455349a5d94f69.png
[2946] pool-org.gnome. O /home/capstone/.cache/thumbnails/large/a42a5f7c8da4d5e83cb78f1b76d9fdf8.png
[2946] pool-org.gnome. O /home/capstone/.cache/thumbnails/large/80017ccff8cd6fc3c8455349a5d94f69.png
[2946] pool-org.gnome. O /home/capstone/.cache/thumbnails/large/4589688f52e7d6483c0158c197be7a5f.png
[2946] pool-org.gnome. O /home/capstone/.cache/thumbnails/large/4589688f52e7d6483c0158c197be7a5f.png
[2946] pool-org.gnome. O /home/capstone/.cache/thumbnails/large/45baf7fe6d69cc2013980c2cd28f6301.png
[2946] pool-org.gnome. O /home/capstone/.cache/thumbnails/large/45baf7fe6d69cc2013980c2cd28f6301.png
[2946] pool-org.gnome. O /home/capstone/.cache/thumbnails/large/19be5d39f176d53f667727217719f670.png
[2946] pool-org.gnome. O /home/capstone/.cache/thumbnails/large/19be5d39f176d53f667727217719f670.png
[2946] pool-org.gnome. O /home/capstone/.cache/thumbnails/large/10a438c4f3521e208f4f9c308e1258f8.png
[2946] pool-org.gnome. O /home/capstone/.cache/thumbnails/large/10a438c4f3521e208f4f9c308e1258f8.png
[2946] pool-org.gnome. O /home/capstone/.cache/thumbnails/large/bbcadf07efbf73a44ed273a73923bfe3.png
[2946] pool-org.gnome. O /home/capstone/.cache/thumbnails/large/bbcadf07efbf73a44ed273a73923bfe3.png
[2946] pool-org.gnome. O /home/capstone/.cache/thumbnails/large/c0976cb4f67c2a97960ad9db8ff0fdbe.png
[2946] pool-org.gnome. O /home/capstone/.cache/thumbnails/large/c0976cb4f67c2a97960ad9db8ff0fdbe.png
[2946] pool-org.gnome. O /home/capstone/.cache/thumbnails/large/8873e70108d3d91b2507bbb487167a87.png
[2946] pool-org.gnome. O /home/capstone/.cache/thumbnails/large/b82758777543185748a9108d00afee3f.png
[2946] pool-org.gnome. O /home/capstone/.cache/thumbnails/large/8471b8eb35e83e650ebf8b33ad64cf64.png
[2946] pool-org.gnome. O /home/capstone/.cache/thumbnails/large/ef821c6f85317db33173b5ec8db011e5.png
[2946] pool-org.gnome. O /home/capstone/.cache/thumbnails/large/a78fff945522a256a38855f85788e2e6.png
[2946] pool-org.gnome. O /home/capstone/.cache/thumbnails/large/8873e70108d3d91b2507bbb487167a87.png
[2946] pool-org.gnome. O /home/capstone/.cache/thumbnails/large/643eb670f440d4c47dec75e7f5dc09d5.png
[2946] pool-org.gnome. O /home/capstone/.cache/thumbnails/large/ea1810c11f601d5c09fd6e0fdcc49375.png
[2946] pool-org.gnome. O /home/capstone/.cache/thumbnails/large/643eb670f440d4c47dec75e7f5dc09d5.png
[2946] pool-org.gnome. O /home/capstone/.cache/thumbnails/large/71cf0e62a9cd515acfcffe682ad44e75.png
[2946] pool-org.gnome. O /home/capstone/.cache/thumbnails/large/71cf0e62a9cd515acfcffe682ad44e75.png
[2946] pool-org.gnome. O /home/capstone/.cache/thumbnails/large/265e9b5a3cd59d66ea4d6c1a11c21f13.png
[2946] pool-org.gnome. O /home/capstone/.cache/thumbnails/large/265e9b5a3cd59d66ea4d6c1a11c21f13.png
[2946] pool-org.gnome. O /home/capstone/.cache/thumbnails/large/5b71151517436d9d80c384b179c1b760.png
[2946] pool-org.gnome. O /home/capstone/.cache/thumbnails/large/5b71151517436d9d80c384b179c1b760.png
[2946] pool-org.gnome. O /home/capstone/.cache/thumbnails/large/8aee80cbf391ccd684a3a54c428d4913.png
[2946] pool-org.gnome. O /home/capstone/.cache/thumbnails/large/8aee80cbf391ccd684a3a54c428d4913.png
[2946] pool-org.gnome. O /home/capstone/.cache/thumbnails/large/85227ba070aa6e3b02a01493acfadcac.png
[2946] pool-org.gnome. O /home/capstone/.cache/thumbnails/large/85227ba070aa6e3b02a01493acfadcac.png
[2946] pool-org.gnome. O /home/capstone/.cache/thumbnails/large/ff7d701949aae3e4ce79b90eeeaebe03.png
[2946] pool-org.gnome. O /home/capstone/.cache/thumbnails/large/ff7d701949aae3e4ce79b90eeeaebe03.png
[2946] pool-org.gnome. O /home/capstone/.cache/thumbnails/large/4bdaa8c14ae7ef32d6c5b8354caaf81b.png
[2946] pool-org.gnome. O /home/capstone/.cache/thumbnails/large/4bdaa8c14ae7ef32d6c5b8354caaf81b.png
[2946] pool-org.gnome. O /home/capstone/.cache/thumbnails/large/6f2642b77db56148078bd6e00fca47ae.png
[2946] pool-org.gnome. O /home/capstone/.cache/thumbnails/large/f51afee966b12a6497644e810810c5f0.png
[2946] pool-org.gnome. O /home/capstone/.cache/thumbnails/large/f51afee966b12a6497644e810810c5f0.png
[2946] pool-org.gnome. O /home/capstone/.cache/thumbnails/large/60fe4e0aaa1d15c22138e4bc5ceb4b03.png
[2946] pool-org.gnome. O /home/capstone/.cache/thumbnails/large/60fe4e0aaa1d15c22138e4bc5ceb4b03.png
[2946] pool-org.gnome. O /home/capstone/.cache/thumbnails/large/33d42d51c445839b06fc7994b31b45c4.png
[2946] pool-org.gnome. O /home/capstone/.cache/thumbnails/large/33d42d51c445839b06fc7994b31b45c4.png
[2946] pool-org.gnome. O /home/capstone/.cache/thumbnails/large/50582c4512de09a804828f6d0087acd5.png
[2946] pool-org.gnome. O /home/capstone/.cache/thumbnails/large/50582c4512de09a804828f6d0087acd5.png
[2946] pool-org.gnome. O /home/capstone/.cache/thumbnails/large/3d65521dca5e46990c0a106941df97b1.png
[2946] pool-org.gnome. O /home/capstone/.cache/thumbnails/large/3d65521dca5e46990c0a106941df97b1.png
[2946] pool-org.gnome. O /home/capstone/.cache/thumbnails/large/cbd48d001c4388ee35850a75a17e4aa0.png
[2946] pool-org.gnome. O /home/capstone/.cache/thumbnails/large/2c40db346a24987a566eea2333ff71af.png
[2946] pool-org.gnome. O /home/capstone/.cache/thumbnails/large/2c40db346a24987a566eea2333ff71af.png
[2946] pool-org.gnome. O /home/capstone/.cache/thumbnails/large/912708113a5b041b618ea4414c73718f.png
[2946] pool-org.gnome. O /home/capstone/.cache/thumbnails/large/912708113a5b041b618ea4414c73718f.png
[2946] pool-org.gnome. O /home/capstone/.cache/thumbnails/large/d4be38332601d015df2be50a47b9acd0.png
[2946] pool-org.gnome. O /home/capstone/.cache/thumbnails/large/d4be38332601d015df2be50a47b9acd0.png
[2946] pool-org.gnome. O /home/capstone/.cache/thumbnails/large/ebc70f5089fcdfaf82b2d5a515f757d1.png
[2946] pool-org.gnome. O /home/capstone/.cache/thumbnails/large/5707424af4adfb21e70b19b744ec8524.png
[2946] pool-org.gnome. O /home/capstone/.cache/thumbnails/large/5707424af4adfb21e70b19b744ec8524.png
[2946] pool-org.gnome. O /home/capstone/.cache/thumbnails/large/7e5c8209d1a4a6fa5a0b640e92b3d734.png
[2946] pool-org.gnome. O /home/capstone/.cache/thumbnails/large/7e5c8209d1a4a6fa5a0b640e92b3d734.png
[2946] pool-org.gnome. O /home/capstone/.cache/thumbnails/large/426045626ba55f95bdc94f43dbe76b36.png
[2946] pool-org.gnome. O /home/capstone/.cache/thumbnails/large/426045626ba55f95bdc94f43dbe76b36.png
[2946] pool-org.gnome. O /home/capstone/.cache/thumbnails/large/cea841149260cf5957884e0b35816ca1.png
[2946] pool-org.gnome. O /home/capstone/.cache/thumbnails/large/cea841149260cf5957884e0b35816ca1.png
[2946] pool-org.gnome. O /home/capstone/.cache/thumbnails/large/29623646316e50d53315129b4ddd76f8.png
[2946] pool-org.gnome. O /home/capstone/.cache/thumbnails/large/76a41bc69d6a37a7e47d754063d93ceb.png
[2946] pool-org.gnome. O /home/capstone/.cache/thumbnails/large/76a41bc69d6a37a7e47d754063d93ceb.png
[2946] pool-org.gnome. O /home/capstone/.cache/thumbnails/large/f68c0cfc18bddfde013f2cb9179692f2.png
[2946] pool-org.gnome. O /home/capstone/.cache/thumbnails/large/f68c0cfc18bddfde013f2cb9179692f2.png
[2946] pool-org.gnome. O /home/capstone/.cache/thumbnails/large/14aa5c0f89614390340ee227f0b203b4.png
[2946] pool-org.gnome. O /home/capstone/.cache/thumbnails/large/14aa5c0f89614390340ee227f0b203b4.png
[2946] pool-org.gnome. O /home/capstone/.cache/thumbnails/large/d0cb6607e7e506db30cd1ae62b5f56c6.png
[2946] pool-org.gnome. O /home/capstone/.cache/thumbnails/large/d0cb6607e7e506db30cd1ae62b5f56c6.png
[2946] pool-org.gnome. O /home/capstone/.cache/thumbnails/large/7ddccda294146e375017ccc16c0d0fbe.png
[2946] pool-org.gnome. O /home/capstone/.cache/thumbnails/large/2d7c1f699f5ae72ad42bc2f3241a9605.png
[2946] pool-org.gnome. O /home/capstone/.cache/thumbnails/large/7ddccda294146e375017ccc16c0d0fbe.png
[2946] pool-org.gnome. O /home/capstone/.cache/thumbnails/large/ee9142d0cfa2fe2b819b1d0b9cc6bad2.png
[2946] pool-org.gnome. O /home/capstone/.cache/thumbnails/large/ee9142d0cfa2fe2b819b1d0b9cc6bad2.png
[2946] pool-org.gnome. O /home/capstone/.cache/thumbnails/large/e86ce0881dac088d65cb8d77d45c9eba.png
[2946] pool-org.gnome. O /home/capstone/.cache/thumbnails/large/e86ce0881dac088d65cb8d77d45c9eba.png
[2946] pool-org.gnome. O /home/capstone/.cache/thumbnails/large/6f3445ddc536bfaf9fc85c2dda37572d.png
[2946] pool-org.gnome. O /home/capstone/.cache/thumbnails/large/6f3445ddc536bfaf9fc85c2dda37572d.png
[2946] pool-org.gnome. O /home/capstone/.cache/thumbnails/large/169f35bb7d3407b516844aca4a413379.png
[2946] pool-org.gnome. O /home/capstone/.cache/thumbnails/large/26976dc650a5e5707bfcdeacb1c7d304.png
[2946] pool-org.gnome. O /home/capstone/.cache/thumbnails/large/169f35bb7d3407b516844aca4a413379.png
[2946] pool-org.gnome. O /home/capstone/.cache/thumbnails/large/ac0fda10c9c362d4dab10d23da53633f.png
[2946] pool-org.gnome. O /home/capstone/.cache/thumbnails/large/ac0fda10c9c362d4dab10d23da53633f.png
[2946] pool-org.gnome. O /home/capstone/.cache/thumbnails/large/24156e8baaf8db6952d94e1809507f46.png
[2946] pool-org.gnome. O /home/capstone/.cache/thumbnails/large/db126511d1178eb53c37c9dd75913fa0.png
[2946] pool-org.gnome. O /home/capstone/.cache/thumbnails/large/db126511d1178eb53c37c9dd75913fa0.png
[2946] pool-org.gnome. O /home/capstone/.cache/thumbnails/large/75011dcc7249cbcc2178374da436ca6c.png
[2946] pool-org.gnome. O /home/capstone/.cache/thumbnails/large/75011dcc7249cbcc2178374da436ca6c.png
[2946] pool-org.gnome. O /home/capstone/.cache/thumbnails/large/8652569fccd49891e275576641fa0293.png
[2946] pool-org.gnome. O /home/capstone/.cache/thumbnails/large/8652569fccd49891e275576641fa0293.png
[2946] pool-org.gnome. O /home/capstone/.cache/thumbnails/large/ec6c79d86baa8c90177824f1e45b40d9.png
[2946] pool-org.gnome. O /home/capstone/.cache/thumbnails/large/ec6c79d86baa8c90177824f1e45b40d9.png
[2946] pool-org.gnome. O /home/capstone/.cache/thumbnails/large/add1700f34cd154e3b95795a87e456aa.png
[2946] pool-org.gnome. O /home/capstone/.cache/thumbnails/large/838b914bb758c59ff868810e4a4d1a68.png
[2946] pool-org.gnome. O /home/capstone/.cache/thumbnails/large/add1700f34cd154e3b95795a87e456aa.png
[2946] pool-org.gnome. O /home/capstone/.cache/thumbnails/large/c9e088e585c5ada54252e32301761cb0.png
[2946] pool-org.gnome. O /home/capstone/.cache/thumbnails/large/c9e088e585c5ada54252e32301761cb0.png
[2946] pool-org.gnome. O /home/capstone/.cache/thumbnails/large/374aa81358cdc868099b8609bfe55bdc.png
[2946] pool-org.gnome. O /home/capstone/.cache/thumbnails/large/374aa81358cdc868099b8609bfe55bdc.png
[2946] pool-org.gnome. O /home/capstone/.cache/thumbnails/large/9c09301ef512618c11c8773dbafa264f.png
[2946] pool-org.gnome. O /home/capstone/.cache/thumbnails/large/9c09301ef512618c11c8773dbafa264f.png
[2946] pool-org.gnome. O /home/capstone/.cache/thumbnails/large/6bc52c53a2ff8827eea15901ca024d20.png
[2946] pool-org.gnome. O /home/capstone/.cache/thumbnails/large/35caface1247aa37b7c8247f7f9d34c8.png
[2946] pool-org.gnome. O /home/capstone/.cache/thumbnails/large/6bc52c53a2ff8827eea15901ca024d20.png
[2946] pool-org.gnome. O /home/capstone/.cache/thumbnails/large/f623190ed7d6fb9a6388cbe51dca46fc.png
[2946] pool-org.gnome. O /home/capstone/.cache/thumbnails/large/f623190ed7d6fb9a6388cbe51dca46fc.png
[2946] pool-org.gnome. O /home/capstone/.cache/thumbnails/large/5644973053cc0a8115f337bd70b19122.png
[2946] pool-org.gnome. O /home/capstone/.cache/thumbnails/large/5644973053cc0a8115f337bd70b19122.png
[2946] pool-org.gnome. O /home/capstone/.cache/thumbnails/large/2f5c6c6a9257d435ca3283c1dfede92e.png
[2946] pool-org.gnome. O /home/capstone/.cache/thumbnails/large/2f5c6c6a9257d435ca3283c1dfede92e.png
[2946] pool-org.gnome. O /home/capstone/.cache/thumbnails/large/ecd112b5d864c307f169fd7bd33a3045.png
[2946] pool-org.gnome. O /home/capstone/.cache/thumbnails/large/ecd112b5d864c307f169fd7bd33a3045.png
[2946] pool-org.gnome. O /home/capstone/.cache/thumbnails/large/08e321fad000287856339fe228127aa3.png
[2946] pool-org.gnome. O /home/capstone/.cache/thumbnails/large/08e321fad000287856339fe228127aa3.png
[2946] pool-org.gnome. O /home/capstone/.cache/thumbnails/large/7bbdb29f486390da451de101dae21340.png
[2946] pool-org.gnome. O /home/capstone/.cache/thumbnails/large/7bbdb29f486390da451de101dae21340.png
[2946] pool-org.gnome. O /home/capstone/.cache/thumbnails/large/20b7d7e7ddff6d79a02aeebdcdd0dff6.png
[2946] pool-org.gnome. O /home/capstone/.cache/thumbnails/large/20b7d7e7ddff6d79a02aeebdcdd0dff6.png
[2946] pool-org.gnome. O /home/capstone/.cache/thumbnails/large/422953e0006621ae06b64ce91dafe8fd.png
[2946] pool-org.gnome. O /home/capstone/.cache/thumbnails/large/fb338c3e8fb0256cf8902f3cd31b6691.png
[2946] pool-org.gnome. O /home/capstone/.cache/thumbnails/large/422953e0006621ae06b64ce91dafe8fd.png
[2946] pool-org.gnome. O /home/capstone/.cache/thumbnails/large/f15cc0f7428696299b18226f98a78152.png
[2946] pool-org.gnome. O /home/capstone/.cache/thumbnails/large/f15cc0f7428696299b18226f98a78152.png
[2946] pool-org.gnome. O /home/capstone/.cache/thumbnails/large/0985bcbfbf5f4e42488a510917b477f4.png
[2946] pool-org.gnome. O /home/capstone/.cache/thumbnails/large/0985bcbfbf5f4e42488a510917b477f4.png
[2946] pool-org.gnome. O /home/capstone/.cache/thumbnails/large/9ac6f87b0f9c2a6b06b2b0b67effe4fe.png
[2946] pool-org.gnome. O /home/capstone/.cache/thumbnails/large/9ac6f87b0f9c2a6b06b2b0b67effe4fe.png
[2946] pool-org.gnome. O /home/capstone/.cache/thumbnails/large/f72cd194a0ac6663928a0ae0974a4fe3.png
[2946] pool-org.gnome. O /home/capstone/.cache/thumbnails/large/f72cd194a0ac6663928a0ae0974a4fe3.png
[2946] pool-org.gnome. O /home/capstone/.cache/thumbnails/large/5b80d539f7fa14a784e15ccc7412cec2.png
[2946] pool-org.gnome. O /home/capstone/.cache/thumbnails/large/5b80d539f7fa14a784e15ccc7412cec2.png
[2946] pool-org.gnome. O /home/capstone/.cache/thumbnails/large/be12dc051ae93f17b952cdf4a341c9ca.png
[2946] pool-org.gnome. O /home/capstone/.cache/thumbnails/large/be12dc051ae93f17b952cdf4a341c9ca.png
[2946] pool-org.gnome. O /home/capstone/.cache/thumbnails/large/d6e43f7e10cc28f64b16f57b0a6ded12.png
[2946] pool-org.gnome. O /home/capstone/.cache/thumbnails/large/d6e43f7e10cc28f64b16f57b0a6ded12.png
[2946] pool-org.gnome. O /home/capstone/.cache/thumbnails/large/b1f906c44858aae268081d6c67f5f79a.png
[2946] pool-org.gnome. O /home/capstone/.cache/thumbnails/large/b1f906c44858aae268081d6c67f5f79a.png
[2946] pool-org.gnome. O /home/capstone/.cache/thumbnails/large/551577e785c55b958b19c1b750ddfe74.png
[2946] pool-org.gnome. O /home/capstone/.cache/thumbnails/large/551577e785c55b958b19c1b750ddfe74.png
[2946] pool-org.gnome. O /home/capstone/.cache/thumbnails/large/9f65fc9e04f4763afce244238614891b.png
[2946] pool-org.gnome. O /home/capstone/.cache/thumbnails/large/9f65fc9e04f4763afce244238614891b.png
[2946] pool-org.gnome. O /home/capstone/.cache/thumbnails/large/c322ba19fa74fd75a89aeaf336e38335.png
[2946] pool-org.gnome. O /home/capstone/.cache/thumbnails/large/c322ba19fa74fd75a89aeaf336e38335.png
[2946] pool-org.gnome. O /home/capstone/.cache/thumbnails/large/98ed7c4a39c1905c12b8c027f177eb9c.png
[2946] pool-org.gnome. O /home/capstone/.cache/thumbnails/large/c5eeb3591752e5ce5041c9197ee2468d.png
[2946] pool-org.gnome. O /home/capstone/.cache/thumbnails/large/98ed7c4a39c1905c12b8c027f177eb9c.png
[2946] pool-org.gnome. O /home/capstone/.cache/thumbnails/large/90bc39287771e27dce6f5ec5de4841c8.png
[2946] pool-org.gnome. O /home/capstone/.cache/thumbnails/large/90bc39287771e27dce6f5ec5de4841c8.png
[2946] pool-org.gnome. O /home/capstone/.cache/thumbnails/large/cba7919508db2773fe1d63dff2724fcf.png
[2946] pool-org.gnome. O /home/capstone/.cache/thumbnails/large/cba7919508db2773fe1d63dff2724fcf.png
[2946] pool-org.gnome. O /home/capstone/.cache/thumbnails/large/e3c64ae8a7d61c94f77b7bf7809903e2.png
[2946] pool-org.gnome. O /home/capstone/.cache/thumbnails/large/e3c64ae8a7d61c94f77b7bf7809903e2.png
[2946] pool-org.gnome. O /home/capstone/project/test_files/000376.dbase3
[2946] pool-org.gnome. O /home/capstone/.cache/thumbnails/large/b591a2a226c43a38bdb1fc8aa8a6c7bb.png
[2946] pool-org.gnome. O /home/capstone/.cache/thumbnails/large/c219847e66cba85c416265e4fe43350e.png
[2946] pool-org.gnome. O /home/capstone/.cache/thumbnails/large/c219847e66cba85c416265e4fe43350e.png
[2946] pool-org.gnome. O /home/capstone/.cache/thumbnails/large/17cf9f28fe3c88f27ee031a2d014f418.png
[2946] pool-org.gnome. O /home/capstone/.cache/thumbnails/large/17cf9f28fe3c88f27ee031a2d014f418.png
[2946] pool-org.gnome. O /home/capstone/.cache/thumbnails/large/c8a853315c3d9d8ccd7b1f9ec6161850.png
[2946] pool-org.gnome. O /home/capstone/.cache/thumbnails/large/c8a853315c3d9d8ccd7b1f9ec6161850.png
[2946] pool-org.gnome. O /home/capstone/project/test_files/000389.dbase3
[2946] pool-org.gnome. O /home/capstone/.cache/thumbnails/large/36e6d493e6c197e2f946c531fef4098d.png
[2946] pool-org.gnome. O /home/capstone/.cache/thumbnails/large/f53f7075ccd7781dbe3dc4b0d9c5950c.png
[2946] pool-org.gnome. O /home/capstone/.cache/thumbnails/large/f53f7075ccd7781dbe3dc4b0d9c5950c.png
[2946] pool-org.gnome. O /home/capstone/.cache/thumbnails/large/cf00aa8c4abc8a3bdd8333450fbf0bb3.png
[2946] pool-org.gnome. O /home/capstone/.cache/thumbnails/large/cf00aa8c4abc8a3bdd8333450fbf0bb3.png
[2946] pool-org.gnome. O /home/capstone/.cache/thumbnails/large/7eded0a37532e6cbff3c8d602d1b9369.png
[2946] pool-org.gnome. O /home/capstone/.cache/thumbnails/large/9bb775ef1ff70c02bb4d359773709039.png
[2946] pool-org.gnome. O /home/capstone/.cache/thumbnails/large/9bb775ef1ff70c02bb4d359773709039.png
[2946] pool-org.gnome. O /home/capstone/project/test_files/000409.html
[2946] pool-org.gnome. O /home/capstone/project/test_files/000410.html
[2946] pool-org.gnome. O /home/capstone/project/test_files/000411.html
[2946] pool-org.gnome. O /home/capstone/project/test_files/000412.html
[2946] pool-org.gnome. O /home/capstone/project/test_files/000413.html
[2946] pool-org.gnome. O /home/capstone/project/test_files/000414.html
[2946] pool-org.gnome. O /home/capstone/project/test_files/000415.html
[2946] pool-org.gnome. O /home/capstone/project/test_files/000416.html
[2946] pool-org.gnome. O /home/capstone/.cache/thumbnails/large/a4eff33e8eeccf7afafd60d7ee14e86e.png
[2946] pool-org.gnome. O /home/capstone/.cache/thumbnails/large/1c12df43e631f840f337edbdeeed8693.png
[2946] pool-org.gnome. O /home/capstone/.cache/thumbnails/large/a4eff33e8eeccf7afafd60d7ee14e86e.png
[2946] pool-org.gnome. O /home/capstone/project/test_files/000418.html
[2946] pool-org.gnome. O /home/capstone/.cache/thumbnails/large/13a6aff5dd13be0272ad3001ca7774af.png
[2946] pool-org.gnome. O /home/capstone/.cache/thumbnails/large/13a6aff5dd13be0272ad3001ca7774af.png
[2946] pool-org.gnome. O /home/capstone/project/test_files/000420.html
[2946] pool-org.gnome. O /home/capstone/project/test_files/000421.html
[2946] pool-org.gnome. O /home/capstone/project/test_files/000422.html
[2946] pool-org.gnome. O /home/capstone/project/test_files/000423.html
[2946] pool-org.gnome. O /home/capstone/project/test_files/000424.html
[2946] pool-org.gnome. O /home/capstone/.cache/thumbnails/large/9723c536943465b35052e5a9a4576eac.png
[2946] pool-org.gnome. O /home/capstone/project/test_files/000425.html
[2946] pool-org.gnome. O /home/capstone/project/test_files/000426.html
[2946] pool-org.gnome. O /home/capstone/project/test_files/000427.html
[2946] pool-org.gnome. O /home/capstone/project/test_files/000428.html
[2946] pool-org.gnome. O /home/capstone/project/test_files/000429.html
[2946] pool-org.gnome. O /home/capstone/project/test_files/000430.html
[2946] pool-org.gnome. O /home/capstone/project/test_files/000431.html
[2946] pool-org.gnome. O /home/capstone/.cache/thumbnails/large/ff9efe499a786a15a091c7a766000075.png
[2946] pool-org.gnome. O /home/capstone/.cache/thumbnails/large/3bdb4c30b32b18246feff01265d76aaf.png
[2946] pool-org.gnome. O /home/capstone/.cache/thumbnails/large/3bdb4c30b32b18246feff01265d76aaf.png
[2946] pool-org.gnome. O /home/capstone/project/test_files/000433.html
[2946] pool-org.gnome. O /home/capstone/project/test_files/000434.html
[2946] pool-org.gnome. O /home/capstone/project/test_files/000435.html
[2946] pool-org.gnome. O /home/capstone/project/test_files/000436.html
[2946] pool-org.gnome. O /home/capstone/.cache/thumbnails/large/1e1447e0cf13a75c7184d340880c5d32.png
[2946] pool-org.gnome. O /home/capstone/.cache/thumbnails/large/1e1447e0cf13a75c7184d340880c5d32.png
[2946] pool-org.gnome. O /home/capstone/.cache/thumbnails/large/c02706cc5d870750451bf92f0d61e2ce.png
[2946] pool-org.gnome. O /home/capstone/project/test_files/000438.html
[2946] pool-org.gnome. O /home/capstone/project/test_files/000439.html
[2946] pool-org.gnome. O /home/capstone/project/test_files/000440.html
[2946] pool-org.gnome. O /home/capstone/project/test_files/000442.html
[2946] pool-org.gnome. O /home/capstone/.cache/thumbnails/large/d9416433f1e7176b0f3ae4481fc44f3d.png
[2946] pool-org.gnome. O /home/capstone/.cache/thumbnails/large/eba71abde8e63a2974aef95a89b7e3ab.png
[2946] pool-org.gnome. O /home/capstone/.cache/thumbnails/large/d9416433f1e7176b0f3ae4481fc44f3d.png
[2946] pool-org.gnome. O /home/capstone/project/test_files/000445.html
[2946] pool-org.gnome. O /home/capstone/project/test_files/000446.html
[2946] pool-org.gnome. O /home/capstone/project/test_files/000447.html
[2946] pool-org.gnome. O /home/capstone/project/test_files/000448.html
[2946] pool-org.gnome. O /home/capstone/project/test_files/000449.html
[2946] pool-org.gnome. O /home/capstone/project/test_files/000450.html
[2946] pool-org.gnome. O /home/capstone/.cache/thumbnails/large/dd40cdf069026751fda9f5de044403f9.png
[2946] pool-org.gnome. O /home/capstone/project/test_files/000451.html
[2946] pool-org.gnome. O /home/capstone/project/test_files/000452.html
[2946] pool-org.gnome. O /home/capstone/project/test_files/000453.html
[2946] pool-org.gnome. O /home/capstone/project/test_files/000454.html
[2946] pool-org.gnome. O /home/capstone/.cache/thumbnails/large/c59db39f9fdfec74807c587fdf14d54e.png
[2946] pool-org.gnome. O /home/capstone/project/test_files/000455.html
[2946] pool-org.gnome. O /home/capstone/project/test_files/000456.html
[2946] pool-org.gnome. O /home/capstone/project/test_files/000457.html
[2946] pool-org.gnome. O /home/capstone/project/test_files/000458.html
[2946] pool-org.gnome. O /home/capstone/project/test_files/000459.html
[2946] pool-org.gnome. O /home/capstone/project/test_files/000461.html
[2946] pool-org.gnome. O /home/capstone/.cache/thumbnails/large/46071401e2ab233f42508852279d5638.png
[2946] pool-org.gnome. O /home/capstone/project/test_files/000465.unk
[2946] pool-org.gnome. O /home/capstone/project/test_files/000466.unk
[2946] pool-org.gnome. O /home/capstone/.cache/thumbnails/large/fdd4b6f1a76fddc7d5a1bf867364fb5a.png
[2946] pool-org.gnome. O /home/capstone/.cache/thumbnails/large/fdd4b6f1a76fddc7d5a1bf867364fb5a.png
[2946] pool-org.gnome. O /home/capstone/.cache/thumbnails/large/e77e973e940f48b0c5ae20dad2892687.png
[2946] pool-org.gnome. O /home/capstone/.cache/thumbnails/large/2dabbd1aba2fcb91cca62487fd0da3f8.png
[2946] pool-org.gnome. O /home/capstone/.cache/thumbnails/large/2dabbd1aba2fcb91cca62487fd0da3f8.png
[2946] pool-org.gnome. O /home/capstone/.cache/thumbnails/large/afa94d1998eb241e482199197fe25aa1.png
[2946] pool-org.gnome. O /home/capstone/.cache/thumbnails/large/afa94d1998eb241e482199197fe25aa1.png
[2946] pool-org.gnome. O /home/capstone/project/test_files/000488.unk
[2946] pool-org.gnome. O /home/capstone/.cache/thumbnails/large/33cc73f19395cd3dc960bf8dea98e731.png
[2946] pool-org.gnome. O /home/capstone/project/test_files/000495.unk
[2946] pool-org.gnome. O /home/capstone/.cache/thumbnails/large/6429835ed159abe15885001bb699476b.png
[2946] pool-org.gnome. O /home/capstone/.cache/thumbnails/large/fad2c185f30e91ccf957d198e20ceb58.png
[2946] pool-org.gnome. O /home/capstone/.cache/thumbnails/large/fad2c185f30e91ccf957d198e20ceb58.png
[2946] pool-org.gnome. O /home/capstone/.cache/thumbnails/large/e841d500f79d40cc720eddfe9fefaed6.png
[2946] pool-org.gnome. O /home/capstone/.cache/thumbnails/large/e841d500f79d40cc720eddfe9fefaed6.png
[2946] pool-org.gnome. O /home/capstone/.cache/thumbnails/large/30631a770466b67fef84681ff478bed6.png
[2946] pool-org.gnome. O /home/capstone/.cache/thumbnails/large/30631a770466b67fef84681ff478bed6.png
[2946] pool-org.gnome. O /home/capstone/.cache/thumbnails/large/34b4147eee6e4c07cc99023aa767d869.png
[2946] pool-org.gnome. O /home/capstone/.cache/thumbnails/large/d4be38332601d015df2be50a47b9acd0.png
[2946] pool-org.gnome. O /home/capstone/.cache/thumbnails/large/34b4147eee6e4c07cc99023aa767d869.png
[2946] pool-org.gnome. O /home/capstone/.cache/thumbnails/large/2a60aded8cdf6e9d4c771b8d9680d265.png
[2946] pool-org.gnome. O /home/capstone/.cache/thumbnails/large/2a60aded8cdf6e9d4c771b8d9680d265.png
[2946] pool-org.gnome. O /home/capstone/.cache/thumbnails/large/56dfa45ed422c192247aa4d2bec6d16e.png
[2946] pool-org.gnome. O /home/capstone/.cache/thumbnails/large/56dfa45ed422c192247aa4d2bec6d16e.png
[2946] pool-org.gnome. O /home/capstone/.cache/thumbnails/large/39a83b089035b0c0154bedfda75f8a34.png
[2946] pool-org.gnome. O /home/capstone/.cache/thumbnails/large/39a83b089035b0c0154bedfda75f8a34.png
[2946] pool-org.gnome. O /home/capstone/.cache/thumbnails/large/c82daa38e275297b74ae006100d9e85d.png
[2946] pool-org.gnome. O /home/capstone/.cache/thumbnails/large/912708113a5b041b618ea4414c73718f.png
[2946] pool-org.gnome. O /home/capstone/.cache/thumbnails/large/c82daa38e275297b74ae006100d9e85d.png
[2946] pool-org.gnome. O /home/capstone/.cache/thumbnails/large/382f79e9b547121d74545415aefb00d0.png
[2946] pool-org.gnome. O /home/capstone/.cache/thumbnails/large/382f79e9b547121d74545415aefb00d0.png
[2946] pool-org.gnome. O /home/capstone/.cache/thumbnails/large/97aaa474f7e9099d8547c16b8a4f3838.png
[2946] pool-org.gnome. O /home/capstone/.cache/thumbnails/large/2c40db346a24987a566eea2333ff71af.png
[2946] pool-org.gnome. O /home/capstone/.cache/thumbnails/large/97aaa474f7e9099d8547c16b8a4f3838.png
[2946] pool-org.gnome. O /home/capstone/.cache/thumbnails/large/a77edecac0050f0f10c84c0fa843ae89.png
[2946] pool-org.gnome. O /home/capstone/.cache/thumbnails/large/a77edecac0050f0f10c84c0fa843ae89.png
[2946] pool-org.gnome. O /home/capstone/.cache/thumbnails/large/aabac65019131e13779573c921ab4011.png
[2946] pool-org.gnome. O /home/capstone/.cache/thumbnails/large/aabac65019131e13779573c921ab4011.png
[2946] pool-org.gnome. O /home/capstone/.cache/thumbnails/large/02292abdc596752428f48ac04af258f6.png
[2946] pool-org.gnome. O /home/capstone/.cache/thumbnails/large/3d65521dca5e46990c0a106941df97b1.png
[2946] pool-org.gnome. O /home/capstone/.cache/thumbnails/large/02292abdc596752428f48ac04af258f6.png
[2946] pool-org.gnome. O /home/capstone/.cache/thumbnails/large/b0c008c8059c8122c51af7b97d3c7a2b.png
[2946] pool-org.gnome. O /home/capstone/.cache/thumbnails/large/b0c008c8059c8122c51af7b97d3c7a2b.png
[2946] pool-org.gnome. O /home/capstone/.cache/thumbnails/large/f66ba01066357af22e907b2d31b68097.png
[2946] pool-org.gnome. O /home/capstone/.cache/thumbnails/large/f66ba01066357af22e907b2d31b68097.png
[2946] pool-org.gnome. O /home/capstone/.cache/thumbnails/large/c3aeb861c1d2518fdf7902cd7b9e4f24.png
[2946] pool-org.gnome. O /home/capstone/.cache/thumbnails/large/c3aeb861c1d2518fdf7902cd7b9e4f24.png
[2946] pool-org.gnome. O /home/capstone/.cache/thumbnails/large/e14a8641ffc3aa97025d7ced2e235699.png
[2946] pool-org.gnome. O /home/capstone/.cache/thumbnails/large/50582c4512de09a804828f6d0087acd5.png
[2946] pool-org.gnome. O /home/capstone/.cache/thumbnails/large/e14a8641ffc3aa97025d7ced2e235699.png
[2946] pool-org.gnome. O /home/capstone/project/test_files/000523.png
[2946] pool-org.gnome. O /home/capstone/.cache/thumbnails/large/becc41954d88d439eed84fdf4853d603.png
[2946] pool-org.gnome. O /home/capstone/.cache/thumbnails/large/becc41954d88d439eed84fdf4853d603.png
[2946] pool-org.gnome. O /home/capstone/.cache/thumbnails/large/14fc0bb5c372aa56c636770436fd557d.png
[2946] pool-org.gnome. O /home/capstone/.cache/thumbnails/large/14fc0bb5c372aa56c636770436fd557d.png
[2946] pool-org.gnome. O /home/capstone/.cache/thumbnails/large/90cebcfebc67507abf66b8d8fe862ae5.png
[2946] pool-org.gnome. O /home/capstone/.cache/thumbnails/large/33d42d51c445839b06fc7994b31b45c4.png
[2946] pool-org.gnome. O /home/capstone/.cache/thumbnails/large/90cebcfebc67507abf66b8d8fe862ae5.png
[2946] pool-org.gnome. O /home/capstone/.cache/thumbnails/large/1f6583825c850e9a1a2515ca88e3c29a.png
[2946] pool-org.gnome. O /home/capstone/.cache/thumbnails/large/1f6583825c850e9a1a2515ca88e3c29a.png
[2946] pool-org.gnome. O /home/capstone/.cache/thumbnails/large/1df0dce932854e095d740d2adb62c8c8.png
[2946] pool-org.gnome. O /home/capstone/.cache/thumbnails/large/1df0dce932854e095d740d2adb62c8c8.png
[2946] pool-org.gnome. O /home/capstone/.cache/thumbnails/large/a24b55e3287bc72a85ea903a6576ee25.png
[2946] pool-org.gnome. O /home/capstone/.cache/thumbnails/large/a24b55e3287bc72a85ea903a6576ee25.png
[2946] pool-org.gnome. O /home/capstone/.cache/thumbnails/large/e971a703990486fe965412fdb6f4ad3b.png
[2946] pool-org.gnome. O /home/capstone/.cache/thumbnails/large/e971a703990486fe965412fdb6f4ad3b.png
[2946] pool-org.gnome. O /home/capstone/.cache/thumbnails/large/25a756d78016541daf6685d9dad97e76.png
[2946] pool-org.gnome. O /home/capstone/.cache/thumbnails/large/25a756d78016541daf6685d9dad97e76.png
[2946] pool-org.gnome. O /home/capstone/.cache/thumbnails/large/370f2cd6523e658a53a7dd08f39715b5.png
[2946] pool-org.gnome. O /home/capstone/.cache/thumbnails/large/370f2cd6523e658a53a7dd08f39715b5.png
[2946] pool-org.gnome. O /home/capstone/.cache/thumbnails/large/e75c680e725e6383b9bb468f40a59065.png
[2946] pool-org.gnome. O /home/capstone/.cache/thumbnails/large/e75c680e725e6383b9bb468f40a59065.png
[2946] pool-org.gnome. O /home/capstone/.cache/thumbnails/large/ea21c9a965c7f37e8daaf34558291437.png
[2946] pool-org.gnome. O /home/capstone/.cache/thumbnails/large/ea21c9a965c7f37e8daaf34558291437.png
[2946] pool-org.gnome. O /home/capstone/.cache/thumbnails/large/a20f55943ede44964836289cab515ee4.png
[2946] pool-org.gnome. O /home/capstone/.cache/thumbnails/large/60fe4e0aaa1d15c22138e4bc5ceb4b03.png
[2946] pool-org.gnome. O /home/capstone/.cache/thumbnails/large/a20f55943ede44964836289cab515ee4.png
[2946] pool-org.gnome. O /home/capstone/.cache/thumbnails/large/5d98957e5115fe104f3d0251623b105f.png
[2946] pool-org.gnome. O /home/capstone/.cache/thumbnails/large/5d98957e5115fe104f3d0251623b105f.png
[2946] pool-org.gnome. O /home/capstone/.cache/thumbnails/large/63edebd8746599e1f1e6f22aa626bc59.png
[2946] pool-org.gnome. O /home/capstone/.cache/thumbnails/large/63edebd8746599e1f1e6f22aa626bc59.png
[2946] pool-org.gnome. O /home/capstone/.cache/thumbnails/large/ce4650099c55dfccfc652ab2d792727d.png
[2946] pool-org.gnome. O /home/capstone/.cache/thumbnails/large/ce4650099c55dfccfc652ab2d792727d.png
[2946] pool-org.gnome. O /home/capstone/.cache/thumbnails/large/a5d624a283d5bd1fc7045a54f57b3d4b.png
[2946] pool-org.gnome. O /home/capstone/.cache/thumbnails/large/f51afee966b12a6497644e810810c5f0.png
[2946] pool-org.gnome. O /home/capstone/.cache/thumbnails/large/a5d624a283d5bd1fc7045a54f57b3d4b.png
[2946] pool-org.gnome. O /home/capstone/.cache/thumbnails/large/baea30754caefa2adc80a69681d184d8.png
[2946] pool-org.gnome. O /home/capstone/.cache/thumbnails/large/baea30754caefa2adc80a69681d184d8.png
[2946] pool-org.gnome. O /home/capstone/.cache/thumbnails/large/80d1b95f94098788209b45b7adcb6673.png
[2946] pool-org.gnome. O /home/capstone/.cache/thumbnails/large/80d1b95f94098788209b45b7adcb6673.png
[2946] pool-org.gnome. O /home/capstone/.cache/thumbnails/large/429a9fcc20fa23fba171a055cd3c91bf.png
[2946] pool-org.gnome. O /home/capstone/.cache/thumbnails/large/429a9fcc20fa23fba171a055cd3c91bf.png
[2946] pool-org.gnome. O /home/capstone/.cache/thumbnails/large/f2a74c04648e08a440901f5eb2de23a8.png
[2946] pool-org.gnome. O /home/capstone/.cache/thumbnails/large/f2a74c04648e08a440901f5eb2de23a8.png
[2946] pool-org.gnome. O /home/capstone/.cache/thumbnails/large/e3aca09a0266facd43709f265b4571a3.png
[2946] pool-org.gnome. O /home/capstone/.cache/thumbnails/large/e3aca09a0266facd43709f265b4571a3.png
[2946] pool-org.gnome. O /home/capstone/.cache/thumbnails/large/d81be1133720a17f445ebd24b6d9909b.png
[2946] pool-org.gnome. O /home/capstone/.cache/thumbnails/large/d81be1133720a17f445ebd24b6d9909b.png
[2946] pool-org.gnome. O /home/capstone/.cache/thumbnails/large/79297399518a9958f08016b9b54a4a10.png
[2946] pool-org.gnome. O /home/capstone/.cache/thumbnails/large/79297399518a9958f08016b9b54a4a10.png
[2946] pool-org.gnome. O /home/capstone/.cache/thumbnails/large/4bdaa8c14ae7ef32d6c5b8354caaf81b.png
[2946] pool-org.gnome. O /home/capstone/.cache/thumbnails/large/d55e91ea67a705c907f489e00e5891dc.png
[2946] pool-org.gnome. O /home/capstone/.cache/thumbnails/large/d55e91ea67a705c907f489e00e5891dc.png
[2946] pool-org.gnome. O /home/capstone/.cache/thumbnails/large/deaa069aa4330bbcd71b00f94899ecea.png
[2946] pool-org.gnome. O /home/capstone/.cache/thumbnails/large/deaa069aa4330bbcd71b00f94899ecea.png
[2946] pool-org.gnome. O /home/capstone/.cache/thumbnails/large/9bd4dfb9014aa042efb212ee330093bc.png
[2946] pool-org.gnome. O /home/capstone/.cache/thumbnails/large/9bd4dfb9014aa042efb212ee330093bc.png
[2946] pool-org.gnome. O /home/capstone/.cache/thumbnails/large/ff7d701949aae3e4ce79b90eeeaebe03.png
[2946] pool-org.gnome. O /home/capstone/.cache/thumbnails/large/1559e79d7d5ac34d60ec1be4f13a0acb.png
[2946] pool-org.gnome. O /home/capstone/.cache/thumbnails/large/1559e79d7d5ac34d60ec1be4f13a0acb.png
[2946] pool-org.gnome. O /home/capstone/.cache/thumbnails/large/446ec11af240fd30c5283ee8aa78f664.png
[2946] pool-org.gnome. O /home/capstone/.cache/thumbnails/large/446ec11af240fd30c5283ee8aa78f664.png
[2946] pool-org.gnome. O /home/capstone/project/test_files/000552.html
[2946] pool-org.gnome. O /home/capstone/project/test_files/000553.html
[2946] pool-org.gnome. O /home/capstone/project/test_files/000554.html
[2946] pool-org.gnome. O /home/capstone/project/test_files/000555.html
[2946] pool-org.gnome. O /home/capstone/.cache/thumbnails/large/85227ba070aa6e3b02a01493acfadcac.png
[2946] pool-org.gnome. O /home/capstone/.cache/thumbnails/large/788cb793640276942811cde3a7a638ea.png
[2946] pool-org.gnome. O /home/capstone/.cache/thumbnails/large/788cb793640276942811cde3a7a638ea.png
[2946] pool-org.gnome. O /home/capstone/.cache/thumbnails/large/981aa13e7d3eb05670f0313a31dccd24.png
[2946] pool-org.gnome. O /home/capstone/.cache/thumbnails/large/981aa13e7d3eb05670f0313a31dccd24.png
[2946] pool-org.gnome. O /home/capstone/.cache/thumbnails/large/585423ea621871355ac2ca2e0cef4233.png
[2946] pool-org.gnome. O /home/capstone/.cache/thumbnails/large/585423ea621871355ac2ca2e0cef4233.png
[2946] pool-org.gnome. O /home/capstone/.cache/thumbnails/large/e4478daa620bbb06fa7308f032f90b98.png
[2946] pool-org.gnome. O /home/capstone/.cache/thumbnails/large/e4478daa620bbb06fa7308f032f90b98.png
[2946] pool-org.gnome. O /home/capstone/.cache/thumbnails/large/32fa484fe987ca5c5b6ec63a4acacf93.png
[2946] pool-org.gnome. O /home/capstone/.cache/thumbnails/large/32fa484fe987ca5c5b6ec63a4acacf93.png
[2946] pool-org.gnome. O /home/capstone/.cache/thumbnails/large/64fc2c91de59e2397913a5f234af5580.png
[2946] pool-org.gnome. O /home/capstone/.cache/thumbnails/large/64fc2c91de59e2397913a5f234af5580.png
[2946] pool-org.gnome. O /home/capstone/.cache/thumbnails/large/2fd61057f2ae0a4ca6e7d746e79a37c0.png
[2946] pool-org.gnome. O /home/capstone/.cache/thumbnails/large/2fd61057f2ae0a4ca6e7d746e79a37c0.png
[2946] pool-org.gnome. O /home/capstone/.cache/thumbnails/large/503eb33d9f28b8f679452ea8a900ae80.png
[2946] pool-org.gnome. O /home/capstone/.cache/thumbnails/large/503eb33d9f28b8f679452ea8a900ae80.png
[2946] pool-org.gnome. O /home/capstone/.cache/thumbnails/large/dff6199ca8efabfcc6218d3ac99b21eb.png
[2946] pool-org.gnome. O /home/capstone/.cache/thumbnails/large/dff6199ca8efabfcc6218d3ac99b21eb.png
[2946] pool-org.gnome. O /home/capstone/.cache/thumbnails/large/41f53b189165d2d21c509ecdc45b0fcc.png
[2946] pool-org.gnome. O /home/capstone/.cache/thumbnails/large/41f53b189165d2d21c509ecdc45b0fcc.png
[2946] pool-org.gnome. O /home/capstone/.cache/thumbnails/large/cfd10bacc7a59db933cbcb096687f690.png
[2946] pool-org.gnome. O /home/capstone/.cache/thumbnails/large/cfd10bacc7a59db933cbcb096687f690.png
[2946] pool-org.gnome. O /home/capstone/.cache/thumbnails/large/8aee80cbf391ccd684a3a54c428d4913.png
[2946] pool-org.gnome. O /home/capstone/.cache/thumbnails/large/444d4d1ac51d4010aa89abfe696d8516.png
[2946] pool-org.gnome. O /home/capstone/.cache/thumbnails/large/444d4d1ac51d4010aa89abfe696d8516.png
[2946] pool-org.gnome. O /home/capstone/.cache/thumbnails/large/75e62960f12d05508f1ab87b6ff20538.png
[2946] pool-org.gnome. O /home/capstone/.cache/thumbnails/large/75e62960f12d05508f1ab87b6ff20538.png
[2946] pool-org.gnome. O /home/capstone/.cache/thumbnails/large/634a7f1255718fa7ea24ed25e9b03d1b.png
[2946] pool-org.gnome. O /home/capstone/.cache/thumbnails/large/634a7f1255718fa7ea24ed25e9b03d1b.png
[2946] pool-org.gnome. O /home/capstone/.cache/thumbnails/large/2a4dc86b70a5683746bd886f49f35582.png
[2946] pool-org.gnome. O /home/capstone/.cache/thumbnails/large/2a4dc86b70a5683746bd886f49f35582.png
[2946] pool-org.gnome. O /home/capstone/.cache/thumbnails/large/c0d52cd8c5ba780a192030de6690ea03.png
[2946] pool-org.gnome. O /home/capstone/.cache/thumbnails/large/c0d52cd8c5ba780a192030de6690ea03.png
[2946] pool-org.gnome. O /home/capstone/.cache/thumbnails/large/6cee1ce3c8fdbeb0ab3797608de88ce1.png
[2946] pool-org.gnome. O /home/capstone/.cache/thumbnails/large/6cee1ce3c8fdbeb0ab3797608de88ce1.png
[2946] pool-org.gnome. O /home/capstone/.cache/thumbnails/large/94334dca41eeb31481904d515c7e9530.png
[2946] pool-org.gnome. O /home/capstone/.cache/thumbnails/large/94334dca41eeb31481904d515c7e9530.png
[2946] pool-org.gnome. O /home/capstone/.cache/thumbnails/large/4c369b8107cf08a8d5b1faec026f1dbd.png
[2946] pool-org.gnome. O /home/capstone/.cache/thumbnails/large/4c369b8107cf08a8d5b1faec026f1dbd.png
[2946] pool-org.gnome. O /home/capstone/.cache/thumbnails/large/276092f04b6f24723d9414306a1bb95c.png
[2946] pool-org.gnome. O /home/capstone/.cache/thumbnails/large/276092f04b6f24723d9414306a1bb95c.png
[2946] pool-org.gnome. O /home/capstone/.cache/thumbnails/large/865621b2a2fca98a552134f7e02c5202.png
[2946] pool-org.gnome. O /home/capstone/.cache/thumbnails/large/5b71151517436d9d80c384b179c1b760.png
[2946] pool-org.gnome. O /home/capstone/.cache/thumbnails/large/865621b2a2fca98a552134f7e02c5202.png
[2946] pool-org.gnome. O /home/capstone/.cache/thumbnails/large/8433047f267815e298031d4988ecb02c.png
[2946] pool-org.gnome. O /home/capstone/.cache/thumbnails/large/8433047f267815e298031d4988ecb02c.png
[2946] pool-org.gnome. O /home/capstone/.cache/thumbnails/large/9d8ffb6a37e9877870d98521bbe73950.png
[2946] pool-org.gnome. O /home/capstone/.cache/thumbnails/large/9d8ffb6a37e9877870d98521bbe73950.png
[2946] pool-org.gnome. O /home/capstone/.cache/thumbnails/large/d3a9d617907837bcbde83c9410d6342b.png
[2946] pool-org.gnome. O /home/capstone/.cache/thumbnails/large/d3a9d617907837bcbde83c9410d6342b.png
[2946] pool-org.gnome. O /home/capstone/.cache/thumbnails/large/47eb9e69ed0cade5449630068712c161.png
[2946] pool-org.gnome. O /home/capstone/.cache/thumbnails/large/265e9b5a3cd59d66ea4d6c1a11c21f13.png
[2946] pool-org.gnome. O /home/capstone/.cache/thumbnails/large/47eb9e69ed0cade5449630068712c161.png
[2946] pool-org.gnome. O /home/capstone/.cache/thumbnails/large/5bfd428ab808c151e72799d5cc5cfd38.png
[2946] pool-org.gnome. O /home/capstone/.cache/thumbnails/large/5bfd428ab808c151e72799d5cc5cfd38.png
[2946] pool-org.gnome. O /home/capstone/.cache/thumbnails/large/51b34fdc97e90e8588f534fcee724338.png
[2946] pool-org.gnome. O /home/capstone/.cache/thumbnails/large/51b34fdc97e90e8588f534fcee724338.png
[2946] pool-org.gnome. O /home/capstone/.cache/thumbnails/large/9b95eb8db76bd4477f066839465a3a86.png
[2946] pool-org.gnome. O /home/capstone/.cache/thumbnails/large/9b95eb8db76bd4477f066839465a3a86.png
[2946] pool-org.gnome. O /home/capstone/.cache/thumbnails/large/d447c5936ca3530c05acf9d1ad3f39aa.png
[2946] pool-org.gnome. O /home/capstone/.cache/thumbnails/large/d447c5936ca3530c05acf9d1ad3f39aa.png
[2946] pool-org.gnome. O /home/capstone/.cache/thumbnails/large/9e7d54cfad6e660b41d1d6afd3210536.png
[2946] pool-org.gnome. O /home/capstone/.cache/thumbnails/large/9e7d54cfad6e660b41d1d6afd3210536.png
[2946] pool-org.gnome. O /home/capstone/project/test_files/000597.html
[2946] pool-org.gnome. O /home/capstone/project/test_files/000598.html
[2946] pool-org.gnome. O /home/capstone/project/test_files/000599.html
[2946] pool-org.gnome. O /home/capstone/.cache/thumbnails/large/71cf0e62a9cd515acfcffe682ad44e75.png
[2946] pool-org.gnome. O /home/capstone/project/test_files/000600.html
[2946] pool-org.gnome. O /home/capstone/project/test_files/000601.html
[2946] pool-org.gnome. O /home/capstone/.cache/thumbnails/large/63215eaf06571e99c26759225f909d43.png
[2946] pool-org.gnome. O /home/capstone/.cache/thumbnails/large/63215eaf06571e99c26759225f909d43.png
[2946] pool-org.gnome. O /home/capstone/project/test_files/000604.html
[2946] pool-org.gnome. O /home/capstone/.cache/thumbnails/large/e75555eeaa9d7990e72a4affcfdc222f.png
[2946] pool-org.gnome. O /home/capstone/.cache/thumbnails/large/e75555eeaa9d7990e72a4affcfdc222f.png
[2946] pool-org.gnome. O /home/capstone/.cache/thumbnails/large/9eafe0fa0b341b11cfbaccd9b6077e8a.png
[2946] pool-org.gnome. O /home/capstone/.cache/thumbnails/large/9eafe0fa0b341b11cfbaccd9b6077e8a.png
[2946] pool-org.gnome. O /home/capstone/.cache/thumbnails/large/643eb670f440d4c47dec75e7f5dc09d5.png
[2946] pool-org.gnome. O /home/capstone/project/test_files/000607.html
[2946] pool-org.gnome. O /home/capstone/project/test_files/000608.html
[2946] pool-org.gnome. O /home/capstone/project/test_files/000609.html
[2946] pool-org.gnome. O /home/capstone/.cache/thumbnails/large/b52109071a6a16d0fc00eb83cd2bb6bf.png
[2946] pool-org.gnome. O /home/capstone/.cache/thumbnails/large/b52109071a6a16d0fc00eb83cd2bb6bf.png
[2946] pool-org.gnome. O /home/capstone/project/test_files/000611.html
[2946] pool-org.gnome. O /home/capstone/project/test_files/000612.html
[2946] pool-org.gnome. O /home/capstone/project/test_files/000613.html
[2946] pool-org.gnome. O /home/capstone/.cache/thumbnails/large/5f75e64b77ad9ec8dc63d941f5270905.png
[2946] pool-org.gnome. O /home/capstone/.cache/thumbnails/large/5f75e64b77ad9ec8dc63d941f5270905.png
[2946] pool-org.gnome. O /home/capstone/project/test_files/000615.html
[2946] pool-org.gnome. O /home/capstone/project/test_files/000616.html
[2946] pool-org.gnome. O /home/capstone/project/test_files/000617.html
[2946] pool-org.gnome. O /home/capstone/.cache/thumbnails/large/bcc2f6c85a204c6e7e316863ebae30fa.png
[2946] pool-org.gnome. O /home/capstone/.cache/thumbnails/large/bcc2f6c85a204c6e7e316863ebae30fa.png
[2946] pool-org.gnome. O /home/capstone/project/test_files/000623.html
[2946] pool-org.gnome. O /home/capstone/.cache/thumbnails/large/845063f371b64cf3a8cab51002b00071.png
[2946] pool-org.gnome. O /home/capstone/.cache/thumbnails/large/845063f371b64cf3a8cab51002b00071.png
[2946] pool-org.gnome. O /home/capstone/.cache/thumbnails/large/c9338c1b1a332a5974adbd76f88c2f1f.png
[2946] pool-org.gnome. O /home/capstone/.cache/thumbnails/large/c9338c1b1a332a5974adbd76f88c2f1f.png
[2946] pool-org.gnome. O /home/capstone/.cache/thumbnails/large/09b928cf9db7b4cbcbcc1504eb851160.png
[2946] pool-org.gnome. O /home/capstone/.cache/thumbnails/large/09b928cf9db7b4cbcbcc1504eb851160.png
[2946] pool-org.gnome. O /home/capstone/.cache/thumbnails/large/f6d7d8d49c448223dc5133e29c968a07.png
[2946] pool-org.gnome. O /home/capstone/.cache/thumbnails/large/f6d7d8d49c448223dc5133e29c968a07.png
[2946] pool-org.gnome. O /home/capstone/.cache/thumbnails/large/f0caa5d778f57cab0772691c3c4d3a6b.png
[2946] pool-org.gnome. O /home/capstone/.cache/thumbnails/large/f0caa5d778f57cab0772691c3c4d3a6b.png
[2946] pool-org.gnome. O /home/capstone/project/test_files/000634.html
[2946] pool-org.gnome. O /home/capstone/.cache/thumbnails/large/8873e70108d3d91b2507bbb487167a87.png
[2946] pool-org.gnome. O /home/capstone/project/test_files/000635.html
[2946] pool-org.gnome. O /home/capstone/project/test_files/000636.html
[2946] pool-org.gnome. O /home/capstone/project/test_files/000637.html
[2946] pool-org.gnome. O /home/capstone/project/test_files/000638.html
[2946] pool-org.gnome. O /home/capstone/project/test_files/000639.html
[2946] pool-org.gnome. O /home/capstone/project/test_files/000640.html
[2946] pool-org.gnome. O /home/capstone/.cache/thumbnails/large/c0976cb4f67c2a97960ad9db8ff0fdbe.png
[2946] pool-org.gnome. O /home/capstone/.cache/thumbnails/large/b7c5450dcaefcca4990651886c1f49ca.png
[2946] pool-org.gnome. O /home/capstone/.cache/thumbnails/large/b7c5450dcaefcca4990651886c1f49ca.png
[2946] pool-org.gnome. O /home/capstone/.cache/thumbnails/large/212171c738ecfb7e031c3755f85f2ddf.png
[2946] pool-org.gnome. O /home/capstone/.cache/thumbnails/large/212171c738ecfb7e031c3755f85f2ddf.png
[2946] pool-org.gnome. O /home/capstone/.cache/thumbnails/large/93d8305a291a11cce0182e2d520cd22e.png
[2946] pool-org.gnome. O /home/capstone/.cache/thumbnails/large/93d8305a291a11cce0182e2d520cd22e.png
[2946] pool-org.gnome. O /home/capstone/.cache/thumbnails/large/a7dd16af29eea715d00833d6f7f4bd28.png
[2946] pool-org.gnome. O /home/capstone/.cache/thumbnails/large/a7dd16af29eea715d00833d6f7f4bd28.png
[2946] pool-org.gnome. O /home/capstone/.cache/thumbnails/large/2e5eb82011f6eb7a9df803dbd57f2863.png
[2946] pool-org.gnome. O /home/capstone/.cache/thumbnails/large/2e5eb82011f6eb7a9df803dbd57f2863.png
[2946] pool-org.gnome. O /home/capstone/.cache/thumbnails/large/7cefcfe4cd1d4536d9bdcdfc1545d9c1.png
[2946] pool-org.gnome. O /home/capstone/.cache/thumbnails/large/7cefcfe4cd1d4536d9bdcdfc1545d9c1.png
[2946] pool-org.gnome. O /home/capstone/.cache/thumbnails/large/5b6671be8e10394062e441e3620a9cb4.png
[2946] pool-org.gnome. O /home/capstone/.cache/thumbnails/large/bbcadf07efbf73a44ed273a73923bfe3.png
[2946] pool-org.gnome. O /home/capstone/.cache/thumbnails/large/5b6671be8e10394062e441e3620a9cb4.png
[2946] pool-org.gnome. O /home/capstone/.cache/thumbnails/large/99b7557a0db1645d75b5bbc7fded036b.png
[2946] pool-org.gnome. O /home/capstone/.cache/thumbnails/large/99b7557a0db1645d75b5bbc7fded036b.png
[2946] pool-org.gnome. O /home/capstone/.cache/thumbnails/large/ea74733a76a2a2a4f993aa9d5916152a.png
[2946] pool-org.gnome. O /home/capstone/.cache/thumbnails/large/ea74733a76a2a2a4f993aa9d5916152a.png
[2946] pool-org.gnome. O /home/capstone/project/test_files/000692.html
[2946] pool-org.gnome. O /home/capstone/project/test_files/000694.html
[2946] pool-org.gnome. O /home/capstone/.cache/thumbnails/large/f6f1b82b722cde2458a1c607f9f6629b.png
[2946] pool-org.gnome. O /home/capstone/.cache/thumbnails/large/f6f1b82b722cde2458a1c607f9f6629b.png
[2946] pool-org.gnome. O /home/capstone/.cache/thumbnails/large/10a438c4f3521e208f4f9c308e1258f8.png
[2946] pool-org.gnome. O /home/capstone/project/test_files/000726.html
[2946] pool-org.gnome. O /home/capstone/.cache/thumbnails/large/19be5d39f176d53f667727217719f670.png
[2946] pool-org.gnome. O /home/capstone/.cache/thumbnails/large/75761d534050e2c517c9a60a0dd0b1e1.png
[2946] pool-org.gnome. O /home/capstone/.cache/thumbnails/large/75761d534050e2c517c9a60a0dd0b1e1.png
[2946] pool-org.gnome. O /home/capstone/.cache/thumbnails/large/22361d6fced02c66a5da923d3469b07a.png
[2946] pool-org.gnome. O /home/capstone/.cache/thumbnails/large/22361d6fced02c66a5da923d3469b07a.png
[2946] pool-org.gnome. O /home/capstone/.cache/thumbnails/large/55cb0c90c47499e06b1fb8f4c8a9c233.png
[2946] pool-org.gnome. O /home/capstone/.cache/thumbnails/large/55cb0c90c47499e06b1fb8f4c8a9c233.png
[2946] pool-org.gnome. O /home/capstone/project/test_files/000735.html
[2946] pool-org.gnome. O /home/capstone/.cache/thumbnails/large/45baf7fe6d69cc2013980c2cd28f6301.png
[2946] pool-org.gnome. O /home/capstone/project/test_files/000740.html
[2946] pool-org.gnome. O /home/capstone/.cache/thumbnails/large/4589688f52e7d6483c0158c197be7a5f.png
[2946] pool-org.gnome. O /home/capstone/project/test_files/000749.html
[2946] pool-org.gnome. O /home/capstone/.cache/thumbnails/large/219bcb764fc3823c7743ab4a10872ac0.png
[2946] pool-org.gnome. O /home/capstone/.cache/thumbnails/large/219bcb764fc3823c7743ab4a10872ac0.png
[2946] pool-org.gnome. O /home/capstone/.cache/thumbnails/large/e346900ce29414e59a41cd641fbe15d0.png
[2946] pool-org.gnome. O /home/capstone/.cache/thumbnails/large/e346900ce29414e59a41cd641fbe15d0.png
[2946] pool-org.gnome. O /home/capstone/.cache/thumbnails/large/1df31ad3dc016b05b9930bd28b35740b.png
[2946] pool-org.gnome. O /home/capstone/.cache/thumbnails/large/1df31ad3dc016b05b9930bd28b35740b.png
[2946] pool-org.gnome. O /home/capstone/.cache/thumbnails/large/5287e65d48e267616aa08fecfd368b1b.png
[2946] pool-org.gnome. O /home/capstone/.cache/thumbnails/large/5287e65d48e267616aa08fecfd368b1b.png
[2946] pool-org.gnome. O /home/capstone/.cache/thumbnails/large/5900415c7dda2f776b55066056d7221a.png
[2946] pool-org.gnome. O /home/capstone/.cache/thumbnails/large/5900415c7dda2f776b55066056d7221a.png
[2946] pool-org.gnome. O /home/capstone/project/test_files/000783.html
[2946] pool-org.gnome. O /home/capstone/project/test_files/000784.html
[2946] pool-org.gnome. O /home/capstone/project/test_files/000785.html
[2946] pool-org.gnome. O /home/capstone/project/test_files/000787.html
[2946] pool-org.gnome. O /home/capstone/project/test_files/000789.html
[2946] pool-org.gnome. O /home/capstone/project/test_files/000791.html
[2946] pool-org.gnome. O /home/capstone/project/test_files/000792.html
[2946] pool-org.gnome. O /home/capstone/.cache/thumbnails/large/80017ccff8cd6fc3c8455349a5d94f69.png
[2946] pool-org.gnome. O /home/capstone/project/test_files/000793.html
[2946] pool-org.gnome. O /home/capstone/project/test_files/000794.html
[2946] pool-org.gnome. O /home/capstone/project/test_files/000797.html
[2946] pool-org.gnome. O /home/capstone/project/test_files/000798.html
[2946] pool-org.gnome. O /home/capstone/project/test_files/000800.html
[2946] pool-org.gnome. O /home/capstone/project/test_files/000805.html
[2946] pool-org.gnome. O /home/capstone/.cache/thumbnails/large/91681189ab844e5af3fc8f6f5f6a27b4.png
[2946] pool-org.gnome. O /home/capstone/project/test_files/000808.html
[2946] pool-org.gnome. O /home/capstone/project/test_files/000812.html
[2946] pool-org.gnome. O /home/capstone/project/test_files/000814.html
[2946] pool-org.gnome. O /home/capstone/project/test_files/000815.html
[2946] pool-org.gnome. O /home/capstone/.cache/thumbnails/large/8b2edee900cb3424beeae24a8e653664.png
[2946] pool-org.gnome. O /home/capstone/project/test_files/000819.html
[2946] pool-org.gnome. O /home/capstone/project/test_files/000820.html
[2946] pool-org.gnome. O /home/capstone/project/test_files/000821.html
[2946] pool-org.gnome. O /home/capstone/project/test_files/000823.html
[2946] pool-org.gnome. O /home/capstone/project/test_files/000824.html
[2946] pool-org.gnome. O /home/capstone/project/test_files/000830.html
[2946] pool-org.gnome. O /home/capstone/.cache/thumbnails/large/9bc12257ba2e4902f1e0747bcf17d7ca.png
[2946] pool-org.gnome. O /home/capstone/.cache/thumbnails/large/2b153913ec8a96a8cbc7dbf66dd7fe92.png
[2946] pool-org.gnome. O /home/capstone/project/test_files/000875.html
[2946] pool-org.gnome. O /home/capstone/project/test_files/000877.html
[2946] pool-org.gnome. O /home/capstone/project/test_files/000891.html
[2946] pool-org.gnome. O /home/capstone/project/test_files/000892.html
[2946] pool-org.gnome. O /home/capstone/.cache/thumbnails/large/cf00aa8c4abc8a3bdd8333450fbf0bb3.png
[2946] pool-org.gnome. O /home/capstone/project/test_files/000893.html
[2946] pool-org.gnome. O /home/capstone/project/test_files/000894.html
[2946] pool-org.gnome. O /home/capstone/project/test_files/000895.html
[2946] pool-org.gnome. O /home/capstone/project/test_files/000898.html
[2946] pool-org.gnome. O /home/capstone/.cache/thumbnails/large/f53f7075ccd7781dbe3dc4b0d9c5950c.png
[2946] pool-org.gnome. O /home/capstone/project/test_files/000907.html
[2946] pool-org.gnome. O /home/capstone/project/test_files/000916.html
[2946] pool-org.gnome. O /home/capstone/project/test_files/000917.html
[2946] pool-org.gnome. O /home/capstone/.cache/thumbnails/large/c8a853315c3d9d8ccd7b1f9ec6161850.png
[2946] pool-org.gnome. O /home/capstone/project/test_files/000918.html
[2946] pool-org.gnome. O /home/capstone/project/test_files/000919.html
[2946] pool-org.gnome. O /home/capstone/project/test_files/000947.html
[2946] pool-org.gnome. O /home/capstone/project/test_files/000951.html
[2946] pool-org.gnome. O /home/capstone/.cache/thumbnails/large/17cf9f28fe3c88f27ee031a2d014f418.png
[2946] pool-org.gnome. O /home/capstone/.cache/thumbnails/large/c219847e66cba85c416265e4fe43350e.png
[2946] pool-org.gnome. O /home/capstone/project/test_files/ziUrAJ8W
[2946] pool-org.gnome. O /home/capstone/.cache/thumbnails/large/e3c64ae8a7d61c94f77b7bf7809903e2.png
[2946] pool-org.gnome. O /home/capstone/.cache/thumbnails/large/cba7919508db2773fe1d63dff2724fcf.png
[2946] pool-org.gnome. O /home/capstone/.cache/thumbnails/large/90bc39287771e27dce6f5ec5de4841c8.png
[2946] pool-org.gnome. O /home/capstone/.cache/thumbnails/large/98ed7c4a39c1905c12b8c027f177eb9c.png
[2946] pool-org.gnome. O /home/capstone/.cache/thumbnails/large/c322ba19fa74fd75a89aeaf336e38335.png
[2946] pool-org.gnome. O /home/capstone/.cache/thumbnails/large/9f65fc9e04f4763afce244238614891b.png
[2946] pool-org.gnome. O /home/capstone/.cache/thumbnails/large/551577e785c55b958b19c1b750ddfe74.png
[2946] pool-org.gnome. O /home/capstone/.cache/thumbnails/large/b1f906c44858aae268081d6c67f5f79a.png
[2946] pool-org.gnome. O /home/capstone/.cache/thumbnails/large/d6e43f7e10cc28f64b16f57b0a6ded12.png
[2946] pool-org.gnome. O /home/capstone/.cache/thumbnails/large/be12dc051ae93f17b952cdf4a341c9ca.png
[2946] pool-org.gnome. O /home/capstone/.cache/thumbnails/large/5b80d539f7fa14a784e15ccc7412cec2.png
[2946] pool-org.gnome. O /home/capstone/.cache/thumbnails/large/f72cd194a0ac6663928a0ae0974a4fe3.png
[2946] pool-org.gnome. O /home/capstone/.cache/thumbnails/large/9ac6f87b0f9c2a6b06b2b0b67effe4fe.png
[2946] pool-org.gnome. O /home/capstone/.cache/thumbnails/large/0985bcbfbf5f4e42488a510917b477f4.png
[2946] pool-org.gnome. O /home/capstone/.cache/thumbnails/large/f15cc0f7428696299b18226f98a78152.png
[2946] pool-org.gnome. O /home/capstone/.cache/thumbnails/large/422953e0006621ae06b64ce91dafe8fd.png
[2946] pool-org.gnome. O /home/capstone/.cache/thumbnails/large/20b7d7e7ddff6d79a02aeebdcdd0dff6.png
[2946] pool-org.gnome. O /home/capstone/.cache/thumbnails/large/7bbdb29f486390da451de101dae21340.png
[2946] pool-org.gnome. O /home/capstone/.cache/thumbnails/large/08e321fad000287856339fe228127aa3.png
[2946] pool-org.gnome. O /home/capstone/.cache/thumbnails/large/ecd112b5d864c307f169fd7bd33a3045.png
[2946] pool-org.gnome. O /home/capstone/.cache/thumbnails/large/2f5c6c6a9257d435ca3283c1dfede92e.png
[2946] pool-org.gnome. O /home/capstone/.cache/thumbnails/large/5644973053cc0a8115f337bd70b19122.png
[2946] pool-org.gnome. O /home/capstone/.cache/thumbnails/large/f623190ed7d6fb9a6388cbe51dca46fc.png
[2946] pool-org.gnome. O /home/capstone/.cache/thumbnails/large/6bc52c53a2ff8827eea15901ca024d20.png
[2946] pool-org.gnome. O /home/capstone/.cache/thumbnails/large/9c09301ef512618c11c8773dbafa264f.png
[2946] pool-org.gnome. O /home/capstone/.cache/thumbnails/large/374aa81358cdc868099b8609bfe55bdc.png
[2946] pool-org.gnome. O /home/capstone/.cache/thumbnails/large/c9e088e585c5ada54252e32301761cb0.png
[2946] pool-org.gnome. O /home/capstone/.cache/thumbnails/large/add1700f34cd154e3b95795a87e456aa.png
[2946] pool-org.gnome. O /home/capstone/.cache/thumbnails/large/ec6c79d86baa8c90177824f1e45b40d9.png
[2946] pool-org.gnome. O /home/capstone/.cache/thumbnails/large/8652569fccd49891e275576641fa0293.png
[2946] pool-org.gnome. O /home/capstone/.cache/thumbnails/large/75011dcc7249cbcc2178374da436ca6c.png
[2946] pool-org.gnome. O /home/capstone/.cache/thumbnails/large/db126511d1178eb53c37c9dd75913fa0.png
[2946] pool-org.gnome. O /home/capstone/.cache/thumbnails/large/ac0fda10c9c362d4dab10d23da53633f.png
[2946] pool-org.gnome. O /home/capstone/.cache/thumbnails/large/169f35bb7d3407b516844aca4a413379.png
[2946] pool-org.gnome. O /home/capstone/.cache/thumbnails/large/6f3445ddc536bfaf9fc85c2dda37572d.png
[2946] pool-org.gnome. O /home/capstone/.cache/thumbnails/large/e86ce0881dac088d65cb8d77d45c9eba.png
[2946] pool-org.gnome. O /home/capstone/.cache/thumbnails/large/ee9142d0cfa2fe2b819b1d0b9cc6bad2.png
[2946] pool-org.gnome. O /home/capstone/.cache/thumbnails/large/7ddccda294146e375017ccc16c0d0fbe.png
[2946] pool-org.gnome. O /home/capstone/.cache/thumbnails/large/d0cb6607e7e506db30cd1ae62b5f56c6.png
[2946] pool-org.gnome. O /home/capstone/.cache/thumbnails/large/14aa5c0f89614390340ee227f0b203b4.png
[2946] pool-org.gnome. O /home/capstone/.cache/thumbnails/large/f68c0cfc18bddfde013f2cb9179692f2.png
[2946] pool-org.gnome. O /home/capstone/.cache/thumbnails/large/76a41bc69d6a37a7e47d754063d93ceb.png
[2946] pool-org.gnome. O /home/capstone/.cache/thumbnails/large/cea841149260cf5957884e0b35816ca1.png
[2946] pool-org.gnome. O /home/capstone/.cache/thumbnails/large/426045626ba55f95bdc94f43dbe76b36.png
[2946] pool-org.gnome. O /home/capstone/.cache/thumbnails/large/7e5c8209d1a4a6fa5a0b640e92b3d734.png
[2946] pool-org.gnome. O /home/capstone/.cache/thumbnails/large/5707424af4adfb21e70b19b744ec8524.png
[2946] pool-org.gnome. O /home/capstone/.cache/thumbnails/large/fad2c185f30e91ccf957d198e20ceb58.png
[2946] pool-org.gnome. O /home/capstone/.cache/thumbnails/large/afa94d1998eb241e482199197fe25aa1.png
[2946] pool-org.gnome. O /home/capstone/.cache/thumbnails/large/2dabbd1aba2fcb91cca62487fd0da3f8.png
[2946] pool-org.gnome. O /home/capstone/.cache/thumbnails/large/fdd4b6f1a76fddc7d5a1bf867364fb5a.png
[2946] pool-org.gnome. O /home/capstone/.cache/thumbnails/large/d9416433f1e7176b0f3ae4481fc44f3d.png
[2946] pool-org.gnome. O /home/capstone/.cache/thumbnails/large/1e1447e0cf13a75c7184d340880c5d32.png
[2946] pool-org.gnome. O /home/capstone/.cache/thumbnails/large/3bdb4c30b32b18246feff01265d76aaf.png
[2946] pool-org.gnome. O /home/capstone/.cache/thumbnails/large/13a6aff5dd13be0272ad3001ca7774af.png
[2946] pool-org.gnome. O /home/capstone/.cache/thumbnails/large/a4eff33e8eeccf7afafd60d7ee14e86e.png
[2946] pool-org.gnome. O /home/capstone/.cache/thumbnails/large/9bb775ef1ff70c02bb4d359773709039.png
[2946] pool-org.gnome. O /home/capstone/.cache/thumbnails/large/9eafe0fa0b341b11cfbaccd9b6077e8a.png
[2946] pool-org.gnome. O /home/capstone/.cache/thumbnails/large/e75555eeaa9d7990e72a4affcfdc222f.png
[2946] pool-org.gnome. O /home/capstone/.cache/thumbnails/large/63215eaf06571e99c26759225f909d43.png
[2946] pool-org.gnome. O /home/capstone/.cache/thumbnails/large/9e7d54cfad6e660b41d1d6afd3210536.png
[2946] pool-org.gnome. O /home/capstone/.cache/thumbnails/large/d447c5936ca3530c05acf9d1ad3f39aa.png
[2946] pool-org.gnome. O /home/capstone/.cache/thumbnails/large/9b95eb8db76bd4477f066839465a3a86.png
[2946] pool-org.gnome. O /home/capstone/.cache/thumbnails/large/51b34fdc97e90e8588f534fcee724338.png
[2946] pool-org.gnome. O /home/capstone/.cache/thumbnails/large/5bfd428ab808c151e72799d5cc5cfd38.png
[2946] pool-org.gnome. O /home/capstone/.cache/thumbnails/large/47eb9e69ed0cade5449630068712c161.png
[2946] pool-org.gnome. O /home/capstone/.cache/thumbnails/large/d3a9d617907837bcbde83c9410d6342b.png
[2946] pool-org.gnome. O /home/capstone/.cache/thumbnails/large/9d8ffb6a37e9877870d98521bbe73950.png
[2946] pool-org.gnome. O /home/capstone/.cache/thumbnails/large/8433047f267815e298031d4988ecb02c.png
[2946] pool-org.gnome. O /home/capstone/.cache/thumbnails/large/865621b2a2fca98a552134f7e02c5202.png
[2946] pool-org.gnome. O /home/capstone/.cache/thumbnails/large/276092f04b6f24723d9414306a1bb95c.png
[2946] pool-org.gnome. O /home/capstone/.cache/thumbnails/large/4c369b8107cf08a8d5b1faec026f1dbd.png
[2946] pool-org.gnome. O /home/capstone/.cache/thumbnails/large/94334dca41eeb31481904d515c7e9530.png
[2946] pool-org.gnome. O /home/capstone/.cache/thumbnails/large/6cee1ce3c8fdbeb0ab3797608de88ce1.png
[2946] pool-org.gnome. O /home/capstone/.cache/thumbnails/large/c0d52cd8c5ba780a192030de6690ea03.png
[2946] pool-org.gnome. O /home/capstone/.cache/thumbnails/large/2a4dc86b70a5683746bd886f49f35582.png
[2946] pool-org.gnome. O /home/capstone/.cache/thumbnails/large/634a7f1255718fa7ea24ed25e9b03d1b.png
[2946] pool-org.gnome. O /home/capstone/.cache/thumbnails/large/75e62960f12d05508f1ab87b6ff20538.png
[2946] pool-org.gnome. O /home/capstone/.cache/thumbnails/large/444d4d1ac51d4010aa89abfe696d8516.png
[2946] pool-org.gnome. O /home/capstone/.cache/thumbnails/large/cfd10bacc7a59db933cbcb096687f690.png
[2946] pool-org.gnome. O /home/capstone/.cache/thumbnails/large/41f53b189165d2d21c509ecdc45b0fcc.png
[2946] pool-org.gnome. O /home/capstone/.cache/thumbnails/large/dff6199ca8efabfcc6218d3ac99b21eb.png
[2946] pool-org.gnome. O /home/capstone/.cache/thumbnails/large/503eb33d9f28b8f679452ea8a900ae80.png
[2946] pool-org.gnome. O /home/capstone/.cache/thumbnails/large/2fd61057f2ae0a4ca6e7d746e79a37c0.png
[2946] pool-org.gnome. O /home/capstone/.cache/thumbnails/large/64fc2c91de59e2397913a5f234af5580.png
[2946] pool-org.gnome. O /home/capstone/.cache/thumbnails/large/32fa484fe987ca5c5b6ec63a4acacf93.png
[2946] pool-org.gnome. O /home/capstone/.cache/thumbnails/large/e4478daa620bbb06fa7308f032f90b98.png
[2946] pool-org.gnome. O /home/capstone/.cache/thumbnails/large/585423ea621871355ac2ca2e0cef4233.png
[2946] pool-org.gnome. O /home/capstone/.cache/thumbnails/large/981aa13e7d3eb05670f0313a31dccd24.png
[2946] pool-org.gnome. O /home/capstone/.cache/thumbnails/large/788cb793640276942811cde3a7a638ea.png
[2946] pool-org.gnome. O /home/capstone/.cache/thumbnails/large/446ec11af240fd30c5283ee8aa78f664.png
[2946] pool-org.gnome. O /home/capstone/.cache/thumbnails/large/1559e79d7d5ac34d60ec1be4f13a0acb.png
[2946] pool-org.gnome. O /home/capstone/.cache/thumbnails/large/9bd4dfb9014aa042efb212ee330093bc.png
[2946] pool-org.gnome. O /home/capstone/.cache/thumbnails/large/deaa069aa4330bbcd71b00f94899ecea.png
[2946] pool-org.gnome. O /home/capstone/.cache/thumbnails/large/d55e91ea67a705c907f489e00e5891dc.png
[2946] pool-org.gnome. O /home/capstone/.cache/thumbnails/large/79297399518a9958f08016b9b54a4a10.png
[2946] pool-org.gnome. O /home/capstone/.cache/thumbnails/large/d81be1133720a17f445ebd24b6d9909b.png
[2946] pool-org.gnome. O /home/capstone/.cache/thumbnails/large/e3aca09a0266facd43709f265b4571a3.png
[2946] pool-org.gnome. O /home/capstone/.cache/thumbnails/large/f2a74c04648e08a440901f5eb2de23a8.png
[2946] pool-org.gnome. O /home/capstone/.cache/thumbnails/large/429a9fcc20fa23fba171a055cd3c91bf.png
[2946] pool-org.gnome. O /home/capstone/.cache/thumbnails/large/80d1b95f94098788209b45b7adcb6673.png
[2946] pool-org.gnome. O /home/capstone/.cache/thumbnails/large/baea30754caefa2adc80a69681d184d8.png
[2946] pool-org.gnome. O /home/capstone/.cache/thumbnails/large/a5d624a283d5bd1fc7045a54f57b3d4b.png
[2946] pool-org.gnome. O /home/capstone/.cache/thumbnails/large/ce4650099c55dfccfc652ab2d792727d.png
[2946] pool-org.gnome. O /home/capstone/.cache/thumbnails/large/63edebd8746599e1f1e6f22aa626bc59.png
[2946] pool-org.gnome. O /home/capstone/.cache/thumbnails/large/5d98957e5115fe104f3d0251623b105f.png
[2946] pool-org.gnome. O /home/capstone/.cache/thumbnails/large/a20f55943ede44964836289cab515ee4.png
[2946] pool-org.gnome. O /home/capstone/.cache/thumbnails/large/ea21c9a965c7f37e8daaf34558291437.png
[2946] pool-org.gnome. O /home/capstone/.cache/thumbnails/large/e75c680e725e6383b9bb468f40a59065.png
[2946] pool-org.gnome. O /home/capstone/.cache/thumbnails/large/370f2cd6523e658a53a7dd08f39715b5.png
[2946] pool-org.gnome. O /home/capstone/.cache/thumbnails/large/25a756d78016541daf6685d9dad97e76.png
[2946] pool-org.gnome. O /home/capstone/.cache/thumbnails/large/e971a703990486fe965412fdb6f4ad3b.png
[2946] pool-org.gnome. O /home/capstone/.cache/thumbnails/large/a24b55e3287bc72a85ea903a6576ee25.png
[2946] pool-org.gnome. O /home/capstone/.cache/thumbnails/large/1df0dce932854e095d740d2adb62c8c8.png
[2946] pool-org.gnome. O /home/capstone/.cache/thumbnails/large/1f6583825c850e9a1a2515ca88e3c29a.png
[2946] pool-org.gnome. O /home/capstone/.cache/thumbnails/large/90cebcfebc67507abf66b8d8fe862ae5.png
[2946] pool-org.gnome. O /home/capstone/.cache/thumbnails/large/14fc0bb5c372aa56c636770436fd557d.png
[2946] pool-org.gnome. O /home/capstone/.cache/thumbnails/large/becc41954d88d439eed84fdf4853d603.png
[2946] pool-org.gnome. O /home/capstone/.cache/thumbnails/large/e14a8641ffc3aa97025d7ced2e235699.png
[2946] pool-org.gnome. O /home/capstone/.cache/thumbnails/large/c3aeb861c1d2518fdf7902cd7b9e4f24.png
[2946] pool-org.gnome. O /home/capstone/.cache/thumbnails/large/f66ba01066357af22e907b2d31b68097.png
[2946] pool-org.gnome. O /home/capstone/.cache/thumbnails/large/b0c008c8059c8122c51af7b97d3c7a2b.png
[2946] pool-org.gnome. O /home/capstone/.cache/thumbnails/large/02292abdc596752428f48ac04af258f6.png
[2946] pool-org.gnome. O /home/capstone/.cache/thumbnails/large/aabac65019131e13779573c921ab4011.png
[2946] pool-org.gnome. O /home/capstone/.cache/thumbnails/large/a77edecac0050f0f10c84c0fa843ae89.png
[2946] pool-org.gnome. O /home/capstone/.cache/thumbnails/large/97aaa474f7e9099d8547c16b8a4f3838.png
[2946] pool-org.gnome. O /home/capstone/.cache/thumbnails/large/382f79e9b547121d74545415aefb00d0.png
[2946] pool-org.gnome. O /home/capstone/.cache/thumbnails/large/c82daa38e275297b74ae006100d9e85d.png
[2946] pool-org.gnome. O /home/capstone/.cache/thumbnails/large/39a83b089035b0c0154bedfda75f8a34.png
[2946] pool-org.gnome. O /home/capstone/.cache/thumbnails/large/56dfa45ed422c192247aa4d2bec6d16e.png
[2946] pool-org.gnome. O /home/capstone/.cache/thumbnails/large/2a60aded8cdf6e9d4c771b8d9680d265.png
[2946] pool-org.gnome. O /home/capstone/.cache/thumbnails/large/34b4147eee6e4c07cc99023aa767d869.png
[2946] pool-org.gnome. O /home/capstone/.cache/thumbnails/large/30631a770466b67fef84681ff478bed6.png
[2946] pool-org.gnome. O /home/capstone/.cache/thumbnails/large/e841d500f79d40cc720eddfe9fefaed6.png
[2946] pool-org.gnome. O /home/capstone/.cache/thumbnails/large/f6f1b82b722cde2458a1c607f9f6629b.png
[2946] pool-org.gnome. O /home/capstone/.cache/thumbnails/large/ea74733a76a2a2a4f993aa9d5916152a.png
[2946] pool-org.gnome. O /home/capstone/.cache/thumbnails/large/99b7557a0db1645d75b5bbc7fded036b.png
[2946] pool-org.gnome. O /home/capstone/.cache/thumbnails/large/5b6671be8e10394062e441e3620a9cb4.png
[2946] pool-org.gnome. O /home/capstone/.cache/thumbnails/large/7cefcfe4cd1d4536d9bdcdfc1545d9c1.png
[2946] pool-org.gnome. O /home/capstone/.cache/thumbnails/large/2e5eb82011f6eb7a9df803dbd57f2863.png
[2946] pool-org.gnome. O /home/capstone/.cache/thumbnails/large/a7dd16af29eea715d00833d6f7f4bd28.png
[2946] pool-org.gnome. O /home/capstone/.cache/thumbnails/large/93d8305a291a11cce0182e2d520cd22e.png
[2946] pool-org.gnome. O /home/capstone/.cache/thumbnails/large/212171c738ecfb7e031c3755f85f2ddf.png
[2946] pool-org.gnome. O /home/capstone/.cache/thumbnails/large/b7c5450dcaefcca4990651886c1f49ca.png
[2946] pool-org.gnome. O /home/capstone/.cache/thumbnails/large/f0caa5d778f57cab0772691c3c4d3a6b.png
[2946] pool-org.gnome. O /home/capstone/.cache/thumbnails/large/f6d7d8d49c448223dc5133e29c968a07.png
[2946] pool-org.gnome. O /home/capstone/.cache/thumbnails/large/09b928cf9db7b4cbcbcc1504eb851160.png
[2946] pool-org.gnome. O /home/capstone/.cache/thumbnails/large/c9338c1b1a332a5974adbd76f88c2f1f.png
[2946] pool-org.gnome. O /home/capstone/.cache/thumbnails/large/845063f371b64cf3a8cab51002b00071.png
[2946] pool-org.gnome. O /home/capstone/.cache/thumbnails/large/bcc2f6c85a204c6e7e316863ebae30fa.png
[2946] pool-org.gnome. O /home/capstone/.cache/thumbnails/large/5f75e64b77ad9ec8dc63d941f5270905.png
[2946] pool-org.gnome. O /home/capstone/.cache/thumbnails/large/b52109071a6a16d0fc00eb83cd2bb6bf.png
[2946] pool-org.gnome. O /home/capstone/.cache/thumbnails/large/5900415c7dda2f776b55066056d7221a.png
[2946] pool-org.gnome. O /home/capstone/.cache/thumbnails/large/5287e65d48e267616aa08fecfd368b1b.png
[2946] pool-org.gnome. O /home/capstone/.cache/thumbnails/large/1df31ad3dc016b05b9930bd28b35740b.png
[2946] pool-org.gnome. O /home/capstone/.cache/thumbnails/large/e346900ce29414e59a41cd641fbe15d0.png
[2946] pool-org.gnome. O /home/capstone/.cache/thumbnails/large/219bcb764fc3823c7743ab4a10872ac0.png
[2946] pool-org.gnome. O /home/capstone/.cache/thumbnails/large/55cb0c90c47499e06b1fb8f4c8a9c233.png
[2946] pool-org.gnome. O /home/capstone/.cache/thumbnails/large/22361d6fced02c66a5da923d3469b07a.png
[2946] pool-org.gnome. O /home/capstone/.cache/thumbnails/large/75761d534050e2c517c9a60a0dd0b1e1.png
[2946] pool-org.gnome. O /home/capstone/project
[2946] pool-org.gnome. O /home/capstone/project
[2946] pool-org.gnome. O /home/capstone/project/.hidden
[2946] pool-org.gnome. O /home/capstone/project/log_sender.py
[2946] pool-org.gnome. O /home/capstone/project/trace.bt
[2946] pool-org.gnome. O /home/capstone/project/script.py
[2946] pool-org.gnome. O /home/capstone/project/simulate_ransomware.py
[2946] pool-org.gnome. O /home/capstone/project/bpf.py
[2946] pool-org.gnome. O /home/capstone/project/test
[2946] pool-org.gnome. O /home/capstone/project/test/.hidden
[2946] pool-org.gnome. O /home/capstone/project/malware
[2946] pool-org.gnome. O /home/capstone/project/malware/.hidden
[2946] pool-org.gnome. O /home/capstone/project/venv
[2946] pool-org.gnome. O /home/capstone/project/venv/.hidden
[2220] dbus-daemon O /home/capstone/.local/share/dbus-1/services
[2220] dbus-daemon O /home/capstone/.local/share/dbus-1/services
[2421] gnome-shell O /home/capstone/.icons/Yaru/cursors/default
[2421] gnome-shell O /home/capstone/.icons/Yaru/index.theme
[2946] pool-org.gnome. O /home/capstone/project/test
[2946] pool-org.gnome. O /home/capstone/project/test
[2946] pool-org.gnome. O /home/capstone/project/test/000022.pdf.encrypted
[2946] pool-org.gnome. O /home/capstone/project/test/000012.pdf.encrypted
[2946] pool-org.gnome. O /home/capstone/project/test/000016.pdf.encrypted
[2946] pool-org.gnome. O /home/capstone/project/test/000000.swf.encrypted
[2946] pool-org.gnome. O /home/capstone/project/test/000018.pdf.encrypted
[2946] pool-org.gnome. O /home/capstone/project/test/000007.doc.encrypted
[2946] pool-org.gnome. O /home/capstone/project/test/000019.pdf.encrypted
[2946] pool-org.gnome. O /home/capstone/project/test/000014.html.encrypted
[2946] pool-org.gnome. O /home/capstone/project/test/000020.pdf.encrypted
[2946] pool-org.gnome. O /home/capstone/project/test/000021.pdf.encrypted
[2946] pool-org.gnome. O /home/capstone/project/test/000005.doc.encrypted
[2946] pool-org.gnome. O /home/capstone/project/test/000006.doc.encrypted
[2946] pool-org.gnome. O /home/capstone/project/test/000003.doc.encrypted
[2946] pool-org.gnome. O /home/capstone/project/test/000015.pdf.encrypted
[2946] pool-org.gnome. O /home/capstone/project/test/000013.pdf.encrypted
[2946] pool-org.gnome. O /home/capstone/project/test/000001.doc.encrypted
[2946] pool-org.gnome. O /home/capstone/project/test/000024.pdf.encrypted
[2946] pool-org.gnome. O /home/capstone/project/test/000009.pdf.encrypted
[2946] pool-org.gnome. O /home/capstone/project/test/000010.pdf.encrypted
[2946] pool-org.gnome. O /home/capstone/project/test/000017.swf.encrypted
[2946] pool-org.gnome. O /home/capstone/project/test/000011.pdf.encrypted
[2946] pool-org.gnome. O /home/capstone/project/test/000002.doc.encrypted
[2946] pool-org.gnome. O /home/capstone/project/test/000004.doc.encrypted
[2946] pool-org.gnome. O /home/capstone/project/test/000008.ppt.encrypted
[2421] gnome-shell O /home/capstone/.icons/Yaru/cursors/default
[2421] gnome-shell O /home/capstone/.icons/Yaru/index.theme
[2946] pool-org.gnome. O /home/capstone/project
[2946] pool-org.gnome. O /home/capstone/project
[2946] pool-org.gnome. O /home/capstone/project/log_sender.py
[2946] pool-org.gnome. O /home/capstone/project/trace.bt
[2946] pool-org.gnome. O /home/capstone/project/script.py
[2946] pool-org.gnome. O /home/capstone/project/simulate_ransomware.py
[2946] pool-org.gnome. O /home/capstone/project/bpf.py
[2946] pool-org.gnome. O /home/capstone/project/malware
[2946] pool-org.gnome. O /home/capstone/project/venv
[2220] dbus-daemon O /home/capstone/.local/share/dbus-1/services
[2421] gnome-shell O /home/capstone/.icons/Yaru/cursors/default
[2421] gnome-shell O /home/capstone/.icons/Yaru/index.theme
[4968] sshd O /home/capstone/.ssh/authorized_keys
[4968] sshd O /home/capstone/.ssh/authorized_keys
[5012] bash O /home/capstone/.bashrc
[5012] sudo C /home/capstone/.sudo_as_admin_successful
[1] systemd D /run/systemd/units/invocation:session-18.scope
[1] systemd D /run/systemd/transient/session-18.scope
[1259] systemd-logind D /run/systemd/sessions/18
[1259] systemd-logind D /run/systemd/sessions/19.ref
[1] systemd D /run/systemd/units/invocation:session-19.scope
[1] systemd D /run/systemd/transient/session-19.scope
[1259] systemd-logind D /run/systemd/sessions/19
[5020] sshd O /home/capstone/.ssh/authorized_keys
[5020] sshd O /home/capstone/.ssh/authorized_keys
[5067] bash O /home/capstone/.bashrc
[5067] sudo C /home/capstone/.sudo_as_admin_successful
