[4891] sshd O /home/capstone/.ssh/authorized_keys
[4891] sshd O /home/capstone/.ssh/authorized_keys
[4935] bash O /home/capstone/.bashrc
[4936] rm D /tmp/malware_fail.log
[4935] bash O /home/capstone/project/run_malware_infected.sh
[4937] sudo C /home/capstone/.sudo_as_admin_successful
[4939] sudo C /home/capstone/.sudo_as_admin_successful
[1259] systemd-logind D /run/systemd/sessions/18.ref
[1] systemd D /run/systemd/units/invocation:session-18.scope
[1] systemd D /run/systemd/transient/session-18.scope
[1259] systemd-logind D /run/systemd/sessions/18
[2947] gvfsd-metadata C /home/capstone/.local/share/gvfs-metadata/home.HRQ1L3
[2947] gvfsd-metadata C /home/capstone/.local/share/gvfs-metadata/home-3ec330a6.log.OFR1L3
[2947] gvfsd-metadata O /home/capstone/.local/share/gvfs-metadata/home
[2947] gvfsd-metadata O /home/capstone/.local/share/gvfs-metadata
[2947] gvfsd-metadata D /home/capstone/.local/share/gvfs-metadata/home-99b9ab4e.log
[2947] gvfsd-metadata O /home/capstone/.local/share/gvfs-metadata/home
[2947] gvfsd-metadata O /home/capstone/.local/share/gvfs-metadata/home-3ec330a6.log
[4953] sshd O /home/capstone/.ssh/authorized_keys
[4953] sshd O /home/capstone/.ssh/authorized_keys
[5000] bash O /home/capstone/.bashrc
[5000] sudo C /home/capstone/.sudo_as_admin_successful
[1259] systemd-logind D /run/systemd/sessions/19.ref
[1] systemd D /run/systemd/units/invocation:session-19.scope
[1] systemd D /run/systemd/transient/session-19.scope
[1259] systemd-logind D /run/systemd/sessions/19
[5008] sshd O /home/capstone/.ssh/authorized_keys
[5008] sshd O /home/capstone/.ssh/authorized_keys
[5052] bash O /home/capstone/.bashrc
[5052] sudo C /home/capstone/.sudo_as_admin_successful
