[4886] sshd O /home/capstone/.ssh/authorized_keys
[4886] sshd O /home/capstone/.ssh/authorized_keys
[4930] bash O /home/capstone/.bashrc
[4931] rm D /tmp/malware_fail.log
[4930] bash O /home/capstone/project/run_malware_infected.sh
[4932] sudo C /home/capstone/.sudo_as_admin_successful
[4934] sudo C /home/capstone/.sudo_as_admin_successful
[1259] systemd-logind D /run/systemd/sessions/17.ref
[1] systemd D /run/systemd/units/invocation:session-17.scope
[1] systemd D /run/systemd/transient/session-17.scope
[1259] systemd-logind D /run/systemd/sessions/17
[2947] gvfsd-metadata C /home/capstone/.local/share/gvfs-metadata/home.MH41L3
[2947] gvfsd-metadata C /home/capstone/.local/share/gvfs-metadata/home-3ec330a6.log.Y621L3
[2947] gvfsd-metadata O /home/capstone/.local/share/gvfs-metadata/home
[2947] gvfsd-metadata O /home/capstone/.local/share/gvfs-metadata
[2947] gvfsd-metadata D /home/capstone/.local/share/gvfs-metadata/home-99b9ab4e.log
[2947] gvfsd-metadata O /home/capstone/.local/share/gvfs-metadata/home
[2947] gvfsd-metadata O /home/capstone/.local/share/gvfs-metadata/home-3ec330a6.log
[4946] sshd O /home/capstone/.ssh/authorized_keys
[4946] sshd O /home/capstone/.ssh/authorized_keys
[4990] bash O /home/capstone/.bashrc
[4990] sudo C /home/capstone/.sudo_as_admin_successful
[1259] systemd-logind D /run/systemd/sessions/18.ref
[1] systemd D /run/systemd/units/invocation:session-18.scope
[1] systemd D /run/systemd/transient/session-18.scope
[1259] systemd-logind D /run/systemd/sessions/18
[5001] sshd O /home/capstone/.ssh/authorized_keys
[5001] sshd O /home/capstone/.ssh/authorized_keys
[5045] bash O /home/capstone/.bashrc
[5045] sudo C /home/capstone/.sudo_as_admin_successful
