[4580] sshd O /home/capstone/.ssh/authorized_keys
[4580] sshd O /home/capstone/.ssh/authorized_keys
[4623] bash O /home/capstone/.bashrc
[4624] rm D /tmp/malware_fail.log
[4623] bash O /home/capstone/project/run_malware_infected.sh
[4625] sudo C /home/capstone/.sudo_as_admin_successful
[4627] sudo C /home/capstone/.sudo_as_admin_successful
[4628] bed5049fe66cfdb C /home/capstone/project/test_files/How To Restore Your Files.txt
[4628] bed5049fe66cfdb O /home/capstone/project/test_files
[4628] thread-pool-1 O /home/capstone/project/test_files/000741.log.babyk
[4628] thread-pool-0 O /home/capstone/project/test_files/000765.log.babyk
[4628] thread-pool-2 O /home/capstone/project/test_files/000698.log.babyk
[4628] thread-pool-3 O /home/capstone/project/test_files/000743.log.babyk
[4628] thread-pool-1 O /home/capstone/project/test_files/000699.log.babyk
[4628] thread-pool-0 O /home/capstone/project/test_files/000697.log.babyk
[1259] systemd-logind D /run/systemd/sessions/17.ref
[1] systemd D /run/systemd/units/invocation:session-17.scope
[1] systemd D /run/systemd/transient/session-17.scope
[1259] systemd-logind D /run/systemd/sessions/17
[369] systemd-journal D /run/systemd/journal/streams/9:37345
[1] systemd D /run/systemd/units/invocation:motd-news.service
[2947] gvfsd-metadata C /home/capstone/.local/share/gvfs-metadata/home.IPICM3
[2947] gvfsd-metadata C /home/capstone/.local/share/gvfs-metadata/home-3ec330a6.log.10ICM3
[2947] gvfsd-metadata O /home/capstone/.local/share/gvfs-metadata/home
[2947] gvfsd-metadata O /home/capstone/.local/share/gvfs-metadata
[2947] gvfsd-metadata D /home/capstone/.local/share/gvfs-metadata/home-99b9ab4e.log
[2947] gvfsd-metadata O /home/capstone/.local/share/gvfs-metadata/home
[2947] gvfsd-metadata O /home/capstone/.local/share/gvfs-metadata/home-3ec330a6.log
[4654] sshd O /home/capstone/.ssh/authorized_keys
[4654] sshd O /home/capstone/.ssh/authorized_keys
[4700] bash O /home/capstone/.bashrc
[4700] sudo C /home/capstone/.sudo_as_admin_successful
[1259] systemd-logind D /run/systemd/sessions/19.ref
[1] systemd D /run/systemd/units/invocation:session-19.scope
[1] systemd D /run/systemd/transient/session-19.scope
[1259] systemd-logind D /run/systemd/sessions/19
[4711] sshd O /home/capstone/.ssh/authorized_keys
[4711] sshd O /home/capstone/.ssh/authorized_keys
[4757] bash O /home/capstone/.bashrc
[4757] sudo C /home/capstone/.sudo_as_admin_successful
