[10456] sudo C /home/capstone/.sudo_as_admin_successful
[10458] 53bf41beef030d3 C /home/capstone/project/test_files/help-readme.txt
[10458] 53bf41beef030d3 O /home/capstone/project/test_files
[10458] thread-pool-0 O /home/capstone/project/test_files/000615.html
[10458] thread-pool-1 O /home/capstone/project/test_files/000418.html
[10458] thread-pool-0 O /home/capstone/project/test_files/000440.html
[10458] thread-pool-2 O /home/capstone/project/test_files/000533.doc
[10458] thread-pool-3 O /home/capstone/project/test_files/000517.gif
[10458] thread-pool-2 O /home/capstone/project/test_files/000163.pdf
[10458] thread-pool-1 O /home/capstone/project/test_files/000574.pdf
[10458] thread-pool-0 O /home/capstone/project/test_files/000509.jpg
[10458] thread-pool-1 O /home/capstone/project/test_files/000231.jpg
[10458] thread-pool-1 O /home/capstone/project/test_files/000255.doc
[10458] thread-pool-3 O /home/capstone/project/test_files/000355.pdf
[10458] thread-pool-1 O /home/capstone/project/test_files/000638.html
[10458] thread-pool-1 O /home/capstone/project/test_files/000881.jpg
[10458] thread-pool-3 O /home/capstone/project/test_files/000379.pdf
[10458] thread-pool-3 O /home/capstone/project/test_files/000272.pdf
[10458] thread-pool-1 O /home/capstone/project/test_files/000786.gz
[10458] thread-pool-3 O /home/capstone/project/test_files/000567.pdf
[10458] thread-pool-3 O /home/capstone/project/test_files/000802.doc
[10458] thread-pool-3 O /home/capstone/project/test_files/000155.pdf
[10458] thread-pool-0 O /home/capstone/project/test_files/000204.html
[10458] thread-pool-1 O /home/capstone/project/test_files/000588.pdf
[10458] thread-pool-1 O /home/capstone/project/test_files/000189.pdf
[10458] thread-pool-0 O /home/capstone/project/test_files/000825.pdf
[10458] thread-pool-0 O /home/capstone/project/test_files/000962.jpg
[10458] thread-pool-2 O /home/capstone/project/test_files/000156.doc
[10458] thread-pool-1 O /home/capstone/project/test_files/000138.html
[10458] thread-pool-1 O /home/capstone/project/test_files/000746.pdf
[10458] thread-pool-2 O /home/capstone/project/test_files/000286.doc
[10458] thread-pool-0 O /home/capstone/project/test_files/000437.jpg
[10458] thread-pool-0 O /home/capstone/project/test_files/000180.html
[10458] thread-pool-0 O /home/capstone/project/test_files/000131.doc
[10458] thread-pool-2 O /home/capstone/project/test_files/000372.pdf
[10458] thread-pool-1 O /home/capstone/project/test_files/000366.pdf
[10458] thread-pool-0 O /home/capstone/project/test_files/000513.jpg
[10458] thread-pool-3 O /home/capstone/project/test_files/000188.html
[10458] thread-pool-3 O /home/capstone/project/test_files/000590.pdf
[10458] thread-pool-0 O /home/capstone/project/test_files/000890.jpg
[10458] thread-pool-0 O /home/capstone/project/test_files/000507.jpg
[10458] thread-pool-1 O /home/capstone/project/test_files/000050.xls
[10458] thread-pool-0 O /home/capstone/project/test_files/000549.jpg
[10458] thread-pool-3 O /home/capstone/project/test_files/000908.jpg
[10458] thread-pool-0 O /home/capstone/project/test_files/000752.pdf
[10458] thread-pool-3 O /home/capstone/project/test_files/000819.html
[10458] thread-pool-3 O /home/capstone/project/test_files/000345.pdf
[10458] thread-pool-3 O /home/capstone/project/test_files/000265.doc
[10458] thread-pool-3 O /home/capstone/project/test_files/000843.pdf
[10458] thread-pool-3 O /home/capstone/project/test_files/000033.xls
[10458] thread-pool-0 O /home/capstone/project/test_files/000585.pdf
[10458] thread-pool-0 O /home/capstone/project/test_files/000012.pdf
[10458] thread-pool-0 O /home/capstone/project/test_files/000595.pdf
[10458] thread-pool-2 O /home/capstone/project/test_files/000422.html
[10458] thread-pool-2 O /home/capstone/project/test_files/000362.pdf
[10458] thread-pool-2 O /home/capstone/project/test_files/000129.html
[10458] thread-pool-2 O /home/capstone/project/test_files/000872.jpg
[10458] thread-pool-2 O /home/capstone/project/test_files/000961.doc
[10458] thread-pool-2 O /home/capstone/project/test_files/000943.pdf
[10458] thread-pool-2 O /home/capstone/project/test_files/000469.jpg
[10458] thread-pool-2 O /home/capstone/project/test_files/000913.doc
[10458] thread-pool-2 O /home/capstone/project/test_files/000677.doc
[10458] thread-pool-0 O /home/capstone/project/test_files/000171.xls
[10458] thread-pool-2 O /home/capstone/project/test_files/000745.pdf
[10458] thread-pool-2 O /home/capstone/project/test_files/000414.html
[10458] thread-pool-2 O /home/capstone/project/test_files/000603.jpg
[10458] thread-pool-0 O /home/capstone/project/test_files/000267.doc
[10458] thread-pool-0 O /home/capstone/project/test_files/000899.pdf
[10458] thread-pool-0 O /home/capstone/project/test_files/000399.xls
[10458] thread-pool-0 O /home/capstone/project/test_files/000063.html
[10458] thread-pool-0 O /home/capstone/project/test_files/000052.xls
[10458] thread-pool-2 O /home/capstone/project/test_files/000190.html
[10458] thread-pool-2 O /home/capstone/project/test_files/000339.pdf
[10458] thread-pool-2 O /home/capstone/project/test_files/000526.gif
[10458] thread-pool-2 O /home/capstone/project/test_files/000369.pdf
[10458] thread-pool-2 O /home/capstone/project/test_files/000813.pdf
[10458] thread-pool-0 O /home/capstone/project/test_files/000800.html
[10458] thread-pool-0 O /home/capstone/project/test_files/000246.jpg
[10458] thread-pool-0 O /home/capstone/project/test_files/000693.doc
[10458] thread-pool-2 O /home/capstone/project/test_files/000074.html
[10458] thread-pool-2 O /home/capstone/project/test_files/000535.jpg
[10458] thread-pool-2 O /home/capstone/project/test_files/000781.xls
[10458] thread-pool-0 O /home/capstone/project/test_files/000436.html
[10458] thread-pool-0 O /home/capstone/project/test_files/000164.pdf
[10458] thread-pool-2 O /home/capstone/project/test_files/000173.html
[10458] thread-pool-2 O /home/capstone/project/test_files/000239.jpg
[10458] thread-pool-2 O /home/capstone/project/test_files/000003.doc
[10458] thread-pool-0 O /home/capstone/project/test_files/000594.pdf
[10458] thread-pool-2 O /home/capstone/project/test_files/000416.html
[10458] thread-pool-2 O /home/capstone/project/test_files/000812.html
[10458] thread-pool-2 O /home/capstone/project/test_files/000030.xls
[10458] thread-pool-0 O /home/capstone/project/test_files/000358.pdf
[10458] thread-pool-0 O /home/capstone/project/test_files/000747.pdf
[10458] thread-pool-0 O /home/capstone/project/test_files/000079.html
[10458] thread-pool-0 O /home/capstone/project/test_files/000689.csv
[10458] thread-pool-0 O /home/capstone/project/test_files/000018.pdf
[10458] thread-pool-0 O /home/capstone/project/test_files/000066.html
[10458] thread-pool-0 O /home/capstone/project/test_files/000198.html
[10458] thread-pool-0 O /home/capstone/project/test_files/000359.pdf
[10458] thread-pool-3 O /home/capstone/project/test_files/000388.xls
[10458] thread-pool-3 O /home/capstone/project/test_files/000192.html
[10458] thread-pool-3 O /home/capstone/project/test_files/000736.gz
[10458] thread-pool-0 O /home/capstone/project/test_files/000266.pdf
[10458] thread-pool-0 O /home/capstone/project/test_files/000508.jpg
[10458] thread-pool-0 O /home/capstone/project/test_files/000789.html
[10458] thread-pool-0 O /home/capstone/project/test_files/000456.html
[10458] thread-pool-0 O /home/capstone/project/test_files/000325.pdf
[10458] thread-pool-0 O /home/capstone/project/test_files/000600.html
[10458] thread-pool-0 O /home/capstone/project/test_files/000280.pdf
[10458] thread-pool-0 O /home/capstone/project/test_files/000686.doc
[10458] thread-pool-0 O /home/capstone/project/test_files/000053.xls
[10458] thread-pool-3 O /home/capstone/project/test_files/000601.html
[10458] thread-pool-3 O /home/capstone/project/test_files/000808.html
[10458] thread-pool-3 O /home/capstone/project/test_files/000170.xls
[10458] thread-pool-1 O /home/capstone/project/test_files/000616.html
[10458] thread-pool-1 O /home/capstone/project/test_files/000577.pdf
[10458] thread-pool-3 O /home/capstone/project/test_files/000634.html
[10458] thread-pool-1 O /home/capstone/project/test_files/000444.pdf
[10458] thread-pool-3 O /home/capstone/project/test_files/000977.doc
[10458] thread-pool-3 O /home/capstone/project/test_files/000130.doc
[10458] thread-pool-1 O /home/capstone/project/test_files/000722.csv
[10458] thread-pool-1 O /home/capstone/project/test_files/000177.pdf
[10458] thread-pool-3 O /home/capstone/project/test_files/000044.xls
[10458] thread-pool-3 O /home/capstone/project/test_files/000197.html
[10458] thread-pool-3 O /home/capstone/project/test_files/000360.pdf
[10458] thread-pool-3 O /home/capstone/project/test_files/000795.doc
[10458] thread-pool-1 O /home/capstone/project/test_files/000341.pdf
[10458] thread-pool-1 O /home/capstone/project/test_files/000025.pdf
[10458] thread-pool-1 O /home/capstone/project/test_files/000142.pdf
[10458] thread-pool-3 O /home/capstone/project/test_files/000799.doc
[10458] thread-pool-1 O /home/capstone/project/test_files/000548.gif
[10458] thread-pool-3 O /home/capstone/project/test_files/000541.jpg
[10458] thread-pool-3 O /home/capstone/project/test_files/000883.jpg
[10458] thread-pool-3 O /home/capstone/project/test_files/000640.html
[10458] thread-pool-1 O /home/capstone/project/test_files/000561.gif
[10458] thread-pool-1 O /home/capstone/project/test_files/000528.jpg
[10458] thread-pool-3 O /home/capstone/project/test_files/000820.html
[10458] thread-pool-3 O /home/capstone/project/test_files/000277.doc
[10458] thread-pool-1 O /home/capstone/project/test_files/000062.html
[10458] thread-pool-1 O /home/capstone/project/test_files/000811.pdf
[10458] thread-pool-1 O /home/capstone/project/test_files/000880.jpg
[10458] thread-pool-3 O /home/capstone/project/test_files/000108.jpg
[10458] thread-pool-1 O /home/capstone/project/test_files/000525.gif
[10458] thread-pool-3 O /home/capstone/project/test_files/000121.doc
[10458] thread-pool-3 O /home/capstone/project/test_files/000398.xls
[10458] thread-pool-1 O /home/capstone/project/test_files/000057.html
[10458] thread-pool-1 O /home/capstone/project/test_files/000581.pdf
[10458] thread-pool-3 O /home/capstone/project/test_files/000623.html
[10458] thread-pool-3 O /home/capstone/project/test_files/000392.xls
[10458] thread-pool-3 O /home/capstone/project/test_files/000065.html
[10458] thread-pool-3 O /home/capstone/project/test_files/000876.jpg
[10458] thread-pool-1 O /home/capstone/project/test_files/000916.html
[10458] thread-pool-1 O /home/capstone/project/test_files/000377.xls
[10458] thread-pool-1 O /home/capstone/project/test_files/000815.html
[10458] thread-pool-1 O /home/capstone/project/test_files/000544.jpg
[10458] thread-pool-2 O /home/capstone/project/test_files/000960.doc
[10458] thread-pool-1 O /home/capstone/project/test_files/000407.xls
[10458] thread-pool-2 O /home/capstone/project/test_files/000514.jpg
[10458] thread-pool-1 O /home/capstone/project/test_files/000371.pdf
[10458] thread-pool-2 O /home/capstone/project/test_files/000892.html
[10458] thread-pool-2 O /home/capstone/project/test_files/000357.pdf
[10458] thread-pool-1 O /home/capstone/project/test_files/000415.html
[10458] thread-pool-1 O /home/capstone/project/test_files/000029.pdf
[10458] thread-pool-3 O /home/capstone/project/test_files/000879.jpg
[10458] thread-pool-2 O /home/capstone/project/test_files/000159.pdf
[10458] thread-pool-0 O /home/capstone/project/test_files/000755.pdf
[10458] thread-pool-3 O /home/capstone/project/test_files/000612.html
[10458] thread-pool-0 O /home/capstone/project/test_files/000878.pdf
[10458] thread-pool-3 O /home/capstone/project/test_files/000373.pdf
[10458] thread-pool-0 O /home/capstone/project/test_files/000718.gz
[10458] thread-pool-3 O /home/capstone/project/test_files/000421.html
[10458] thread-pool-3 O /home/capstone/project/test_files/000215.html
[10458] thread-pool-3 O /home/capstone/project/test_files/000787.html
[10458] thread-pool-0 O /home/capstone/project/test_files/000242.jpg
[10458] thread-pool-0 O /home/capstone/project/test_files/000200.html
[10458] thread-pool-0 O /home/capstone/project/test_files/000959.xls
[10458] thread-pool-3 O /home/capstone/project/test_files/000391.xls
[10458] thread-pool-3 O /home/capstone/project/test_files/000036.xls
[10458] thread-pool-3 O /home/capstone/project/test_files/000383.xls
[10458] thread-pool-0 O /home/capstone/project/test_files/000035.xls
[10458] thread-pool-0 O /home/capstone/project/test_files/000166.pdf
[10458] thread-pool-0 O /home/capstone/project/test_files/000400.jpg
[10458] thread-pool-0 O /home/capstone/project/test_files/000453.html
[10458] thread-pool-3 O /home/capstone/project/test_files/000124.doc
[10458] thread-pool-0 O /home/capstone/project/test_files/000950.doc
[10458] thread-pool-0 O /home/capstone/project/test_files/000375.xls
[10458] thread-pool-0 O /home/capstone/project/test_files/000403.xls
[10458] thread-pool-0 O /home/capstone/project/test_files/000010.pdf
[10458] thread-pool-0 O /home/capstone/project/test_files/000671.pdf
[10458] thread-pool-1 O /home/capstone/project/test_files/000792.html
[10458] thread-pool-1 O /home/capstone/project/test_files/000370.pdf
[10458] thread-pool-2 O /home/capstone/project/test_files/000043.xls
[10458] thread-pool-1 O /home/capstone/project/test_files/000576.csv
[10458] thread-pool-0 O /home/capstone/project/test_files/000522.gif
[10458] thread-pool-1 O /home/capstone/project/test_files/000446.html
[10458] thread-pool-1 O /home/capstone/project/test_files/000897.jpg
[10458] thread-pool-1 O /home/capstone/project/test_files/000276.doc
[10458] thread-pool-0 O /home/capstone/project/test_files/000061.html
[10458] thread-pool-0 O /home/capstone/project/test_files/000447.html
[10458] thread-pool-0 O /home/capstone/project/test_files/000859.pdf
[10458] thread-pool-1 O /home/capstone/project/test_files/000161.pdf
[10458] thread-pool-1 O /home/capstone/project/test_files/000944.doc
[10458] thread-pool-1 O /home/capstone/project/test_files/000952.doc
[10458] thread-pool-1 O /home/capstone/project/test_files/000900.jpg
[10458] thread-pool-1 O /home/capstone/project/test_files/000275.doc
[10458] thread-pool-1 O /home/capstone/project/test_files/000144.doc
[10458] thread-pool-1 O /home/capstone/project/test_files/000532.jpg
[10458] thread-pool-1 O /home/capstone/project/test_files/000967.doc
[10458] thread-pool-1 O /home/capstone/project/test_files/000885.pdf
[10458] thread-pool-1 O /home/capstone/project/test_files/000046.xls
[10458] thread-pool-1 O /home/capstone/project/test_files/000243.jpg
[10458] thread-pool-1 O /home/capstone/project/test_files/000068.html
[10458] thread-pool-1 O /home/capstone/project/test_files/000195.html
[10458] thread-pool-1 O /home/capstone/project/test_files/000217.html
[10458] thread-pool-1 O /home/capstone/project/test_files/000058.html
[10458] thread-pool-1 O /home/capstone/project/test_files/000691.doc
[10458] thread-pool-1 O /home/capstone/project/test_files/000445.html
[10458] thread-pool-1 O /home/capstone/project/test_files/000817.pdf
[10458] thread-pool-1 O /home/capstone/project/test_files/000777.xls
[10458] thread-pool-1 O /home/capstone/project/test_files/000788.doc
[10458] thread-pool-0 O /home/capstone/project/test_files/000740.html
[10458] thread-pool-1 O /home/capstone/project/test_files/000853.pdf
[10458] thread-pool-3 O /home/capstone/project/test_files/000005.doc
[10458] thread-pool-0 O /home/capstone/project/test_files/000214.html
[10458] thread-pool-3 O /home/capstone/project/test_files/000125.doc
[10458] thread-pool-3 O /home/capstone/project/test_files/000565.csv
[10458] thread-pool-3 O /home/capstone/project/test_files/000019.pdf
[10458] thread-pool-3 O /home/capstone/project/test_files/000779.xls
[10458] thread-pool-0 O /home/capstone/project/test_files/000268.doc
[10458] thread-pool-1 O /home/capstone/project/test_files/000955.pdf
[10458] thread-pool-0 O /home/capstone/project/test_files/000176.pdf
[10458] thread-pool-3 O /home/capstone/project/test_files/000579.gz
[10458] thread-pool-3 O /home/capstone/project/test_files/000254.doc
[10458] thread-pool-0 O /home/capstone/project/test_files/000113.doc
[10458] thread-pool-3 O /home/capstone/project/test_files/000807.pdf
[10458] thread-pool-1 O /home/capstone/project/test_files/000427.html
[10458] thread-pool-1 O /home/capstone/project/test_files/000893.html
[10458] thread-pool-1 O /home/capstone/project/test_files/000411.html
[10458] thread-pool-1 O /home/capstone/project/test_files/000909.jpg
[10458] thread-pool-1 O /home/capstone/project/test_files/000141.pdf
[10458] thread-pool-1 O /home/capstone/project/test_files/000510.jpg
[10458] thread-pool-1 O /home/capstone/project/test_files/000613.html
[10458] thread-pool-1 O /home/capstone/project/test_files/000356.pdf
[10458] thread-pool-1 O /home/capstone/project/test_files/000911.doc
[10458] thread-pool-1 O /home/capstone/project/test_files/000259.doc
[10458] thread-pool-3 O /home/capstone/project/test_files/000178.html
[10458] thread-pool-1 O /home/capstone/project/test_files/000051.xls
[10458] thread-pool-3 O /home/capstone/project/test_files/000114.doc
[10458] thread-pool-3 O /home/capstone/project/test_files/000599.html
[10458] thread-pool-3 O /home/capstone/project/test_files/000749.html
[10458] thread-pool-3 O /home/capstone/project/test_files/000947.html
[10458] thread-pool-3 O /home/capstone/project/test_files/000435.html
[10458] thread-pool-3 O /home/capstone/project/test_files/000891.html
[10458] thread-pool-3 O /home/capstone/project/test_files/000251.pdf
[10458] thread-pool-3 O /home/capstone/project/test_files/000073.html
[10458] thread-pool-3 O /home/capstone/project/test_files/000797.html
[10458] thread-pool-3 O /home/capstone/project/test_files/000552.html
[10458] thread-pool-3 O /home/capstone/project/test_files/000140.pdf
[10458] thread-pool-3 O /home/capstone/project/test_files/000367.pdf
[10458] thread-pool-3 O /home/capstone/project/test_files/000454.html
[10458] thread-pool-3 O /home/capstone/project/test_files/000869.jpg
[10458] thread-pool-3 O /home/capstone/project/test_files/000838.pdf
[10458] thread-pool-3 O /home/capstone/project/test_files/000690.csv
[10458] thread-pool-3 O /home/capstone/project/test_files/000964.doc
[10458] thread-pool-3 O /home/capstone/project/test_files/000874.jpg
[10458] thread-pool-3 O /home/capstone/project/test_files/000818.pdf
[10458] thread-pool-3 O /home/capstone/project/test_files/000283.doc
[10458] thread-pool-3 O /home/capstone/project/test_files/000179.html
[10458] thread-pool-3 O /home/capstone/project/test_files/000637.html
[10458] thread-pool-3 O /home/capstone/project/test_files/000917.html
[10458] thread-pool-3 O /home/capstone/project/test_files/000589.pdf
[10458] thread-pool-3 O /home/capstone/project/test_files/000760.pdf
[10458] thread-pool-3 O /home/capstone/project/test_files/000524.jpg
[10458] thread-pool-3 O /home/capstone/project/test_files/000420.html
[10458] thread-pool-3 O /home/capstone/project/test_files/000520.gif
[10458] thread-pool-3 O /home/capstone/project/test_files/000578.pdf
[10458] thread-pool-1 O /home/capstone/project/test_files/000338.pdf
[10458] thread-pool-3 O /home/capstone/project/test_files/000364.pdf
[10458] thread-pool-1 O /home/capstone/project/test_files/000261.doc
[10458] thread-pool-1 O /home/capstone/project/test_files/000551.jpg
[10458] thread-pool-3 O /home/capstone/project/test_files/000871.jpg
[10458] thread-pool-1 O /home/capstone/project/test_files/000596.pdf
[10458] thread-pool-1 O /home/capstone/project/test_files/000199.html
[10458] thread-pool-3 O /home/capstone/project/test_files/000244.jpg
[10458] thread-pool-3 O /home/capstone/project/test_files/000742.pdf
[10458] thread-pool-1 O /home/capstone/project/test_files/000191.html
[10458] thread-pool-1 O /home/capstone/project/test_files/000663.pdf
[10458] thread-pool-3 O /home/capstone/project/test_files/000162.pdf
[10458] thread-pool-1 O /home/capstone/project/test_files/000905.jpg
[10458] thread-pool-1 O /home/capstone/project/test_files/000681.jpg
[10458] thread-pool-3 O /home/capstone/project/test_files/000531.jpg
[10458] thread-pool-1 O /home/capstone/project/test_files/000390.xls
[10458] thread-pool-1 O /home/capstone/project/test_files/000705.doc
[10458] thread-pool-3 O /home/capstone/project/test_files/000737.pdf
[10458] thread-pool-1 O /home/capstone/project/test_files/000958.doc
[10458] thread-pool-1 O /home/capstone/project/test_files/000794.html
[10458] thread-pool-1 O /home/capstone/project/test_files/000763.pdf
[10458] thread-pool-1 O /home/capstone/project/test_files/000032.xls
[10458] thread-pool-3 O /home/capstone/project/test_files/000343.pdf
[10458] thread-pool-3 O /home/capstone/project/test_files/000547.pdf
[10458] thread-pool-2 O /home/capstone/project/test_files/000009.pdf
[10458] thread-pool-2 O /home/capstone/project/test_files/000695.doc
[10458] thread-pool-2 O /home/capstone/project/test_files/000554.html
[10458] thread-pool-2 O /home/capstone/project/test_files/000233.gif
[10458] thread-pool-2 O /home/capstone/project/test_files/000953.doc
[10458] thread-pool-2 O /home/capstone/project/test_files/000368.pdf
[10458] thread-pool-3 O /home/capstone/project/test_files/000413.html
[10458] thread-pool-3 O /home/capstone/project/test_files/000247.jpg
[10458] thread-pool-2 O /home/capstone/project/test_files/000751.pdf
[10458] thread-pool-3 O /home/capstone/project/test_files/000834.pdf
[10458] thread-pool-3 O /home/capstone/project/test_files/000753.pdf
[10458] thread-pool-3 O /home/capstone/project/test_files/000840.pdf
[10458] thread-pool-2 O /home/capstone/project/test_files/000021.pdf
[10458] thread-pool-3 O /home/capstone/project/test_files/000918.html
[10458] thread-pool-2 O /home/capstone/project/test_files/000348.pdf
[10458] thread-pool-3 O /home/capstone/project/test_files/000080.html
[10458] thread-pool-3 O /home/capstone/project/test_files/000406.xls
[10458] thread-pool-3 O /home/capstone/project/test_files/000945.pdf
[10458] thread-pool-3 O /home/capstone/project/test_files/000137.pdf
[10458] thread-pool-3 O /home/capstone/project/test_files/000060.html
[10458] thread-pool-3 O /home/capstone/project/test_files/000248.doc
[10458] thread-pool-3 O /home/capstone/project/test_files/000439.html
[10458] thread-pool-3 O /home/capstone/project/test_files/000256.doc
[10458] thread-pool-3 O /home/capstone/project/test_files/000750.pdf
[10458] thread-pool-3 O /home/capstone/project/test_files/000597.html
[10458] thread-pool-3 O /home/capstone/project/test_files/000386.xls
[10458] thread-pool-2 O /home/capstone/project/test_files/000119.doc
[10458] thread-pool-3 O /home/capstone/project/test_files/000972.gif
[10458] thread-pool-3 O /home/capstone/project/test_files/000784.html
[10458] thread-pool-3 O /home/capstone/project/test_files/000539.jpg
[10458] thread-pool-3 O /home/capstone/project/test_files/000253.doc
[10458] thread-pool-2 O /home/capstone/project/test_files/000889.jpg
[10458] thread-pool-2 O /home/capstone/project/test_files/000127.doc
[10458] thread-pool-2 O /home/capstone/project/test_files/000378.xls
[10458] thread-pool-2 O /home/capstone/project/test_files/000337.pdf
[10458] thread-pool-3 O /home/capstone/project/test_files/000236.pdf
[10458] thread-pool-3 O /home/capstone/project/test_files/000426.html
[10458] thread-pool-3 O /home/capstone/project/test_files/000452.html
[10458] thread-pool-3 O /home/capstone/project/test_files/000895.html
[10458] thread-pool-3 O /home/capstone/project/test_files/000536.jpg
[10458] thread-pool-3 O /home/capstone/project/test_files/000919.html
[10458] thread-pool-2 O /home/capstone/project/test_files/000273.doc
[10458] thread-pool-3 O /home/capstone/project/test_files/000331.pdf
[10458] thread-pool-2 O /home/capstone/project/test_files/000238.jpg
[10458] thread-pool-2 O /home/capstone/project/test_files/000346.pdf
[10458] thread-pool-2 O /home/capstone/project/test_files/000886.pdf
[10458] thread-pool-3 O /home/capstone/project/test_files/000349.pdf
[10458] thread-pool-3 O /home/capstone/project/test_files/000974.doc
[10458] thread-pool-2 O /home/capstone/project/test_files/000208.pdf
[10458] thread-pool-3 O /home/capstone/project/test_files/000070.html
[10458] thread-pool-3 O /home/capstone/project/test_files/000568.pdf
[10458] thread-pool-3 O /home/capstone/project/test_files/000363.pdf
[10458] thread-pool-3 O /home/capstone/project/test_files/000047.xls
[10458] thread-pool-0 O /home/capstone/project/test_files/000458.html
[10458] thread-pool-0 O /home/capstone/project/test_files/000002.doc
[10458] thread-pool-0 O /home/capstone/project/test_files/000237.jpg
[10458] thread-pool-0 O /home/capstone/project/test_files/000395.xls
[10458] thread-pool-0 O /home/capstone/project/test_files/000951.html
[10458] thread-pool-0 O /home/capstone/project/test_files/000203.html
[10458] thread-pool-0 O /home/capstone/project/test_files/000726.html
[10458] thread-pool-0 O /home/capstone/project/test_files/000249.doc
[10458] thread-pool-0 O /home/capstone/project/test_files/000618.pdf
[10458] thread-pool-0 O /home/capstone/project/test_files/000150.pdf
[10458] thread-pool-0 O /home/capstone/project/test_files/000026.pdf
[10458] thread-pool-0 O /home/capstone/project/test_files/000966.doc
[10458] thread-pool-0 O /home/capstone/project/test_files/000521.jpg
[10458] thread-pool-0 O /home/capstone/project/test_files/000234.jpg
[10458] thread-pool-0 O /home/capstone/project/test_files/000423.html
[10458] thread-pool-0 O /home/capstone/project/test_files/000823.html
[10458] thread-pool-0 O /home/capstone/project/test_files/000506.jpg
[10458] thread-pool-0 O /home/capstone/project/test_files/000397.jpg
[10458] thread-pool-0 O /home/capstone/project/test_files/000888.jpg
[10458] thread-pool-3 O /home/capstone/project/test_files/000546.jpg
[10458] thread-pool-3 O /home/capstone/project/test_files/000512.jpg
[10458] thread-pool-3 O /home/capstone/project/test_files/000412.html
[10458] thread-pool-3 O /home/capstone/project/test_files/000380.pdf
[10458] thread-pool-3 O /home/capstone/project/test_files/000045.xls
[10458] thread-pool-2 O /home/capstone/project/test_files/000762.pdf
[10458] thread-pool-3 O /home/capstone/project/test_files/000957.doc
[10458] thread-pool-3 O /home/capstone/project/test_files/000432.jpg
[10458] thread-pool-3 O /home/capstone/project/test_files/000676.pdf
[10458] thread-pool-3 O /home/capstone/project/test_files/000182.html
[10458] thread-pool-3 O /home/capstone/project/test_files/000839.pdf
[10458] thread-pool-3 O /home/capstone/project/test_files/000232.jpg
[10458] thread-pool-3 O /home/capstone/project/test_files/000049.xls
[10458] thread-pool-0 O /home/capstone/project/test_files/000342.pdf
[10458] thread-pool-0 O /home/capstone/project/test_files/000806.doc
[10458] thread-pool-0 O /home/capstone/project/test_files/000027.csv
[10458] thread-pool-0 O /home/capstone/project/test_files/000887.pdf
[10458] thread-pool-2 O /home/capstone/project/test_files/000434.html
[10458] thread-pool-2 O /home/capstone/project/test_files/000072.html
[10458] thread-pool-2 O /home/capstone/project/test_files/000759.doc
[10458] thread-pool-0 O /home/capstone/project/test_files/000696.doc
[10458] thread-pool-0 O /home/capstone/project/test_files/000854.pdf
[10458] thread-pool-0 O /home/capstone/project/test_files/000451.html
[10458] thread-pool-0 O /home/capstone/project/test_files/000184.html
[10458] thread-pool-0 O /home/capstone/project/test_files/000384.xls
[10458] thread-pool-0 O /home/capstone/project/test_files/000213.html
[10458] thread-pool-0 O /home/capstone/project/test_files/000424.html
[10458] thread-pool-2 O /home/capstone/project/test_files/000314.pdf
[10458] thread-pool-0 O /home/capstone/project/test_files/000877.html
[10458] thread-pool-0 O /home/capstone/project/test_files/000393.xls
[10458] thread-pool-2 O /home/capstone/project/test_files/000352.pdf
[10458] thread-pool-2 O /home/capstone/project/test_files/000455.html
[10458] thread-pool-3 O /home/capstone/project/test_files/000902.jpg
[10458] thread-pool-2 O /home/capstone/project/test_files/000511.gif
[10458] thread-pool-3 O /home/capstone/project/test_files/000949.doc
[10458] thread-pool-3 O /home/capstone/project/test_files/000419.jpg
[10458] thread-pool-3 O /home/capstone/project/test_files/000796.doc
[10458] thread-pool-3 O /home/capstone/project/test_files/000805.html
[10458] thread-pool-3 O /home/capstone/project/test_files/000101.doc
[10458] thread-pool-0 O /home/capstone/project/test_files/000139.doc
[10458] thread-pool-3 O /home/capstone/project/test_files/000476.jpg
[10458] thread-pool-0 O /home/capstone/project/test_files/000580.pdf
[10458] thread-pool-0 O /home/capstone/project/test_files/000059.html
[10458] thread-pool-3 O /home/capstone/project/test_files/000609.html
[10458] thread-pool-0 O /home/capstone/project/test_files/000425.html
[10458] thread-pool-0 O /home/capstone/project/test_files/000076.html
[10458] thread-pool-0 O /home/capstone/project/test_files/000542.gif
[10458] thread-pool-3 O /home/capstone/project/test_files/000956.pdf
[10458] thread-pool-2 O /home/capstone/project/test_files/000457.html
[10458] thread-pool-2 O /home/capstone/project/test_files/000628.pdf
[10458] thread-pool-3 O /home/capstone/project/test_files/000608.html
[10458] thread-pool-2 O /home/capstone/project/test_files/000516.jpg
[10458] thread-pool-3 O /home/capstone/project/test_files/000118.doc
[10458] thread-pool-0 O /home/capstone/project/test_files/000721.csv
[10458] thread-pool-0 O /home/capstone/project/test_files/000365.pdf
[10458] thread-pool-2 O /home/capstone/project/test_files/000687.doc
[10458] thread-pool-0 O /home/capstone/project/test_files/000583.pdf
[10458] thread-pool-3 O /home/capstone/project/test_files/000409.html
[10458] thread-pool-3 O /home/capstone/project/test_files/000193.html
[10458] thread-pool-3 O /home/capstone/project/test_files/000756.csv
[10458] thread-pool-2 O /home/capstone/project/test_files/000584.pdf
[10458] thread-pool-0 O /home/capstone/project/test_files/000212.html
[10458] thread-pool-0 O /home/capstone/project/test_files/000449.html
[10458] thread-pool-0 O /home/capstone/project/test_files/000875.html
[10458] thread-pool-0 O /home/capstone/project/test_files/000241.gif
[10458] thread-pool-0 O /home/capstone/project/test_files/000428.html
[10458] thread-pool-0 O /home/capstone/project/test_files/000216.html
[10458] thread-pool-0 O /home/capstone/project/test_files/000433.html
[10458] thread-pool-0 O /home/capstone/project/test_files/000332.pdf
[10458] thread-pool-0 O /home/capstone/project/test_files/000969.jpg
[10458] thread-pool-0 O /home/capstone/project/test_files/000901.pdf
[10458] thread-pool-0 O /home/capstone/project/test_files/000529.gif
[10458] thread-pool-0 O /home/capstone/project/test_files/000334.pdf
[10458] thread-pool-0 O /home/capstone/project/test_files/000353.pdf
[10458] thread-pool-3 O /home/capstone/project/test_files/000034.xls
[10458] thread-pool-0 O /home/capstone/project/test_files/000206.html
[10458] thread-pool-0 O /home/capstone/project/test_files/000701.doc
[10458] thread-pool-0 O /home/capstone/project/test_files/000592.pdf
[10458] thread-pool-0 O /home/capstone/project/test_files/000572.pdf
[10458] thread-pool-2 O /home/capstone/project/test_files/000069.html
[10458] thread-pool-2 O /home/capstone/project/test_files/000778.xls
[10458] thread-pool-2 O /home/capstone/project/test_files/000022.pdf
[10458] thread-pool-2 O /home/capstone/project/test_files/000071.html
[10458] thread-pool-2 O /home/capstone/project/test_files/000970.doc
[10458] thread-pool-2 O /home/capstone/project/test_files/000004.doc
[10458] thread-pool-0 O /home/capstone/project/test_files/000530.gif
[10458] thread-pool-2 O /home/capstone/project/test_files/000629.pdf
[10458] thread-pool-2 O /home/capstone/project/test_files/000804.doc
[10458] thread-pool-2 O /home/capstone/project/test_files/000186.html
[10458] thread-pool-2 O /home/capstone/project/test_files/000132.doc
[10458] thread-pool-2 O /home/capstone/project/test_files/000617.html
[10458] thread-pool-2 O /home/capstone/project/test_files/000633.xls
[10458] thread-pool-0 O /home/capstone/project/test_files/000754.gz
[10458] thread-pool-0 O /home/capstone/project/test_files/000007.doc
[10458] thread-pool-0 O /home/capstone/project/test_files/000122.doc
[10458] thread-pool-0 O /home/capstone/project/test_files/000771.doc
[10458] thread-pool-0 O /home/capstone/project/test_files/000442.html
[10458] thread-pool-0 O /home/capstone/project/test_files/000269.pdf
[10458] thread-pool-0 O /home/capstone/project/test_files/000981.doc
[10458] thread-pool-0 O /home/capstone/project/test_files/000976.doc
[10458] thread-pool-0 O /home/capstone/project/test_files/000735.html
[10458] thread-pool-0 O /home/capstone/project/test_files/000410.html
[10458] thread-pool-0 O /home/capstone/project/test_files/000809.pdf
[10458] thread-pool-0 O /home/capstone/project/test_files/000587.pdf
[10458] thread-pool-0 O /home/capstone/project/test_files/000519.gif
[10458] thread-pool-2 O /home/capstone/project/test_files/000707.doc
[10458] thread-pool-0 O /home/capstone/project/test_files/000207.html
[10458] thread-pool-0 O /home/capstone/project/test_files/000894.html
[10458] thread-pool-2 O /home/capstone/project/test_files/000461.html
[10458] thread-pool-2 O /home/capstone/project/test_files/000381.pdf
[10458] thread-pool-0 O /home/capstone/project/test_files/000545.gif
[10458] thread-pool-2 O /home/capstone/project/test_files/000285.doc
[10458] thread-pool-2 O /home/capstone/project/test_files/000748.pdf
[10458] thread-pool-2 O /home/capstone/project/test_files/000810.pdf
[10458] thread-pool-2 O /home/capstone/project/test_files/000865.gz
[10458] thread-pool-2 O /home/capstone/project/test_files/000109.jpg
[10458] thread-pool-2 O /home/capstone/project/test_files/000675.doc
[10458] thread-pool-2 O /home/capstone/project/test_files/000692.html
[10458] thread-pool-2 O /home/capstone/project/test_files/000431.html
[10458] thread-pool-2 O /home/capstone/project/test_files/000324.pdf
[10458] thread-pool-2 O /home/capstone/project/test_files/000389.dbase3
[10458] thread-pool-2 O /home/capstone/project/test_files/000534.gif
[10458] thread-pool-0 O /home/capstone/project/test_files/000793.html
[10458] thread-pool-0 O /home/capstone/project/test_files/000110.jpg
[10458] thread-pool-2 O /home/capstone/project/test_files/000153.pdf
[10458] thread-pool-0 O /home/capstone/project/test_files/000014.html
[10458] thread-pool-0 O /home/capstone/project/test_files/000382.xls
[10458] thread-pool-0 O /home/capstone/project/test_files/000078.html
[10458] thread-pool-0 O /home/capstone/project/test_files/000631.pdf
[10458] thread-pool-0 O /home/capstone/project/test_files/000782.xls
[10458] thread-pool-0 O /home/capstone/project/test_files/000354.pdf
[10458] thread-pool-0 O /home/capstone/project/test_files/000040.xls
[10458] thread-pool-0 O /home/capstone/project/test_files/000209.html
[10458] thread-pool-0 O /home/capstone/project/test_files/000598.html
[10458] thread-pool-0 O /home/capstone/project/test_files/000013.pdf
[10458] thread-pool-0 O /home/capstone/project/test_files/000361.pdf
[10458] thread-pool-0 O /home/capstone/project/test_files/000015.pdf
[10458] thread-pool-0 O /home/capstone/project/test_files/000816.pdf
[10458] thread-pool-0 O /home/capstone/project/test_files/000055.xls
[10458] thread-pool-2 O /home/capstone/project/test_files/000582.pdf
[10458] thread-pool-1 O /home/capstone/project/test_files/000873.jpg
[10458] thread-pool-2 O /home/capstone/project/test_files/000738.pdf
[10458] thread-pool-2 O /home/capstone/project/test_files/000202.html
[10458] thread-pool-2 O /home/capstone/project/test_files/000543.gif
[10458] thread-pool-1 O /home/capstone/project/test_files/000264.doc
[10458] thread-pool-1 O /home/capstone/project/test_files/000278.doc
[10458] thread-pool-1 O /home/capstone/project/test_files/000527.gif
[10458] thread-pool-2 O /home/capstone/project/test_files/000814.html
[10458] thread-pool-2 O /home/capstone/project/test_files/000783.html
[10458] thread-pool-1 O /home/capstone/project/test_files/000904.pdf
[10458] thread-pool-2 O /home/capstone/project/test_files/000385.xls
[10458] thread-pool-2 O /home/capstone/project/test_files/000694.html
[10458] thread-pool-2 O /home/capstone/project/test_files/000152.pdf
[10458] thread-pool-1 O /home/capstone/project/test_files/000744.pdf
[10458] thread-pool-1 O /home/capstone/project/test_files/000540.jpg
[10458] thread-pool-3 O /home/capstone/project/test_files/000674.pdf
[10458] thread-pool-1 O /home/capstone/project/test_files/000979.doc
[10458] thread-pool-1 O /home/capstone/project/test_files/000672.pdf
[10458] thread-pool-3 O /home/capstone/project/test_files/000586.pdf
[10458] thread-pool-2 O /home/capstone/project/test_files/000870.jpg
[10458] thread-pool-3 O /home/capstone/project/test_files/000376.dbase3
[10458] thread-pool-3 O /home/capstone/project/test_files/000550.jpg
[10458] thread-pool-2 O /home/capstone/project/test_files/000775.xls
[10458] thread-pool-3 O /home/capstone/project/test_files/000336.pdf
[10458] thread-pool-2 O /home/capstone/project/test_files/000830.html
[10458] thread-pool-3 O /home/capstone/project/test_files/000564.csv
[10458] thread-pool-2 O /home/capstone/project/test_files/000404.jpg
[10458] thread-pool-2 O /home/capstone/project/test_files/000954.pdf
[10458] thread-pool-1 O /home/capstone/project/test_files/000210.html
[10458] thread-pool-1 O /home/capstone/project/test_files/000604.html
[10458] thread-pool-1 O /home/capstone/project/test_files/000523.png
[10458] thread-pool-2 O /home/capstone/project/test_files/000149.pdf
[10458] thread-pool-1 O /home/capstone/project/test_files/000684.jpg
[10458] thread-pool-1 O /home/capstone/project/test_files/000201.html
[10458] thread-pool-1 O /home/capstone/project/test_files/000262.pdf
[10458] thread-pool-2 O /home/capstone/project/test_files/000907.html
[10458] thread-pool-2 O /home/capstone/project/test_files/000688.gif
[10458] thread-pool-2 O /home/capstone/project/test_files/000196.pdf
[10458] thread-pool-2 O /home/capstone/project/test_files/000790.doc
[10458] thread-pool-1 O /home/capstone/project/test_files/000396.xls
[10458] thread-pool-2 O /home/capstone/project/test_files/000194.html
[10458] thread-pool-2 O /home/capstone/project/test_files/000537.gif
[10458] thread-pool-2 O /home/capstone/project/test_files/000630.pdf
[10458] thread-pool-2 O /home/capstone/project/test_files/000417.jpg
[10458] thread-pool-2 O /home/capstone/project/test_files/000168.pdf
[10458] thread-pool-1 O /home/capstone/project/test_files/000252.pdf
[10458] thread-pool-2 O /home/capstone/project/test_files/000123.html
[10458] thread-pool-2 O /home/capstone/project/test_files/000776.xls
[10458] thread-pool-1 O /home/capstone/project/test_files/000028.pdf
[10458] thread-pool-1 O /home/capstone/project/test_files/000270.pdf
[10458] thread-pool-1 O /home/capstone/project/test_files/000401.xls
[10458] thread-pool-1 O /home/capstone/project/test_files/000351.pdf
[10458] thread-pool-1 O /home/capstone/project/test_files/000438.html
[10458] thread-pool-1 O /home/capstone/project/test_files/000077.html
[10458] thread-pool-1 O /home/capstone/project/test_files/000764.csv
[10458] thread-pool-1 O /home/capstone/project/test_files/000770.pdf
[10458] thread-pool-1 O /home/capstone/project/test_files/000826.pdf
[10458] thread-pool-1 O /home/capstone/project/test_files/000946.doc
[10458] thread-pool-1 O /home/capstone/project/test_files/000635.html
[10458] thread-pool-1 O /home/capstone/project/test_files/000120.doc
[10458] thread-pool-3 O /home/capstone/project/test_files/000538.gif
[10458] thread-pool-2 O /home/capstone/project/test_files/000147.pdf
[10458] thread-pool-1 O /home/capstone/project/test_files/000154.doc
[10458] thread-pool-2 O /home/capstone/project/test_files/000340.pdf
[10458] thread-pool-1 O /home/capstone/project/test_files/000185.html
[10458] thread-pool-3 O /home/capstone/project/test_files/000001.doc
[10458] thread-pool-3 O /home/capstone/project/test_files/000563.gif
[10458] thread-pool-1 O /home/capstone/project/test_files/000780.xls
[10458] thread-pool-3 O /home/capstone/project/test_files/000316.pdf
[10458] thread-pool-1 O /home/capstone/project/test_files/000126.doc
[10458] thread-pool-3 O /home/capstone/project/test_files/000135.pdf
[10458] thread-pool-3 O /home/capstone/project/test_files/000263.pdf
[10458] thread-pool-1 O /home/capstone/project/test_files/000402.xls
[10458] thread-pool-3 O /home/capstone/project/test_files/000287.doc
[10458] thread-pool-3 O /home/capstone/project/test_files/000205.html
[10458] thread-pool-3 O /home/capstone/project/test_files/000824.html
[10458] thread-pool-3 O /home/capstone/project/test_files/000042.xls
[10458] thread-pool-1 O /home/capstone/project/test_files/000430.html
[10458] thread-pool-1 O /home/capstone/project/test_files/000739.pdf
[10458] thread-pool-3 O /home/capstone/project/test_files/000054.xls
[10458] thread-pool-3 O /home/capstone/project/test_files/000636.html
[10458] thread-pool-3 O /home/capstone/project/test_files/000333.pdf
[10458] thread-pool-3 O /home/capstone/project/test_files/000281.doc
[10458] thread-pool-2 O /home/capstone/project/test_files/000867.jpg
[10458] thread-pool-3 O /home/capstone/project/test_files/000107.jpg
[10458] thread-pool-2 O /home/capstone/project/test_files/000898.html
[10458] thread-pool-3 O /home/capstone/project/test_files/000678.doc
[10458] thread-pool-3 O /home/capstone/project/test_files/000605.pdf
[10458] thread-pool-3 O /home/capstone/project/test_files/000016.pdf
[10458] thread-pool-3 O /home/capstone/project/test_files/000801.doc
[10458] thread-pool-2 O /home/capstone/project/test_files/000282.pdf
[10458] thread-pool-1 O /home/capstone/project/test_files/000570.pdf
[10458] thread-pool-1 O /home/capstone/project/test_files/000593.pdf
[10458] thread-pool-1 O /home/capstone/project/test_files/000971.doc
[10458] thread-pool-1 O /home/capstone/project/test_files/000553.html
[10458] thread-pool-1 O /home/capstone/project/test_files/000973.doc
[10458] thread-pool-1 O /home/capstone/project/test_files/000148.doc
[10458] thread-pool-0 O /home/capstone/project/test_files/000245.jpg
[10458] thread-pool-0 O /home/capstone/project/test_files/000571.pdf
[10458] thread-pool-0 O /home/capstone/project/test_files/000607.html
[10458] thread-pool-1 O /home/capstone/project/test_files/000968.jpg
[10458] thread-pool-0 O /home/capstone/project/test_files/000505.jpg
[10458] thread-pool-1 O /home/capstone/project/test_files/000240.jpg
[10458] thread-pool-1 O /home/capstone/project/test_files/000158.doc
[10458] thread-pool-1 O /home/capstone/project/test_files/000075.html
[10458] thread-pool-1 O /home/capstone/project/test_files/000575.csv
[10458] thread-pool-1 O /home/capstone/project/test_files/000350.pdf
[10458] thread-pool-1 O /home/capstone/project/test_files/000405.xls
[10458] thread-pool-0 O /home/capstone/project/test_files/000706.doc
[10458] thread-pool-0 O /home/capstone/project/test_files/000682.jpg
[10458] thread-pool-0 O /home/capstone/project/test_files/000429.html
[10458] thread-pool-0 O /home/capstone/project/test_files/000038.xls
[10458] thread-pool-0 O /home/capstone/project/test_files/000912.jpg
[10458] thread-pool-0 O /home/capstone/project/test_files/000250.doc
[10458] thread-pool-0 O /home/capstone/project/test_files/000791.html
[10458] thread-pool-0 O /home/capstone/project/test_files/000056.html
[10458] thread-pool-0 O /home/capstone/project/test_files/000965.doc
[10458] thread-pool-0 O /home/capstone/project/test_files/000610.pdf
[10458] thread-pool-0 O /home/capstone/project/test_files/000394.xls
[10458] thread-pool-0 O /home/capstone/project/test_files/000450.html
[10458] thread-pool-0 O /home/capstone/project/test_files/000279.doc
[10458] thread-pool-0 O /home/capstone/project/test_files/000459.html
[10458] thread-pool-0 O /home/capstone/project/test_files/000100.doc
[10458] thread-pool-0 O /home/capstone/project/test_files/000948.doc
[10458] thread-pool-0 O /home/capstone/project/test_files/000271.doc
[10458] thread-pool-0 O /home/capstone/project/test_files/000136.html
[10458] thread-pool-0 O /home/capstone/project/test_files/000821.html
[10458] thread-pool-0 O /home/capstone/project/test_files/000566.pdf
[10458] thread-pool-2 O /home/capstone/project/test_files/000408.xls
[10458] thread-pool-0 O /home/capstone/project/test_files/000235.jpg
[10458] thread-pool-0 O /home/capstone/project/test_files/000906.jpg
[10458] thread-pool-0 O /home/capstone/project/test_files/000903.jpg
[10458] thread-pool-0 O /home/capstone/project/test_files/000024.pdf
[10458] thread-pool-0 O /home/capstone/project/test_files/000064.html
[10458] thread-pool-0 O /home/capstone/project/test_files/000757.pdf
[10458] thread-pool-0 O /home/capstone/project/test_files/000632.pdf
[10458] thread-pool-0 O /home/capstone/project/test_files/000569.pdf
[10458] thread-pool-0 O /home/capstone/project/test_files/000555.html
[10458] thread-pool-0 O /home/capstone/project/test_files/000111.doc
[10458] thread-pool-3 O /home/capstone/project/test_files/000146.pdf
[10458] thread-pool-0 O /home/capstone/project/test_files/000611.html
[10458] thread-pool-2 O /home/capstone/project/test_files/000344.pdf
[10458] thread-pool-0 O /home/capstone/project/test_files/000128.doc
[10458] thread-pool-0 O /home/capstone/project/test_files/000448.html
[10458] thread-pool-0 O /home/capstone/project/test_files/000639.html
[10458] thread-pool-0 O /home/capstone/project/test_files/000041.xls
[10458] thread-pool-2 O /home/capstone/project/test_files/000785.html
[10458] thread-pool-2 O /home/capstone/project/test_files/000020.pdf
[10458] thread-pool-0 O /home/capstone/project/test_files/000011.pdf
[10458] thread-pool-2 O /home/capstone/project/test_files/000910.jpg
[10458] thread-pool-0 O /home/capstone/project/test_files/000031.xls
[10458] thread-pool-2 O /home/capstone/project/test_files/000798.html
[10458] thread-pool-2 O /home/capstone/project/test_files/000183.html
[10458] thread-pool-2 O /home/capstone/project/test_files/000260.doc
[10458] thread-pool-2 O /home/capstone/project/test_files/000006.doc
[10458] thread-pool-2 O /home/capstone/project/test_files/000882.pdf
[10458] thread-pool-2 O /home/capstone/project/test_files/000048.xls
[10458] thread-pool-2 O /home/capstone/project/test_files/000606.pdf
[10458] thread-pool-2 O /home/capstone/project/test_files/000157.pdf
[10458] thread-pool-3 O /home/capstone/project/test_files/000211.html
[10458] thread-pool-3 O /home/capstone/project/test_files/000347.pdf
[10458] thread-pool-0 O /home/capstone/project/test_files/000116.doc
[10458] thread-pool-3 O /home/capstone/project/test_files/000896.jpg
[10458] thread-pool-3 O /home/capstone/project/test_files/000037.xls
[10458] thread-pool-2 O /home/capstone/project/test_files/000515.jpg
[10458] thread-pool-2 O /home/capstone/project/test_files/000143.pdf
[10458] thread-pool-0 O /home/capstone/project/test_files/000963.doc
[10458] thread-pool-1 O /home/capstone/project/test_files/000187.pdf
[10458] thread-pool-0 O /home/capstone/project/test_files/000145.pdf
[10458] thread-pool-0 O /home/capstone/project/test_files/000151.doc
[10458] thread-pool-0 O /home/capstone/project/test_files/000274.doc
[10458] thread-pool-0 O /home/capstone/project/test_files/000884.jpg
[10458] thread-pool-0 O /home/capstone/project/test_files/000761.pdf
[10458] thread-pool-2 O /home/capstone/project/test_files/000868.jpg
[10458] thread-pool-2 O /home/capstone/project/test_files/000591.pdf
[10458] thread-pool-2 O /home/capstone/project/test_files/000562.pdf
[10458] thread-pool-2 O /home/capstone/project/test_files/000614.jpg
