[6193] sudo C /home/capstone/.sudo_as_admin_successful
[1] systemd D /run/systemd/units/.#invocation:whoopsie.service4f8833eb237dcde1
[2223] systemd D /run/user/1000/systemd/units/.#invocation:update-notifier-crash.service465a90a8a6b0ec24
[6198] whoopsie D /var/lock/whoopsie/lock
[365] systemd-journal D /run/systemd/journal/streams/9:45601
[1] systemd D /run/systemd/units/invocation:whoopsie.service
[3777] fwupd D /var/lib/fwupd/metadata/lvfs/ReadMeForDecrypt.txt
[2254] dbus-daemon O /home/capstone/.local/share/dbus-1/services
[1] systemd D /run/systemd/units/.#invocation:whoopsie.service00c1c8fff18e5109
[365] systemd-journal D /run/systemd/journal/streams/9:46795
[6207] whoopsie D /var/lock/whoopsie/lock
[1] systemd D /run/systemd/units/invocation:whoopsie.service
[365] systemd-journal D /run/systemd/journal/streams/9:45622
[2223] systemd D /run/user/1000/systemd/units/invocation:update-notifier-crash.service
[3393] pool-org.gnome. O /home/capstone/project/malware/lockbit/.hidden
[2455] pool-gnome-shel O /home/capstone/.local/share/icc/.hidden
[5823] pool-gjs O /home/capstone/.local/share/nautilus/scripts
[5823] gjs O /home/capstone/.local/share/nautilus/scripts/.hidden
[5823] gjs O /home/capstone/.local/share/gvfs-metadata/home
[5823] gjs O /home/capstone/.local/share/gvfs-metadata/home-933b281a.log
[2987] pool O /home/capstone/.local/share/Trash/info/ReadMeForDecrypt.txt.trashinfo
[5823] pool-gjs O /home/capstone/Templates
[5823] gjs O /home/capstone/Templates/.hidden
[5823] pool-gjs O /home/capstone/Desktop
[5823] gjs O /home/capstone/.cache/thumbnails/large/49301c38ff36baaf63acc16042587cc2.png
[5823] gjs O /home/capstone/.cache/thumbnails/normal/49301c38ff36baaf63acc16042587cc2.png
[5823] gjs O /home/capstone/.cache/thumbnails/fail/gnome-thumbnail-factory/49301c38ff36baaf63acc16042587cc2.png
[5823] gjs O /home/capstone/Desktop/.hidden
[5823] gjs O /home/capstone/.cache/thumbnails/large/25b14d0c7d15880589503f4b69257260.png
[5823] gjs O /home/capstone/.cache/thumbnails/normal/25b14d0c7d15880589503f4b69257260.png
[5823] gjs O /home/capstone/.cache/thumbnails/fail/gnome-thumbnail-factory/25b14d0c7d15880589503f4b69257260.png
[5823] pool-gjs O /home/capstone/Desktop
[5823] gjs O /home/capstone/.cache/thumbnails/large/49301c38ff36baaf63acc16042587cc2.png
[5823] gjs O /home/capstone/.cache/thumbnails/normal/49301c38ff36baaf63acc16042587cc2.png
[5823] gjs O /home/capstone/.cache/thumbnails/fail/gnome-thumbnail-factory/49301c38ff36baaf63acc16042587cc2.png
[5823] gjs O /home/capstone/.cache/thumbnails/large/25b14d0c7d15880589503f4b69257260.png
[5823] gjs O /home/capstone/.cache/thumbnails/normal/25b14d0c7d15880589503f4b69257260.png
[5823] gjs O /home/capstone/.cache/thumbnails/fail/gnome-thumbnail-factory/25b14d0c7d15880589503f4b69257260.png
[2608] gsd-sound O /home/capstone/.pulse/client.conf
[2608] gsd-sound O /home/capstone/.config/pulse/client.conf
[2608] gsd-sound O /home/capstone/.config/pulse/cookie
[2223] systemd D /run/user/1000/systemd/units/.#invocation:update-notifier-crash.service325188f3eefdc99d
[1] systemd D /run/systemd/units/.#invocation:whoopsie.servicece5b3ef5a7365eb4
[6228] whoopsie D /var/lock/whoopsie/lock
[365] systemd-journal D /run/systemd/journal/streams/9:46876
[1] systemd D /run/systemd/units/invocation:whoopsie.service
[6225] apport O /home/capstone/.apport-ignore.xml
[1] systemd D /run/systemd/units/.#invocation:whoopsie.serviceb1907389eda267f5
[365] systemd-journal D /run/systemd/journal/streams/9:34980
[1] systemd D /run/systemd/units/invocation:fwupd.service
[6236] (sd-rmrf) D ReadMeForDecrypt.txt
[6236] (sd-rmrf) D ReadMeForDecrypt.txt
[6236] (sd-rmrf) D tmp
[6236] (sd-rmrf) D /tmp/systemd-private-4b986491ba724bf0a56332546e30207a-fwupd.service-VR7we3
[6237] (sd-rmrf) D ReadMeForDecrypt.txt
[6237] (sd-rmrf) D ReadMeForDecrypt.txt
[6237] (sd-rmrf) D tmp
[6237] (sd-rmrf) D /var/tmp/systemd-private-4b986491ba724bf0a56332546e30207a-fwupd.service-11ZiTK
[6234] whoopsie D /var/lock/whoopsie/lock
[1] systemd D /run/systemd/units/invocation:whoopsie.service
[6249] system-crash-no O /home/capstone/.local/share/glib-2.0/schemas/gschemas.compiled
[6249] system-crash-no O /home/capstone/.config/dconf/user
[6249] system-crash-no O /home/capstone//.local/share/icons/Yaru/cursors/
[6249] system-crash-no O /home/capstone//.local/share/icons/Yaru//index.theme
[6249] system-crash-no O /home/capstone//.icons/Yaru/cursors/
[6249] system-crash-no O /home/capstone//.icons/Yaru//index.theme
[6249] system-crash-no O /home/capstone//.cursors/Yaru/cursors/
[6249] system-crash-no O /home/capstone//.local/share/icons/Humanity/cursors/
[6249] system-crash-no O /home/capstone//.local/share/icons/Humanity//index.theme
[6249] system-crash-no O /home/capstone//.icons/Humanity/cursors/
[6249] system-crash-no O /home/capstone//.icons/Humanity//index.theme
[6249] system-crash-no O /home/capstone//.cursors/Humanity/cursors/
[6249] system-crash-no O /home/capstone//.local/share/icons/Adwaita/cursors/
[6249] system-crash-no O /home/capstone//.local/share/icons/Adwaita//index.theme
[6249] system-crash-no O /home/capstone//.icons/Adwaita/cursors/
[6249] system-crash-no O /home/capstone//.icons/Adwaita//index.theme
[6249] system-crash-no O /home/capstone//.cursors/Adwaita/cursors/
[6249] system-crash-no O /home/capstone//.local/share/icons/hicolor/cursors/
[6249] system-crash-no O /home/capstone//.local/share/icons/hicolor//index.theme
[6249] system-crash-no O /home/capstone//.icons/hicolor/cursors/
[6249] system-crash-no O /home/capstone//.icons/hicolor//index.theme
[6249] system-crash-no O /home/capstone//.cursors/hicolor/cursors/
[6249] system-crash-no O /home/capstone//.cursors/hicolor//index.theme
[6249] system-crash-no O /home/capstone//.local/share/icons/hicolor/cursors/
[6249] system-crash-no O /home/capstone//.local/share/icons/hicolor//index.theme
[6249] system-crash-no O /home/capstone//.icons/hicolor/cursors/
[6249] system-crash-no O /home/capstone//.icons/hicolor//index.theme
[6249] system-crash-no O /home/capstone//.cursors/hicolor/cursors/
[6249] system-crash-no O /home/capstone//.cursors/hicolor//index.theme
[6249] system-crash-no O /home/capstone//.local/share/icons/hicolor/cursors/
[6249] system-crash-no O /home/capstone//.local/share/icons/hicolor//index.theme
[6249] system-crash-no O /home/capstone//.icons/hicolor/cursors/
[6249] system-crash-no O /home/capstone//.icons/hicolor//index.theme
[6249] system-crash-no O /home/capstone//.cursors/hicolor/cursors/
[6249] system-crash-no O /home/capstone//.cursors/hicolor//index.theme
[6249] system-crash-no O /home/capstone/.cache/fontconfig//4c599c202bc5c08e2d34565a40eac3b2-le64.cache-9
[6249] system-crash-no O /home/capstone/.fontconfig//4c599c202bc5c08e2d34565a40eac3b2-le64.cache-9
[6249] system-crash-no O /home/capstone/.cache/fontconfig//4c599c202bc5c08e2d34565a40eac3b2-le64.cache-9
[6249] system-crash-no O /home/capstone/.fontconfig//4c599c202bc5c08e2d34565a40eac3b2-le64.cache-9
[6249] system-crash-no C /home/capstone/.cache/fontconfig/CACHEDIR.TAG.TMP-JSVdZs
[6249] system-crash-no D /home/capstone/.cache/fontconfig/CACHEDIR.TAG.TMP-JSVdZs
[6249] system-crash-no D /home/capstone/.cache/fontconfig/CACHEDIR.TAG.NEW
[6249] system-crash-no C /home/capstone/.cache/fontconfig/CACHEDIR.TAG.NEW
[6249] system-crash-no D /home/capstone/.cache/fontconfig/CACHEDIR.TAG.LCK
[6249] system-crash-no C /home/capstone/.cache/fontconfig//4c599c202bc5c08e2d34565a40eac3b2-le64.cache-9.TMP-9AWYUz
[6249] system-crash-no D /home/capstone/.cache/fontconfig//4c599c202bc5c08e2d34565a40eac3b2-le64.cache-9.TMP-9AWYUz
[6249] system-crash-no D /home/capstone/.cache/fontconfig//4c599c202bc5c08e2d34565a40eac3b2-le64.cache-9.NEW
[6249] system-crash-no C /home/capstone/.cache/fontconfig//4c599c202bc5c08e2d34565a40eac3b2-le64.cache-9.NEW
[6249] system-crash-no D /home/capstone/.cache/fontconfig//4c599c202bc5c08e2d34565a40eac3b2-le64.cache-9.LCK
[6249] system-crash-no O /home/capstone/.cache/fontconfig//3830d5c3ddfd5cd38a049b759396e72e-le64.cache-9
[6249] system-crash-no O /home/capstone/.fontconfig//3830d5c3ddfd5cd38a049b759396e72e-le64.cache-9
[6249] system-crash-no O /home/capstone/.cache/fontconfig//3830d5c3ddfd5cd38a049b759396e72e-le64.cache-9
[6249] system-crash-no O /home/capstone/.fontconfig//3830d5c3ddfd5cd38a049b759396e72e-le64.cache-9
[6249] system-crash-no C /home/capstone/.cache/fontconfig//3830d5c3ddfd5cd38a049b759396e72e-le64.cache-9.TMP-OApdtN
[6249] system-crash-no D /home/capstone/.cache/fontconfig//3830d5c3ddfd5cd38a049b759396e72e-le64.cache-9.TMP-OApdtN
[6249] system-crash-no D /home/capstone/.cache/fontconfig//3830d5c3ddfd5cd38a049b759396e72e-le64.cache-9.NEW
[6249] system-crash-no C /home/capstone/.cache/fontconfig//3830d5c3ddfd5cd38a049b759396e72e-le64.cache-9.NEW
[6249] system-crash-no D /home/capstone/.cache/fontconfig//3830d5c3ddfd5cd38a049b759396e72e-le64.cache-9.LCK
[6249] system-crash-no O /home/capstone/.cache/fontconfig//c855463f699352c367813e37f3f70ea7-le64.cache-9
[6249] system-crash-no O /home/capstone/.fontconfig//c855463f699352c367813e37f3f70ea7-le64.cache-9
[6249] system-crash-no O /home/capstone/.cache/fontconfig//c855463f699352c367813e37f3f70ea7-le64.cache-9
[6249] system-crash-no O /home/capstone/.fontconfig//c855463f699352c367813e37f3f70ea7-le64.cache-9
[6249] system-crash-no C /home/capstone/.cache/fontconfig//c855463f699352c367813e37f3f70ea7-le64.cache-9.TMP-I3rkQ9
[6249] system-crash-no D /home/capstone/.cache/fontconfig//c855463f699352c367813e37f3f70ea7-le64.cache-9.TMP-I3rkQ9
[6249] system-crash-no D /home/capstone/.cache/fontconfig//c855463f699352c367813e37f3f70ea7-le64.cache-9.NEW
[6249] system-crash-no C /home/capstone/.cache/fontconfig//c855463f699352c367813e37f3f70ea7-le64.cache-9.NEW
[6249] system-crash-no D /home/capstone/.cache/fontconfig//c855463f699352c367813e37f3f70ea7-le64.cache-9.LCK
[6249] system-crash-no O /home/capstone/.cache/fontconfig//32b6488e5b8292a2e95c79d947e009e8-le64.cache-9
[6249] system-crash-no O /home/capstone/.fontconfig//32b6488e5b8292a2e95c79d947e009e8-le64.cache-9
[6249] system-crash-no O /home/capstone/.cache/fontconfig//32b6488e5b8292a2e95c79d947e009e8-le64.cache-9
[6249] system-crash-no O /home/capstone/.fontconfig//32b6488e5b8292a2e95c79d947e009e8-le64.cache-9
[6249] system-crash-no C /home/capstone/.cache/fontconfig//32b6488e5b8292a2e95c79d947e009e8-le64.cache-9.TMP-vcra3k
[6249] system-crash-no D /home/capstone/.cache/fontconfig//32b6488e5b8292a2e95c79d947e009e8-le64.cache-9.TMP-vcra3k
[6249] system-crash-no D /home/capstone/.cache/fontconfig//32b6488e5b8292a2e95c79d947e009e8-le64.cache-9.NEW
[6249] system-crash-no C /home/capstone/.cache/fontconfig//32b6488e5b8292a2e95c79d947e009e8-le64.cache-9.NEW
[6249] system-crash-no D /home/capstone/.cache/fontconfig//32b6488e5b8292a2e95c79d947e009e8-le64.cache-9.LCK
[6249] system-crash-no O /home/capstone/.cache/fontconfig//57e423e26b20ab21d0f2f29c145174c3-le64.cache-9
[6249] system-crash-no O /home/capstone/.fontconfig//57e423e26b20ab21d0f2f29c145174c3-le64.cache-9
[6249] system-crash-no O /home/capstone/.cache/fontconfig//57e423e26b20ab21d0f2f29c145174c3-le64.cache-9
[6249] system-crash-no O /home/capstone/.fontconfig//57e423e26b20ab21d0f2f29c145174c3-le64.cache-9
[6249] system-crash-no C /home/capstone/.cache/fontconfig//57e423e26b20ab21d0f2f29c145174c3-le64.cache-9.TMP-rMCJBH
[6249] system-crash-no D /home/capstone/.cache/fontconfig//57e423e26b20ab21d0f2f29c145174c3-le64.cache-9.TMP-rMCJBH
[6249] system-crash-no D /home/capstone/.cache/fontconfig//57e423e26b20ab21d0f2f29c145174c3-le64.cache-9.NEW
[6249] system-crash-no C /home/capstone/.cache/fontconfig//57e423e26b20ab21d0f2f29c145174c3-le64.cache-9.NEW
[6249] system-crash-no D /home/capstone/.cache/fontconfig//57e423e26b20ab21d0f2f29c145174c3-le64.cache-9.LCK
[6249] system-crash-no O /home/capstone/.cache/fontconfig//573ec803664ed168555e0e8b6d0f0c7f-le64.cache-9
[6249] system-crash-no O /home/capstone/.fontconfig//573ec803664ed168555e0e8b6d0f0c7f-le64.cache-9
[6249] system-crash-no O /home/capstone/.cache/fontconfig//573ec803664ed168555e0e8b6d0f0c7f-le64.cache-9
[6249] system-crash-no O /home/capstone/.fontconfig//573ec803664ed168555e0e8b6d0f0c7f-le64.cache-9
[6249] system-crash-no C /home/capstone/.cache/fontconfig//573ec803664ed168555e0e8b6d0f0c7f-le64.cache-9.TMP-Gb04pQ
[6249] system-crash-no D /home/capstone/.cache/fontconfig//573ec803664ed168555e0e8b6d0f0c7f-le64.cache-9.TMP-Gb04pQ
[6249] system-crash-no D /home/capstone/.cache/fontconfig//573ec803664ed168555e0e8b6d0f0c7f-le64.cache-9.NEW
[6249] system-crash-no C /home/capstone/.cache/fontconfig//573ec803664ed168555e0e8b6d0f0c7f-le64.cache-9.NEW
[6249] system-crash-no D /home/capstone/.cache/fontconfig//573ec803664ed168555e0e8b6d0f0c7f-le64.cache-9.LCK
[6249] system-crash-no O /home/capstone/.cache/fontconfig//7ef2298fde41cc6eeb7af42e48b7d293-le64.cache-9
[6249] system-crash-no O /home/capstone/.fontconfig//7ef2298fde41cc6eeb7af42e48b7d293-le64.cache-9
[6249] system-crash-no O /home/capstone/.cache/fontconfig//7ef2298fde41cc6eeb7af42e48b7d293-le64.cache-9
[6249] system-crash-no O /home/capstone/.fontconfig//7ef2298fde41cc6eeb7af42e48b7d293-le64.cache-9
[6249] system-crash-no C /home/capstone/.cache/fontconfig//7ef2298fde41cc6eeb7af42e48b7d293-le64.cache-9.TMP-ZSH2hG
[6249] system-crash-no D /home/capstone/.cache/fontconfig//7ef2298fde41cc6eeb7af42e48b7d293-le64.cache-9.TMP-ZSH2hG
[6249] system-crash-no D /home/capstone/.cache/fontconfig//7ef2298fde41cc6eeb7af42e48b7d293-le64.cache-9.NEW
[6249] system-crash-no C /home/capstone/.cache/fontconfig//7ef2298fde41cc6eeb7af42e48b7d293-le64.cache-9.NEW
[6249] system-crash-no D /home/capstone/.cache/fontconfig//7ef2298fde41cc6eeb7af42e48b7d293-le64.cache-9.LCK
[6249] system-crash-no O /home/capstone/.cache/fontconfig//d82eb4fd963d448e2fcb7d7b793b5df3-le64.cache-9
[6249] system-crash-no O /home/capstone/.fontconfig//d82eb4fd963d448e2fcb7d7b793b5df3-le64.cache-9
[6249] system-crash-no O /home/capstone/.cache/fontconfig//d82eb4fd963d448e2fcb7d7b793b5df3-le64.cache-9
[6249] system-crash-no O /home/capstone/.fontconfig//d82eb4fd963d448e2fcb7d7b793b5df3-le64.cache-9
[6249] system-crash-no C /home/capstone/.cache/fontconfig//d82eb4fd963d448e2fcb7d7b793b5df3-le64.cache-9.TMP-qutQ9g
[6249] system-crash-no D /home/capstone/.cache/fontconfig//d82eb4fd963d448e2fcb7d7b793b5df3-le64.cache-9.TMP-qutQ9g
[6249] system-crash-no D /home/capstone/.cache/fontconfig//d82eb4fd963d448e2fcb7d7b793b5df3-le64.cache-9.NEW
[6249] system-crash-no C /home/capstone/.cache/fontconfig//d82eb4fd963d448e2fcb7d7b793b5df3-le64.cache-9.NEW
[6249] system-crash-no D /home/capstone/.cache/fontconfig//d82eb4fd963d448e2fcb7d7b793b5df3-le64.cache-9.LCK
[6249] system-crash-no O /home/capstone/.cache/fontconfig//e13b20fdb08344e0e664864cc2ede53d-le64.cache-9
[6249] system-crash-no O /home/capstone/.fontconfig//e13b20fdb08344e0e664864cc2ede53d-le64.cache-9
[6249] system-crash-no O /home/capstone/.cache/fontconfig//e13b20fdb08344e0e664864cc2ede53d-le64.cache-9
[6249] system-crash-no O /home/capstone/.fontconfig//e13b20fdb08344e0e664864cc2ede53d-le64.cache-9
[6249] system-crash-no C /home/capstone/.cache/fontconfig//e13b20fdb08344e0e664864cc2ede53d-le64.cache-9.TMP-prSqGW
[6249] system-crash-no D /home/capstone/.cache/fontconfig//e13b20fdb08344e0e664864cc2ede53d-le64.cache-9.TMP-prSqGW
[6249] system-crash-no D /home/capstone/.cache/fontconfig//e13b20fdb08344e0e664864cc2ede53d-le64.cache-9.NEW
[6249] system-crash-no C /home/capstone/.cache/fontconfig//e13b20fdb08344e0e664864cc2ede53d-le64.cache-9.NEW
[6249] system-crash-no D /home/capstone/.cache/fontconfig//e13b20fdb08344e0e664864cc2ede53d-le64.cache-9.LCK
[6249] system-crash-no O /home/capstone/.cache/fontconfig//707971e003b4ae6c8121c3a920e507f5-le64.cache-9
[6249] system-crash-no O /home/capstone/.fontconfig//707971e003b4ae6c8121c3a920e507f5-le64.cache-9
[6249] system-crash-no O /home/capstone/.cache/fontconfig//707971e003b4ae6c8121c3a920e507f5-le64.cache-9
[6249] system-crash-no O /home/capstone/.fontconfig//707971e003b4ae6c8121c3a920e507f5-le64.cache-9
[6249] system-crash-no C /home/capstone/.cache/fontconfig//707971e003b4ae6c8121c3a920e507f5-le64.cache-9.TMP-NQtYsY
[6249] system-crash-no D /home/capstone/.cache/fontconfig//707971e003b4ae6c8121c3a920e507f5-le64.cache-9.TMP-NQtYsY
[6249] system-crash-no D /home/capstone/.cache/fontconfig//707971e003b4ae6c8121c3a920e507f5-le64.cache-9.NEW
[6249] system-crash-no C /home/capstone/.cache/fontconfig//707971e003b4ae6c8121c3a920e507f5-le64.cache-9.NEW
[6249] system-crash-no D /home/capstone/.cache/fontconfig//707971e003b4ae6c8121c3a920e507f5-le64.cache-9.LCK
[6249] system-crash-no O /home/capstone/.cache/fontconfig//cabbd14511b9e8a55e92af97fb3a0461-le64.cache-9
[6249] system-crash-no O /home/capstone/.fontconfig//cabbd14511b9e8a55e92af97fb3a0461-le64.cache-9
[6249] system-crash-no O /home/capstone/.cache/fontconfig//cabbd14511b9e8a55e92af97fb3a0461-le64.cache-9
[6249] system-crash-no O /home/capstone/.fontconfig//cabbd14511b9e8a55e92af97fb3a0461-le64.cache-9
[6249] system-crash-no C /home/capstone/.cache/fontconfig//cabbd14511b9e8a55e92af97fb3a0461-le64.cache-9.TMP-JztDVu
[6249] system-crash-no D /home/capstone/.cache/fontconfig//cabbd14511b9e8a55e92af97fb3a0461-le64.cache-9.TMP-JztDVu
[6249] system-crash-no D /home/capstone/.cache/fontconfig//cabbd14511b9e8a55e92af97fb3a0461-le64.cache-9.NEW
[6249] system-crash-no C /home/capstone/.cache/fontconfig//cabbd14511b9e8a55e92af97fb3a0461-le64.cache-9.NEW
[6249] system-crash-no D /home/capstone/.cache/fontconfig//cabbd14511b9e8a55e92af97fb3a0461-le64.cache-9.LCK
[6249] system-crash-no O /home/capstone/.cache/fontconfig//fe547fea3a41b43a38975d292a2b19c7-le64.cache-9
[6249] system-crash-no O /home/capstone/.fontconfig//fe547fea3a41b43a38975d292a2b19c7-le64.cache-9
[6249] system-crash-no O /home/capstone/.cache/fontconfig//fe547fea3a41b43a38975d292a2b19c7-le64.cache-9
[6249] system-crash-no O /home/capstone/.fontconfig//fe547fea3a41b43a38975d292a2b19c7-le64.cache-9
[6249] system-crash-no C /home/capstone/.cache/fontconfig//fe547fea3a41b43a38975d292a2b19c7-le64.cache-9.TMP-xnYf7G
[6249] system-crash-no D /home/capstone/.cache/fontconfig//fe547fea3a41b43a38975d292a2b19c7-le64.cache-9.TMP-xnYf7G
[6249] system-crash-no D /home/capstone/.cache/fontconfig//fe547fea3a41b43a38975d292a2b19c7-le64.cache-9.NEW
[6249] system-crash-no C /home/capstone/.cache/fontconfig//fe547fea3a41b43a38975d292a2b19c7-le64.cache-9.NEW
[6249] system-crash-no D /home/capstone/.cache/fontconfig//fe547fea3a41b43a38975d292a2b19c7-le64.cache-9.LCK
[6249] system-crash-no O /home/capstone/.cache/fontconfig//f1f2465696798768e9653f19e17ccdc8-le64.cache-9
[6249] system-crash-no O /home/capstone/.fontconfig//f1f2465696798768e9653f19e17ccdc8-le64.cache-9
[6249] system-crash-no O /home/capstone/.cache/fontconfig//f1f2465696798768e9653f19e17ccdc8-le64.cache-9
[6249] system-crash-no O /home/capstone/.fontconfig//f1f2465696798768e9653f19e17ccdc8-le64.cache-9
[6249] system-crash-no C /home/capstone/.cache/fontconfig//f1f2465696798768e9653f19e17ccdc8-le64.cache-9.TMP-6CtZAG
[6249] system-crash-no D /home/capstone/.cache/fontconfig//f1f2465696798768e9653f19e17ccdc8-le64.cache-9.TMP-6CtZAG
[6249] system-crash-no D /home/capstone/.cache/fontconfig//f1f2465696798768e9653f19e17ccdc8-le64.cache-9.NEW
[6249] system-crash-no C /home/capstone/.cache/fontconfig//f1f2465696798768e9653f19e17ccdc8-le64.cache-9.NEW
[6249] system-crash-no D /home/capstone/.cache/fontconfig//f1f2465696798768e9653f19e17ccdc8-le64.cache-9.LCK
[6249] system-crash-no O /home/capstone/.cache/fontconfig//95530828ff6c81d309f8258d8d02a23e-le64.cache-9
[6249] system-crash-no O /home/capstone/.fontconfig//95530828ff6c81d309f8258d8d02a23e-le64.cache-9
[6249] system-crash-no O /home/capstone/.cache/fontconfig//95530828ff6c81d309f8258d8d02a23e-le64.cache-9
[6249] system-crash-no O /home/capstone/.fontconfig//95530828ff6c81d309f8258d8d02a23e-le64.cache-9
[6249] system-crash-no C /home/capstone/.cache/fontconfig//95530828ff6c81d309f8258d8d02a23e-le64.cache-9.TMP-7MPkvS
[6249] system-crash-no D /home/capstone/.cache/fontconfig//95530828ff6c81d309f8258d8d02a23e-le64.cache-9.TMP-7MPkvS
[6249] system-crash-no D /home/capstone/.cache/fontconfig//95530828ff6c81d309f8258d8d02a23e-le64.cache-9.NEW
[6249] system-crash-no C /home/capstone/.cache/fontconfig//95530828ff6c81d309f8258d8d02a23e-le64.cache-9.NEW
[6249] system-crash-no D /home/capstone/.cache/fontconfig//95530828ff6c81d309f8258d8d02a23e-le64.cache-9.LCK
[6249] system-crash-no O /home/capstone/.cache/fontconfig//d3e5c4ee2ceb1fc347f91d4cefc53bc0-le64.cache-9
[6249] system-crash-no O /home/capstone/.fontconfig//d3e5c4ee2ceb1fc347f91d4cefc53bc0-le64.cache-9
[6249] system-crash-no O /home/capstone/.cache/fontconfig//d3e5c4ee2ceb1fc347f91d4cefc53bc0-le64.cache-9
[6249] system-crash-no O /home/capstone/.fontconfig//d3e5c4ee2ceb1fc347f91d4cefc53bc0-le64.cache-9
[6249] system-crash-no C /home/capstone/.cache/fontconfig//d3e5c4ee2ceb1fc347f91d4cefc53bc0-le64.cache-9.TMP-QSWM34
[6249] system-crash-no D /home/capstone/.cache/fontconfig//d3e5c4ee2ceb1fc347f91d4cefc53bc0-le64.cache-9.TMP-QSWM34
[6249] system-crash-no D /home/capstone/.cache/fontconfig//d3e5c4ee2ceb1fc347f91d4cefc53bc0-le64.cache-9.NEW
[6249] system-crash-no C /home/capstone/.cache/fontconfig//d3e5c4ee2ceb1fc347f91d4cefc53bc0-le64.cache-9.NEW
[6249] system-crash-no D /home/capstone/.cache/fontconfig//d3e5c4ee2ceb1fc347f91d4cefc53bc0-le64.cache-9.LCK
[6249] system-crash-no O /home/capstone/.cache/fontconfig//e52a45a1c8c8fe895fc0fc8c4e6999b8-le64.cache-9
[6249] system-crash-no O /home/capstone/.fontconfig//e52a45a1c8c8fe895fc0fc8c4e6999b8-le64.cache-9
[6249] system-crash-no O /home/capstone/.cache/fontconfig//e52a45a1c8c8fe895fc0fc8c4e6999b8-le64.cache-9
[6249] system-crash-no O /home/capstone/.fontconfig//e52a45a1c8c8fe895fc0fc8c4e6999b8-le64.cache-9
[6249] system-crash-no C /home/capstone/.cache/fontconfig//e52a45a1c8c8fe895fc0fc8c4e6999b8-le64.cache-9.TMP-3V81on
[6249] system-crash-no D /home/capstone/.cache/fontconfig//e52a45a1c8c8fe895fc0fc8c4e6999b8-le64.cache-9.TMP-3V81on
[6249] system-crash-no D /home/capstone/.cache/fontconfig//e52a45a1c8c8fe895fc0fc8c4e6999b8-le64.cache-9.NEW
[6249] system-crash-no C /home/capstone/.cache/fontconfig//e52a45a1c8c8fe895fc0fc8c4e6999b8-le64.cache-9.NEW
[6249] system-crash-no D /home/capstone/.cache/fontconfig//e52a45a1c8c8fe895fc0fc8c4e6999b8-le64.cache-9.LCK
[6249] system-crash-no O /home/capstone/.cache/fontconfig//188ac73a183f12857f63bb60a4a6d603-le64.cache-9
[6249] system-crash-no O /home/capstone/.fontconfig//188ac73a183f12857f63bb60a4a6d603-le64.cache-9
[6249] system-crash-no O /home/capstone/.cache/fontconfig//188ac73a183f12857f63bb60a4a6d603-le64.cache-9
[6249] system-crash-no O /home/capstone/.fontconfig//188ac73a183f12857f63bb60a4a6d603-le64.cache-9
[6249] system-crash-no C /home/capstone/.cache/fontconfig//188ac73a183f12857f63bb60a4a6d603-le64.cache-9.TMP-usq7YC
[6249] system-crash-no D /home/capstone/.cache/fontconfig//188ac73a183f12857f63bb60a4a6d603-le64.cache-9.TMP-usq7YC
[6249] system-crash-no D /home/capstone/.cache/fontconfig//188ac73a183f12857f63bb60a4a6d603-le64.cache-9.NEW
[6249] system-crash-no C /home/capstone/.cache/fontconfig//188ac73a183f12857f63bb60a4a6d603-le64.cache-9.NEW
[6249] system-crash-no D /home/capstone/.cache/fontconfig//188ac73a183f12857f63bb60a4a6d603-le64.cache-9.LCK
[6249] system-crash-no O /home/capstone/.cache/fontconfig//9b89f8e3dae116d678bbf48e5f21f69b-le64.cache-9
[6249] system-crash-no O /home/capstone/.fontconfig//9b89f8e3dae116d678bbf48e5f21f69b-le64.cache-9
[6249] system-crash-no O /home/capstone/.cache/fontconfig//9b89f8e3dae116d678bbf48e5f21f69b-le64.cache-9
[6249] system-crash-no O /home/capstone/.fontconfig//9b89f8e3dae116d678bbf48e5f21f69b-le64.cache-9
[6249] system-crash-no C /home/capstone/.cache/fontconfig//9b89f8e3dae116d678bbf48e5f21f69b-le64.cache-9.TMP-YjgmUR
[6249] system-crash-no D /home/capstone/.cache/fontconfig//9b89f8e3dae116d678bbf48e5f21f69b-le64.cache-9.TMP-YjgmUR
[6249] system-crash-no D /home/capstone/.cache/fontconfig//9b89f8e3dae116d678bbf48e5f21f69b-le64.cache-9.NEW
[6249] system-crash-no C /home/capstone/.cache/fontconfig//9b89f8e3dae116d678bbf48e5f21f69b-le64.cache-9.NEW
[6249] system-crash-no D /home/capstone/.cache/fontconfig//9b89f8e3dae116d678bbf48e5f21f69b-le64.cache-9.LCK
[6249] system-crash-no O /home/capstone/.cache/fontconfig//6cc790b63b123a6a96ee260fcdad32a9-le64.cache-9
[6249] system-crash-no O /home/capstone/.fontconfig//6cc790b63b123a6a96ee260fcdad32a9-le64.cache-9
[6249] system-crash-no O /home/capstone/.cache/fontconfig//6cc790b63b123a6a96ee260fcdad32a9-le64.cache-9
[6249] system-crash-no O /home/capstone/.fontconfig//6cc790b63b123a6a96ee260fcdad32a9-le64.cache-9
[6249] system-crash-no C /home/capstone/.cache/fontconfig//6cc790b63b123a6a96ee260fcdad32a9-le64.cache-9.TMP-Xz6GVe
[6249] system-crash-no D /home/capstone/.cache/fontconfig//6cc790b63b123a6a96ee260fcdad32a9-le64.cache-9.TMP-Xz6GVe
[6249] system-crash-no D /home/capstone/.cache/fontconfig//6cc790b63b123a6a96ee260fcdad32a9-le64.cache-9.NEW
[6249] system-crash-no C /home/capstone/.cache/fontconfig//6cc790b63b123a6a96ee260fcdad32a9-le64.cache-9.NEW
[6249] system-crash-no D /home/capstone/.cache/fontconfig//6cc790b63b123a6a96ee260fcdad32a9-le64.cache-9.LCK
[6249] system-crash-no O /home/capstone/.cache/fontconfig//d589a48862398ed80a3d6066f4f56f4c-le64.cache-9
[6249] system-crash-no O /home/capstone/.fontconfig//d589a48862398ed80a3d6066f4f56f4c-le64.cache-9
[6249] system-crash-no O /home/capstone/.cache/fontconfig//d589a48862398ed80a3d6066f4f56f4c-le64.cache-9
[6249] system-crash-no O /home/capstone/.fontconfig//d589a48862398ed80a3d6066f4f56f4c-le64.cache-9
[6249] system-crash-no C /home/capstone/.cache/fontconfig//d589a48862398ed80a3d6066f4f56f4c-le64.cache-9.TMP-izCOxD
[6249] system-crash-no D /home/capstone/.cache/fontconfig//d589a48862398ed80a3d6066f4f56f4c-le64.cache-9.TMP-izCOxD
[6249] system-crash-no D /home/capstone/.cache/fontconfig//d589a48862398ed80a3d6066f4f56f4c-le64.cache-9.NEW
[6249] system-crash-no C /home/capstone/.cache/fontconfig//d589a48862398ed80a3d6066f4f56f4c-le64.cache-9.NEW
[6249] system-crash-no D /home/capstone/.cache/fontconfig//d589a48862398ed80a3d6066f4f56f4c-le64.cache-9.LCK
[6249] system-crash-no O /home/capstone/.cache/fontconfig//3f7329c5293ffd510edef78f73874cfd-le64.cache-9
[6249] system-crash-no O /home/capstone/.fontconfig//3f7329c5293ffd510edef78f73874cfd-le64.cache-9
[6249] system-crash-no O /home/capstone/.cache/fontconfig//3f7329c5293ffd510edef78f73874cfd-le64.cache-9
[6249] system-crash-no O /home/capstone/.fontconfig//3f7329c5293ffd510edef78f73874cfd-le64.cache-9
[6249] system-crash-no C /home/capstone/.cache/fontconfig//3f7329c5293ffd510edef78f73874cfd-le64.cache-9.TMP-64RZRL
[6249] system-crash-no D /home/capstone/.cache/fontconfig//3f7329c5293ffd510edef78f73874cfd-le64.cache-9.TMP-64RZRL
[6249] system-crash-no D /home/capstone/.cache/fontconfig//3f7329c5293ffd510edef78f73874cfd-le64.cache-9.NEW
[6249] system-crash-no C /home/capstone/.cache/fontconfig//3f7329c5293ffd510edef78f73874cfd-le64.cache-9.NEW
[6249] system-crash-no D /home/capstone/.cache/fontconfig//3f7329c5293ffd510edef78f73874cfd-le64.cache-9.LCK
[6249] system-crash-no O /home/capstone/.cache/fontconfig//3047814df9a2f067bd2d96a2b9c36e5a-le64.cache-9
[6249] system-crash-no O /home/capstone/.fontconfig//3047814df9a2f067bd2d96a2b9c36e5a-le64.cache-9
[6249] system-crash-no O /home/capstone/.cache/fontconfig//3047814df9a2f067bd2d96a2b9c36e5a-le64.cache-9
[6249] system-crash-no O /home/capstone/.fontconfig//3047814df9a2f067bd2d96a2b9c36e5a-le64.cache-9
[6249] system-crash-no C /home/capstone/.cache/fontconfig//3047814df9a2f067bd2d96a2b9c36e5a-le64.cache-9.TMP-jbRFQw
[6249] system-crash-no D /home/capstone/.cache/fontconfig//3047814df9a2f067bd2d96a2b9c36e5a-le64.cache-9.TMP-jbRFQw
[6249] system-crash-no D /home/capstone/.cache/fontconfig//3047814df9a2f067bd2d96a2b9c36e5a-le64.cache-9.NEW
[6249] system-crash-no C /home/capstone/.cache/fontconfig//3047814df9a2f067bd2d96a2b9c36e5a-le64.cache-9.NEW
[6249] system-crash-no D /home/capstone/.cache/fontconfig//3047814df9a2f067bd2d96a2b9c36e5a-le64.cache-9.LCK
[6249] system-crash-no O /home/capstone/.cache/fontconfig//0bd3dc0958fa2205aaaa8ebb13e2872b-le64.cache-9
[6249] system-crash-no O /home/capstone/.fontconfig//0bd3dc0958fa2205aaaa8ebb13e2872b-le64.cache-9
[6249] system-crash-no O /home/capstone/.cache/fontconfig//0bd3dc0958fa2205aaaa8ebb13e2872b-le64.cache-9
[6249] system-crash-no O /home/capstone/.fontconfig//0bd3dc0958fa2205aaaa8ebb13e2872b-le64.cache-9
[6249] system-crash-no C /home/capstone/.cache/fontconfig//0bd3dc0958fa2205aaaa8ebb13e2872b-le64.cache-9.TMP-Fj9adD
[6249] system-crash-no D /home/capstone/.cache/fontconfig//0bd3dc0958fa2205aaaa8ebb13e2872b-le64.cache-9.TMP-Fj9adD
[6249] system-crash-no D /home/capstone/.cache/fontconfig//0bd3dc0958fa2205aaaa8ebb13e2872b-le64.cache-9.NEW
[6249] system-crash-no C /home/capstone/.cache/fontconfig//0bd3dc0958fa2205aaaa8ebb13e2872b-le64.cache-9.NEW
[6249] system-crash-no D /home/capstone/.cache/fontconfig//0bd3dc0958fa2205aaaa8ebb13e2872b-le64.cache-9.LCK
[6249] system-crash-no O /home/capstone/.cache/fontconfig//2300eef321c393bfd76478a5c0e95b23-le64.cache-9
[6249] system-crash-no O /home/capstone/.fontconfig//2300eef321c393bfd76478a5c0e95b23-le64.cache-9
[6249] system-crash-no O /home/capstone/.cache/fontconfig//2300eef321c393bfd76478a5c0e95b23-le64.cache-9
[6249] system-crash-no O /home/capstone/.fontconfig//2300eef321c393bfd76478a5c0e95b23-le64.cache-9
[6249] system-crash-no C /home/capstone/.cache/fontconfig//2300eef321c393bfd76478a5c0e95b23-le64.cache-9.TMP-63Qece
[6249] system-crash-no D /home/capstone/.cache/fontconfig//2300eef321c393bfd76478a5c0e95b23-le64.cache-9.TMP-63Qece
[6249] system-crash-no D /home/capstone/.cache/fontconfig//2300eef321c393bfd76478a5c0e95b23-le64.cache-9.NEW
[6249] system-crash-no C /home/capstone/.cache/fontconfig//2300eef321c393bfd76478a5c0e95b23-le64.cache-9.NEW
[6249] system-crash-no D /home/capstone/.cache/fontconfig//2300eef321c393bfd76478a5c0e95b23-le64.cache-9.LCK
[6249] system-crash-no O /home/capstone/.cache/fontconfig//a4e60e8d1e10d2fdff3fe3037a1845fb-le64.cache-9
[6249] system-crash-no O /home/capstone/.fontconfig//a4e60e8d1e10d2fdff3fe3037a1845fb-le64.cache-9
[6249] system-crash-no O /home/capstone/.cache/fontconfig//a4e60e8d1e10d2fdff3fe3037a1845fb-le64.cache-9
[6249] system-crash-no O /home/capstone/.fontconfig//a4e60e8d1e10d2fdff3fe3037a1845fb-le64.cache-9
[6249] system-crash-no C /home/capstone/.cache/fontconfig//a4e60e8d1e10d2fdff3fe3037a1845fb-le64.cache-9.TMP-F1InWr
[6249] system-crash-no D /home/capstone/.cache/fontconfig//a4e60e8d1e10d2fdff3fe3037a1845fb-le64.cache-9.TMP-F1InWr
[6249] system-crash-no D /home/capstone/.cache/fontconfig//a4e60e8d1e10d2fdff3fe3037a1845fb-le64.cache-9.NEW
[6249] system-crash-no C /home/capstone/.cache/fontconfig//a4e60e8d1e10d2fdff3fe3037a1845fb-le64.cache-9.NEW
[6249] system-crash-no D /home/capstone/.cache/fontconfig//a4e60e8d1e10d2fdff3fe3037a1845fb-le64.cache-9.LCK
[6249] system-crash-no O /home/capstone/.cache/fontconfig//6333f38776742d18e214673cd2c24e34-le64.cache-9
[6249] system-crash-no O /home/capstone/.fontconfig//6333f38776742d18e214673cd2c24e34-le64.cache-9
[6249] system-crash-no O /home/capstone/.cache/fontconfig//6333f38776742d18e214673cd2c24e34-le64.cache-9
[6249] system-crash-no O /home/capstone/.fontconfig//6333f38776742d18e214673cd2c24e34-le64.cache-9
[6249] system-crash-no C /home/capstone/.cache/fontconfig//6333f38776742d18e214673cd2c24e34-le64.cache-9.TMP-ZctWOq
[6249] system-crash-no D /home/capstone/.cache/fontconfig//6333f38776742d18e214673cd2c24e34-le64.cache-9.TMP-ZctWOq
[6249] system-crash-no D /home/capstone/.cache/fontconfig//6333f38776742d18e214673cd2c24e34-le64.cache-9.NEW
[6249] system-crash-no C /home/capstone/.cache/fontconfig//6333f38776742d18e214673cd2c24e34-le64.cache-9.NEW
[6249] system-crash-no D /home/capstone/.cache/fontconfig//6333f38776742d18e214673cd2c24e34-le64.cache-9.LCK
[6249] system-crash-no O /home/capstone/.local/share/mime//aliases
[6249] system-crash-no O /home/capstone/.local/share/mime//subclasses
[6249] system-crash-no O /home/capstone/.local/share/mime//icons
[6249] system-crash-no O /home/capstone/.local/share/mime//generic-icons
[2254] dbus-daemon O /home/capstone/.local/share/dbus-1/services
[2254] dbus-daemon O /home/capstone/.local/share/dbus-1/services
[2254] dbus-daemon O /home/capstone/.local/share/dbus-1/services
[2223] systemd D /run/user/1000/systemd/units/.#invocation:update-notifier-release.service000656eb79b82b5d
[6340] check-new-relea O /home/capstone/.local/share/glib-2.0/schemas/gschemas.compiled
[6340] check-new-relea O /home/capstone/.config/dconf/user
[1] systemd D /run/systemd/units/.#invocation:whoopsie.service3eeb617f8445fddc
[6346] whoopsie D /var/lock/whoopsie/lock
[1] systemd D /run/systemd/units/invocation:whoopsie.service
[6226] apport O /home/capstone/.apport-ignore.xml
[1] systemd D /run/systemd/units/.#invocation:whoopsie.service8001f88b8c94fba7
[6357] whoopsie D /var/lock/whoopsie/lock
[1] systemd D /run/systemd/units/invocation:whoopsie.service
[1] systemd D /run/systemd/units/.#invocation:whoopsie.service1689ae8bbf3d7988
[6364] whoopsie D /var/lock/whoopsie/lock
[1] systemd D /run/systemd/units/invocation:whoopsie.service
[1] systemd D /run/systemd/units/.#invocation:whoopsie.service63c03779ce767c69
[1] systemd D /run/systemd/units/invocation:systemd-journald.service
[1] systemd D /run/systemd/units/.#invocation:systemd-journald.service92a729a54d99ed13
[6377] whoopsie D /var/lock/whoopsie/lock
[1] systemd D /run/systemd/units/invocation:whoopsie.service
[6383] systemd-journal D 9:33169
[6383] systemd-journal D 9:33168
[6383] systemd-journal D /run/systemd/journal/io.systemd.journal
[6383] systemd-journal D /run/systemd/journal/streams/9:47304
[6383] systemd-journal D /run/systemd/journal/streams/9:47306
[6383] systemd-journal D /run/systemd/journal/streams/9:47307
[6383] systemd-journal D /run/systemd/journal/streams/9:47308
[6383] systemd-journal D /run/systemd/journal/streams/9:47309
[6289] apport O /home/capstone/.apport-ignore.xml
[1] systemd D /run/systemd/units/.#invocation:whoopsie.service0d942aff2f13dfa3
[6390] whoopsie D /var/lock/whoopsie/lock
[6383] systemd-journal D /run/systemd/journal/streams/9:47337
[1] systemd D /run/systemd/units/invocation:whoopsie.service
[6376] apport O /home/capstone/.apport-ignore.xml
[6383] systemd-journal D /run/systemd/journal/streams/9:46877
[1152] systemd-logind D /run/systemd/inhibit/89.ref
[1152] systemd-logind D /run/systemd/inhibit/89
[6383] systemd-journal D /run/systemd/journal/streams/9:27158
[6383] systemd-journal D /run/systemd/journal/streams/9:28358
[6383] systemd-journal D /run/systemd/journal/streams/9:27228
[6383] systemd-journal D /run/systemd/journal/streams/9:27231
[6383] systemd-journal D /run/systemd/journal/streams/9:27172
[6383] systemd-journal D /run/systemd/journal/streams/9:27217
[2223] systemd D /run/user/1000/systemd/units/invocation:update-notifier-crash.service
[1152] systemd-logind D /run/systemd/inhibit/12.ref
[1152] systemd-logind D /run/systemd/inhibit/12
[1152] systemd-logind D /run/systemd/inhibit/13.ref
[1152] systemd-logind D /run/systemd/inhibit/13
[1152] systemd-logind D /run/systemd/inhibit/14.ref
[1152] systemd-logind D /run/systemd/inhibit/14
