[5026] sshd O /home/capstone/.ssh/authorized_keys
[5026] sshd O /home/capstone/.ssh/authorized_keys
[5070] bash O /home/capstone/.bashrc
[5071] rm D /tmp/malware_fail.log
[5070] bash O /home/capstone/project/run_malware_infected.sh
[5072] sudo C /home/capstone/.sudo_as_admin_successful
[5074] sudo C /home/capstone/.sudo_as_admin_successful
[1259] systemd-logind D /run/systemd/sessions/17.ref
[1] systemd D /run/systemd/units/invocation:session-17.scope
[1] systemd D /run/systemd/transient/session-17.scope
[1259] systemd-logind D /run/systemd/sessions/17
[2947] gvfsd-metadata C /home/capstone/.local/share/gvfs-metadata/home.RSH2L3
[2947] gvfsd-metadata C /home/capstone/.local/share/gvfs-metadata/home-3ec330a6.log.BH02L3
[2947] gvfsd-metadata O /home/capstone/.local/share/gvfs-metadata/home
[2947] gvfsd-metadata O /home/capstone/.local/share/gvfs-metadata
[2947] gvfsd-metadata D /home/capstone/.local/share/gvfs-metadata/home-99b9ab4e.log
[2947] gvfsd-metadata O /home/capstone/.local/share/gvfs-metadata/home
[2947] gvfsd-metadata O /home/capstone/.local/share/gvfs-metadata/home-3ec330a6.log
[4866] cupsd D /etc/cups/subscriptions.conf.O
[5093] sshd O /home/capstone/.ssh/authorized_keys
[5093] sshd O /home/capstone/.ssh/authorized_keys
[5137] bash O /home/capstone/.bashrc
[5137] sudo C /home/capstone/.sudo_as_admin_successful
[1259] systemd-logind D /run/systemd/sessions/18.ref
[1] systemd D /run/systemd/units/invocation:session-18.scope
[1] systemd D /run/systemd/transient/session-18.scope
[1259] systemd-logind D /run/systemd/sessions/18
[5145] sshd O /home/capstone/.ssh/authorized_keys
[5145] sshd O /home/capstone/.ssh/authorized_keys
[5192] bash O /home/capstone/.bashrc
[5192] sudo C /home/capstone/.sudo_as_admin_successful
