[5025] sshd O /home/capstone/.ssh/authorized_keys
[5025] sshd O /home/capstone/.ssh/authorized_keys
[5069] bash O /home/capstone/.bashrc
[5070] rm D /tmp/malware_fail.log
[5069] bash O /home/capstone/project/run_malware_infected.sh
[5071] sudo C /home/capstone/.sudo_as_admin_successful
[5073] sudo C /home/capstone/.sudo_as_admin_successful
[5077] whoopsie D /var/lock/whoopsie/lock
[369] systemd-journal D /run/systemd/journal/streams/9:37878
[1] systemd D /run/systemd/units/invocation:whoopsie.service
[4499] fwupd D /var/lib/fwupd/metadata/lvfs/ReadMeForDecrypt.txt
[2220] dbus-daemon O /home/capstone/.local/share/dbus-1/services
[369] systemd-journal D /run/systemd/journal/streams/9:37868
[2195] systemd D /run/user/1000/systemd/units/invocation:update-notifier-crash.service
[2946] pool-org.gnome. O /home/capstone/project/.hidden
[5088] apport O /home/capstone/.apport-ignore.xml
[5090] whoopsie D /var/lock/whoopsie/lock
[369] systemd-journal D /run/systemd/journal/streams/9:38967
[1] systemd D /run/systemd/units/invocation:whoopsie.service
[2421] pool-gnome-shel O /home/capstone/.local/share/icc/.hidden
[3102] pool-gjs O /home/capstone/Desktop
[3102] pool-gjs O /home/capstone/.local/share/nautilus/scripts
[3102] pool-gjs O /home/capstone/.local/share/nautilus/scripts
[3102] gjs O /home/capstone/.local/share/nautilus/scripts/.hidden
[3102] gjs O /home/capstone/.local/share/gvfs-metadata/home
[3102] gjs O /home/capstone/.local/share/gvfs-metadata/home-99b9ab4e.log
[2948] pool O /home/capstone/.local/share/Trash/info/ReadMeForDecrypt.txt.trashinfo
[369] systemd-journal D /run/systemd/journal/streams/9:38966
[2195] systemd D /run/user/1000/systemd/units/invocation:update-notifier-crash.service
[3102] pool-gjs O /home/capstone/Templates
[3102] pool-gjs O /home/capstone/Templates
[3102] gjs O /home/capstone/Templates/.hidden
[3102] pool-gjs O /home/capstone/Desktop
[3102] gjs O /home/capstone/.cache/thumbnails/large/49301c38ff36baaf63acc16042587cc2.png
[3102] gjs O /home/capstone/.cache/thumbnails/normal/49301c38ff36baaf63acc16042587cc2.png
[3102] gjs O /home/capstone/.cache/thumbnails/fail/gnome-thumbnail-factory/49301c38ff36baaf63acc16042587cc2.png
[3102] gjs O /home/capstone/Desktop/.hidden
[3102] gjs O /home/capstone/.cache/thumbnails/large/25b14d0c7d15880589503f4b69257260.png
[3102] gjs O /home/capstone/.cache/thumbnails/normal/25b14d0c7d15880589503f4b69257260.png
[3102] gjs O /home/capstone/.cache/thumbnails/fail/gnome-thumbnail-factory/25b14d0c7d15880589503f4b69257260.png
[2572] gsd-sound O /home/capstone/.pulse/client.conf
[2572] gsd-sound O /home/capstone/.config/pulse/client.conf
[3102] pool-gjs O /home/capstone/Desktop
[3102] gjs O /home/capstone/.cache/thumbnails/large/49301c38ff36baaf63acc16042587cc2.png
[2572] gsd-sound O /home/capstone/.config/pulse/cookie
[3102] gjs O /home/capstone/.cache/thumbnails/normal/49301c38ff36baaf63acc16042587cc2.png
[3102] gjs O /home/capstone/.cache/thumbnails/fail/gnome-thumbnail-factory/49301c38ff36baaf63acc16042587cc2.png
[3102] gjs O /home/capstone/.cache/thumbnails/large/25b14d0c7d15880589503f4b69257260.png
[3102] gjs O /home/capstone/.cache/thumbnails/normal/25b14d0c7d15880589503f4b69257260.png
[3102] gjs O /home/capstone/.cache/thumbnails/fail/gnome-thumbnail-factory/25b14d0c7d15880589503f4b69257260.png
[2947] gvfsd-metadata C /home/capstone/.local/share/gvfs-metadata/home.YFO3L3
[2947] gvfsd-metadata C /home/capstone/.local/share/gvfs-metadata/home-3ec330a6.log.TYO2L3
[2947] gvfsd-metadata O /home/capstone/.local/share/gvfs-metadata/home
[2947] gvfsd-metadata O /home/capstone/.local/share/gvfs-metadata
[2947] gvfsd-metadata D /home/capstone/.local/share/gvfs-metadata/home-99b9ab4e.log
[2947] gvfsd-metadata O /home/capstone/.local/share/gvfs-metadata/home
[2947] gvfsd-metadata O /home/capstone/.local/share/gvfs-metadata/home-3ec330a6.log
[2421] pool-gnome-shel O /home/capstone/.config/ubuntu-mimeapps.list
[2421] pool-gnome-shel O /home/capstone/.config/gnome-mimeapps.list
[2421] pool-gnome-shel O /home/capstone/.config/mimeapps.list
[2421] pool-gnome-shel O /home/capstone/.local/share/applications
[2421] pool-gnome-shel O /home/capstone/.local/share/applications/ubuntu-mimeapps.list
[2421] pool-gnome-shel O /home/capstone/.local/share/applications/gnome-mimeapps.list
[2421] pool-gnome-shel O /home/capstone/.local/share/applications/mimeapps.list
[2421] pool-gnome-shel O /home/capstone/.local/share/applications/defaults.list
[2421] pool-gnome-shel O /home/capstone/.local/share/applications/mimeinfo.cache
[2421] pool-gnome-shel O /home/capstone/.local/share/desktop-directories
[5193] whoopsie D /var/lock/whoopsie/lock
[1] systemd D /run/systemd/units/invocation:whoopsie.service
[2991] xdg-desktop-por O /home/capstone/.config/ubuntu-mimeapps.list
[2991] xdg-desktop-por O /home/capstone/.config/gnome-mimeapps.list
[2991] xdg-desktop-por O /home/capstone/.config/mimeapps.list
[2991] xdg-desktop-por O /home/capstone/.local/share/applications
[2991] xdg-desktop-por O /home/capstone/.local/share/applications/ubuntu-mimeapps.list
[2991] xdg-desktop-por O /home/capstone/.local/share/applications/gnome-mimeapps.list
[2991] xdg-desktop-por O /home/capstone/.local/share/applications/mimeapps.list
[2991] xdg-desktop-por O /home/capstone/.local/share/applications/defaults.list
[2991] xdg-desktop-por O /home/capstone/.local/share/applications/mimeinfo.cache
[2220] dbus-daemon O /home/capstone/.local/share/dbus-1/services
[2220] dbus-daemon O /home/capstone/.local/share/dbus-1/services
[5209] apport-gtk O /home/capstone/.local/share/glib-2.0/schemas/gschemas.compiled
[5209] apport-gtk O /home/capstone/.config/dconf/user
[5209] apport-gtk O /home/capstone//.local/share/icons/Yaru/cursors/
[5209] apport-gtk O /home/capstone//.local/share/icons/Yaru//index.theme
[5209] apport-gtk O /home/capstone//.icons/Yaru/cursors/
[5209] apport-gtk O /home/capstone//.icons/Yaru//index.theme
[5210] check-new-relea O /home/capstone/.local/share/glib-2.0/schemas/gschemas.compiled
[5210] check-new-relea O /home/capstone/.config/dconf/user
[5210] check-new-relea O /home/capstone//.local/share/icons/Yaru/cursors/
[5210] check-new-relea O /home/capstone//.local/share/icons/Yaru//index.theme
[5210] check-new-relea O /home/capstone//.icons/Yaru/cursors/
[5210] check-new-relea O /home/capstone//.icons/Yaru//index.theme
[5209] apport-gtk O /home/capstone//.cursors/Yaru/cursors/
[5210] check-new-relea O /home/capstone//.cursors/Yaru/cursors/
[5209] apport-gtk O /home/capstone//.local/share/icons/Humanity/cursors/
[5209] apport-gtk O /home/capstone//.local/share/icons/Humanity//index.theme
[5209] apport-gtk O /home/capstone//.icons/Humanity/cursors/
[5209] apport-gtk O /home/capstone//.icons/Humanity//index.theme
[5209] apport-gtk O /home/capstone//.cursors/Humanity/cursors/
[5209] apport-gtk O /home/capstone//.local/share/icons/Adwaita/cursors/
[5209] apport-gtk O /home/capstone//.local/share/icons/Adwaita//index.theme
[5209] apport-gtk O /home/capstone//.icons/Adwaita/cursors/
[5209] apport-gtk O /home/capstone//.icons/Adwaita//index.theme
[5210] check-new-relea O /home/capstone//.local/share/icons/Humanity/cursors/
[5210] check-new-relea O /home/capstone//.local/share/icons/Humanity//index.theme
[5210] check-new-relea O /home/capstone//.icons/Humanity/cursors/
[5210] check-new-relea O /home/capstone//.icons/Humanity//index.theme
[5210] check-new-relea O /home/capstone//.cursors/Humanity/cursors/
[5210] check-new-relea O /home/capstone//.local/share/icons/Adwaita/cursors/
[5210] check-new-relea O /home/capstone//.local/share/icons/Adwaita//index.theme
[5210] check-new-relea O /home/capstone//.icons/Adwaita/cursors/
[5210] check-new-relea O /home/capstone//.icons/Adwaita//index.theme
[5210] check-new-relea O /home/capstone//.cursors/Adwaita/cursors/
[5209] apport-gtk O /home/capstone//.cursors/Adwaita/cursors/
[5210] check-new-relea O /home/capstone//.local/share/icons/hicolor/cursors/
[5210] check-new-relea O /home/capstone//.local/share/icons/hicolor//index.theme
[5210] check-new-relea O /home/capstone//.icons/hicolor/cursors/
[5210] check-new-relea O /home/capstone//.icons/hicolor//index.theme
[5210] check-new-relea O /home/capstone//.cursors/hicolor/cursors/
[5210] check-new-relea O /home/capstone//.cursors/hicolor//index.theme
[5210] check-new-relea O /home/capstone//.local/share/icons/hicolor/cursors/
[5210] check-new-relea O /home/capstone//.local/share/icons/hicolor//index.theme
[5210] check-new-relea O /home/capstone//.icons/hicolor/cursors/
[5210] check-new-relea O /home/capstone//.icons/hicolor//index.theme
[5210] check-new-relea O /home/capstone//.cursors/hicolor/cursors/
[5210] check-new-relea O /home/capstone//.cursors/hicolor//index.theme
[5210] check-new-relea O /home/capstone//.local/share/icons/hicolor/cursors/
[5210] check-new-relea O /home/capstone//.local/share/icons/hicolor//index.theme
[5210] check-new-relea O /home/capstone//.icons/hicolor/cursors/
[5210] check-new-relea O /home/capstone//.icons/hicolor//index.theme
[5210] check-new-relea O /home/capstone//.cursors/hicolor/cursors/
[5210] check-new-relea O /home/capstone//.cursors/hicolor//index.theme
[5209] apport-gtk O /home/capstone//.local/share/icons/hicolor/cursors/
[5209] apport-gtk O /home/capstone//.local/share/icons/hicolor//index.theme
[5209] apport-gtk O /home/capstone//.icons/hicolor/cursors/
[5209] apport-gtk O /home/capstone//.icons/hicolor//index.theme
[5209] apport-gtk O /home/capstone//.cursors/hicolor/cursors/
[5209] apport-gtk O /home/capstone//.cursors/hicolor//index.theme
[5209] apport-gtk O /home/capstone//.local/share/icons/hicolor/cursors/
[5209] apport-gtk O /home/capstone//.local/share/icons/hicolor//index.theme
[5209] apport-gtk O /home/capstone//.icons/hicolor/cursors/
[5209] apport-gtk O /home/capstone//.icons/hicolor//index.theme
[5209] apport-gtk O /home/capstone//.cursors/hicolor/cursors/
[5209] apport-gtk O /home/capstone//.cursors/hicolor//index.theme
[5209] apport-gtk O /home/capstone//.local/share/icons/hicolor/cursors/
[5209] apport-gtk O /home/capstone//.local/share/icons/hicolor//index.theme
[5209] apport-gtk O /home/capstone//.icons/hicolor/cursors/
[5209] apport-gtk O /home/capstone//.icons/hicolor//index.theme
[5209] apport-gtk O /home/capstone//.cursors/hicolor/cursors/
[5209] apport-gtk O /home/capstone//.cursors/hicolor//index.theme
[5221] dpkg O /home/capstone/.dpkg.cfg
[5222] dpkg O /home/capstone/.dpkg.cfg
[5223] dpkg O /home/capstone/.dpkg.cfg
[5209] apport-gtk D /tmp/g_680ye5
[5105] apport O /home/capstone/.apport-ignore.xml
[5224] whoopsie D /var/lock/whoopsie/lock
[1] systemd D /run/systemd/units/invocation:whoopsie.service
[5234] dpkg O /home/capstone/.dpkg.cfg
[5233] whoopsie D /var/lock/whoopsie/lock
[1] systemd D /run/systemd/units/invocation:whoopsie.service
[5209] apport-gtk O /home/capstone/.local/share/mime//aliases
[5209] apport-gtk O /home/capstone/.local/share/mime//subclasses
[5209] apport-gtk O /home/capstone/.local/share/mime//icons
[5209] apport-gtk O /home/capstone/.local/share/mime//generic-icons
[5237] dpkg O /home/capstone/.dpkg.cfg
[5238] dpkg O /home/capstone/.dpkg.cfg
[5209] apport-gtk O /home/capstone/.cache/fontconfig//4c599c202bc5c08e2d34565a40eac3b2-le64.cache-9
[5209] apport-gtk O /home/capstone/.fontconfig//4c599c202bc5c08e2d34565a40eac3b2-le64.cache-9
[5209] apport-gtk O /home/capstone/.cache/fontconfig//4c599c202bc5c08e2d34565a40eac3b2-le64.cache-9
[5209] apport-gtk O /home/capstone/.fontconfig//4c599c202bc5c08e2d34565a40eac3b2-le64.cache-9
[5209] apport-gtk C /home/capstone/.cache/fontconfig/CACHEDIR.TAG.TMP-4lc5yV
[5209] apport-gtk D /home/capstone/.cache/fontconfig/CACHEDIR.TAG.TMP-4lc5yV
[5209] apport-gtk D /home/capstone/.cache/fontconfig/CACHEDIR.TAG.NEW
[5209] apport-gtk C /home/capstone/.cache/fontconfig/CACHEDIR.TAG.NEW
[5209] apport-gtk D /home/capstone/.cache/fontconfig/CACHEDIR.TAG.LCK
[5209] apport-gtk C /home/capstone/.cache/fontconfig//4c599c202bc5c08e2d34565a40eac3b2-le64.cache-9.TMP-EfDRkj
[5209] apport-gtk D /home/capstone/.cache/fontconfig//4c599c202bc5c08e2d34565a40eac3b2-le64.cache-9.TMP-EfDRkj
[5209] apport-gtk D /home/capstone/.cache/fontconfig//4c599c202bc5c08e2d34565a40eac3b2-le64.cache-9.NEW
[5209] apport-gtk C /home/capstone/.cache/fontconfig//4c599c202bc5c08e2d34565a40eac3b2-le64.cache-9.NEW
[5209] apport-gtk D /home/capstone/.cache/fontconfig//4c599c202bc5c08e2d34565a40eac3b2-le64.cache-9.LCK
[5209] apport-gtk O /home/capstone/.cache/fontconfig//3830d5c3ddfd5cd38a049b759396e72e-le64.cache-9
[5209] apport-gtk O /home/capstone/.fontconfig//3830d5c3ddfd5cd38a049b759396e72e-le64.cache-9
[5209] apport-gtk O /home/capstone/.cache/fontconfig//3830d5c3ddfd5cd38a049b759396e72e-le64.cache-9
[5209] apport-gtk O /home/capstone/.fontconfig//3830d5c3ddfd5cd38a049b759396e72e-le64.cache-9
[5209] apport-gtk C /home/capstone/.cache/fontconfig//3830d5c3ddfd5cd38a049b759396e72e-le64.cache-9.TMP-ECjyov
[5209] apport-gtk D /home/capstone/.cache/fontconfig//3830d5c3ddfd5cd38a049b759396e72e-le64.cache-9.TMP-ECjyov
[5209] apport-gtk D /home/capstone/.cache/fontconfig//3830d5c3ddfd5cd38a049b759396e72e-le64.cache-9.NEW
[5209] apport-gtk C /home/capstone/.cache/fontconfig//3830d5c3ddfd5cd38a049b759396e72e-le64.cache-9.NEW
[5209] apport-gtk D /home/capstone/.cache/fontconfig//3830d5c3ddfd5cd38a049b759396e72e-le64.cache-9.LCK
[5209] apport-gtk O /home/capstone/.cache/fontconfig//c855463f699352c367813e37f3f70ea7-le64.cache-9
[5209] apport-gtk O /home/capstone/.fontconfig//c855463f699352c367813e37f3f70ea7-le64.cache-9
[5209] apport-gtk O /home/capstone/.cache/fontconfig//c855463f699352c367813e37f3f70ea7-le64.cache-9
[5209] apport-gtk O /home/capstone/.fontconfig//c855463f699352c367813e37f3f70ea7-le64.cache-9
[5209] apport-gtk C /home/capstone/.cache/fontconfig//c855463f699352c367813e37f3f70ea7-le64.cache-9.TMP-Lq9Rtp
[5209] apport-gtk D /home/capstone/.cache/fontconfig//c855463f699352c367813e37f3f70ea7-le64.cache-9.TMP-Lq9Rtp
[5209] apport-gtk D /home/capstone/.cache/fontconfig//c855463f699352c367813e37f3f70ea7-le64.cache-9.NEW
[5209] apport-gtk C /home/capstone/.cache/fontconfig//c855463f699352c367813e37f3f70ea7-le64.cache-9.NEW
[5209] apport-gtk D /home/capstone/.cache/fontconfig//c855463f699352c367813e37f3f70ea7-le64.cache-9.LCK
[5209] apport-gtk O /home/capstone/.cache/fontconfig//32b6488e5b8292a2e95c79d947e009e8-le64.cache-9
[5209] apport-gtk O /home/capstone/.fontconfig//32b6488e5b8292a2e95c79d947e009e8-le64.cache-9
[5209] apport-gtk O /home/capstone/.cache/fontconfig//32b6488e5b8292a2e95c79d947e009e8-le64.cache-9
[5209] apport-gtk O /home/capstone/.fontconfig//32b6488e5b8292a2e95c79d947e009e8-le64.cache-9
[5209] apport-gtk C /home/capstone/.cache/fontconfig//32b6488e5b8292a2e95c79d947e009e8-le64.cache-9.TMP-j8xfcY
[5209] apport-gtk D /home/capstone/.cache/fontconfig//32b6488e5b8292a2e95c79d947e009e8-le64.cache-9.TMP-j8xfcY
[5209] apport-gtk D /home/capstone/.cache/fontconfig//32b6488e5b8292a2e95c79d947e009e8-le64.cache-9.NEW
[5209] apport-gtk C /home/capstone/.cache/fontconfig//32b6488e5b8292a2e95c79d947e009e8-le64.cache-9.NEW
[5209] apport-gtk D /home/capstone/.cache/fontconfig//32b6488e5b8292a2e95c79d947e009e8-le64.cache-9.LCK
[5209] apport-gtk O /home/capstone/.cache/fontconfig//57e423e26b20ab21d0f2f29c145174c3-le64.cache-9
[5209] apport-gtk O /home/capstone/.fontconfig//57e423e26b20ab21d0f2f29c145174c3-le64.cache-9
[5209] apport-gtk O /home/capstone/.cache/fontconfig//57e423e26b20ab21d0f2f29c145174c3-le64.cache-9
[5209] apport-gtk O /home/capstone/.fontconfig//57e423e26b20ab21d0f2f29c145174c3-le64.cache-9
[5209] apport-gtk C /home/capstone/.cache/fontconfig//57e423e26b20ab21d0f2f29c145174c3-le64.cache-9.TMP-Z6jxRu
[5209] apport-gtk D /home/capstone/.cache/fontconfig//57e423e26b20ab21d0f2f29c145174c3-le64.cache-9.TMP-Z6jxRu
[5209] apport-gtk D /home/capstone/.cache/fontconfig//57e423e26b20ab21d0f2f29c145174c3-le64.cache-9.NEW
[5209] apport-gtk C /home/capstone/.cache/fontconfig//57e423e26b20ab21d0f2f29c145174c3-le64.cache-9.NEW
[5209] apport-gtk D /home/capstone/.cache/fontconfig//57e423e26b20ab21d0f2f29c145174c3-le64.cache-9.LCK
[5209] apport-gtk O /home/capstone/.cache/fontconfig//573ec803664ed168555e0e8b6d0f0c7f-le64.cache-9
[5209] apport-gtk O /home/capstone/.fontconfig//573ec803664ed168555e0e8b6d0f0c7f-le64.cache-9
[5209] apport-gtk O /home/capstone/.cache/fontconfig//573ec803664ed168555e0e8b6d0f0c7f-le64.cache-9
[5209] apport-gtk O /home/capstone/.fontconfig//573ec803664ed168555e0e8b6d0f0c7f-le64.cache-9
[5209] apport-gtk C /home/capstone/.cache/fontconfig//573ec803664ed168555e0e8b6d0f0c7f-le64.cache-9.TMP-5bnAx3
[5209] apport-gtk D /home/capstone/.cache/fontconfig//573ec803664ed168555e0e8b6d0f0c7f-le64.cache-9.TMP-5bnAx3
[5209] apport-gtk D /home/capstone/.cache/fontconfig//573ec803664ed168555e0e8b6d0f0c7f-le64.cache-9.NEW
[5209] apport-gtk C /home/capstone/.cache/fontconfig//573ec803664ed168555e0e8b6d0f0c7f-le64.cache-9.NEW
[5209] apport-gtk D /home/capstone/.cache/fontconfig//573ec803664ed168555e0e8b6d0f0c7f-le64.cache-9.LCK
[5209] apport-gtk O /home/capstone/.cache/fontconfig//7ef2298fde41cc6eeb7af42e48b7d293-le64.cache-9
[5209] apport-gtk O /home/capstone/.fontconfig//7ef2298fde41cc6eeb7af42e48b7d293-le64.cache-9
[5209] apport-gtk O /home/capstone/.cache/fontconfig//7ef2298fde41cc6eeb7af42e48b7d293-le64.cache-9
[5209] apport-gtk O /home/capstone/.fontconfig//7ef2298fde41cc6eeb7af42e48b7d293-le64.cache-9
[5209] apport-gtk C /home/capstone/.cache/fontconfig//7ef2298fde41cc6eeb7af42e48b7d293-le64.cache-9.TMP-FGLFNt
[5209] apport-gtk D /home/capstone/.cache/fontconfig//7ef2298fde41cc6eeb7af42e48b7d293-le64.cache-9.TMP-FGLFNt
[5209] apport-gtk D /home/capstone/.cache/fontconfig//7ef2298fde41cc6eeb7af42e48b7d293-le64.cache-9.NEW
[5209] apport-gtk C /home/capstone/.cache/fontconfig//7ef2298fde41cc6eeb7af42e48b7d293-le64.cache-9.NEW
[5209] apport-gtk D /home/capstone/.cache/fontconfig//7ef2298fde41cc6eeb7af42e48b7d293-le64.cache-9.LCK
[5209] apport-gtk O /home/capstone/.cache/fontconfig//d82eb4fd963d448e2fcb7d7b793b5df3-le64.cache-9
[5209] apport-gtk O /home/capstone/.fontconfig//d82eb4fd963d448e2fcb7d7b793b5df3-le64.cache-9
[5209] apport-gtk O /home/capstone/.cache/fontconfig//d82eb4fd963d448e2fcb7d7b793b5df3-le64.cache-9
[5209] apport-gtk O /home/capstone/.fontconfig//d82eb4fd963d448e2fcb7d7b793b5df3-le64.cache-9
[5209] apport-gtk C /home/capstone/.cache/fontconfig//d82eb4fd963d448e2fcb7d7b793b5df3-le64.cache-9.TMP-BRTEcn
[5209] apport-gtk D /home/capstone/.cache/fontconfig//d82eb4fd963d448e2fcb7d7b793b5df3-le64.cache-9.TMP-BRTEcn
[5209] apport-gtk D /home/capstone/.cache/fontconfig//d82eb4fd963d448e2fcb7d7b793b5df3-le64.cache-9.NEW
[5209] apport-gtk C /home/capstone/.cache/fontconfig//d82eb4fd963d448e2fcb7d7b793b5df3-le64.cache-9.NEW
[5209] apport-gtk D /home/capstone/.cache/fontconfig//d82eb4fd963d448e2fcb7d7b793b5df3-le64.cache-9.LCK
[5209] apport-gtk O /home/capstone/.cache/fontconfig//e13b20fdb08344e0e664864cc2ede53d-le64.cache-9
[5209] apport-gtk O /home/capstone/.fontconfig//e13b20fdb08344e0e664864cc2ede53d-le64.cache-9
[5209] apport-gtk O /home/capstone/.cache/fontconfig//e13b20fdb08344e0e664864cc2ede53d-le64.cache-9
[5209] apport-gtk O /home/capstone/.fontconfig//e13b20fdb08344e0e664864cc2ede53d-le64.cache-9
[5209] apport-gtk C /home/capstone/.cache/fontconfig//e13b20fdb08344e0e664864cc2ede53d-le64.cache-9.TMP-l5YF5n
[5209] apport-gtk D /home/capstone/.cache/fontconfig//e13b20fdb08344e0e664864cc2ede53d-le64.cache-9.TMP-l5YF5n
[5209] apport-gtk D /home/capstone/.cache/fontconfig//e13b20fdb08344e0e664864cc2ede53d-le64.cache-9.NEW
[5209] apport-gtk C /home/capstone/.cache/fontconfig//e13b20fdb08344e0e664864cc2ede53d-le64.cache-9.NEW
[5209] apport-gtk D /home/capstone/.cache/fontconfig//e13b20fdb08344e0e664864cc2ede53d-le64.cache-9.LCK
[5209] apport-gtk O /home/capstone/.cache/fontconfig//707971e003b4ae6c8121c3a920e507f5-le64.cache-9
[5209] apport-gtk O /home/capstone/.fontconfig//707971e003b4ae6c8121c3a920e507f5-le64.cache-9
[5209] apport-gtk O /home/capstone/.cache/fontconfig//707971e003b4ae6c8121c3a920e507f5-le64.cache-9
[5209] apport-gtk O /home/capstone/.fontconfig//707971e003b4ae6c8121c3a920e507f5-le64.cache-9
[5209] apport-gtk C /home/capstone/.cache/fontconfig//707971e003b4ae6c8121c3a920e507f5-le64.cache-9.TMP-fCAtG4
[5209] apport-gtk D /home/capstone/.cache/fontconfig//707971e003b4ae6c8121c3a920e507f5-le64.cache-9.TMP-fCAtG4
[5209] apport-gtk D /home/capstone/.cache/fontconfig//707971e003b4ae6c8121c3a920e507f5-le64.cache-9.NEW
[5209] apport-gtk C /home/capstone/.cache/fontconfig//707971e003b4ae6c8121c3a920e507f5-le64.cache-9.NEW
[5209] apport-gtk D /home/capstone/.cache/fontconfig//707971e003b4ae6c8121c3a920e507f5-le64.cache-9.LCK
[5209] apport-gtk O /home/capstone/.cache/fontconfig//cabbd14511b9e8a55e92af97fb3a0461-le64.cache-9
[5209] apport-gtk O /home/capstone/.fontconfig//cabbd14511b9e8a55e92af97fb3a0461-le64.cache-9
[5209] apport-gtk O /home/capstone/.cache/fontconfig//cabbd14511b9e8a55e92af97fb3a0461-le64.cache-9
[5209] apport-gtk O /home/capstone/.fontconfig//cabbd14511b9e8a55e92af97fb3a0461-le64.cache-9
[2220] dbus-daemon O /home/capstone/.local/share/dbus-1/services
[5274] whoopsie D /var/lock/whoopsie/lock
[1] systemd D /run/systemd/units/invocation:whoopsie.service
[5209] apport-gtk C /home/capstone/.cache/fontconfig//cabbd14511b9e8a55e92af97fb3a0461-le64.cache-9.TMP-rQRm4W
[5209] apport-gtk D /home/capstone/.cache/fontconfig//cabbd14511b9e8a55e92af97fb3a0461-le64.cache-9.TMP-rQRm4W
[5209] apport-gtk D /home/capstone/.cache/fontconfig//cabbd14511b9e8a55e92af97fb3a0461-le64.cache-9.NEW
[5209] apport-gtk C /home/capstone/.cache/fontconfig//cabbd14511b9e8a55e92af97fb3a0461-le64.cache-9.NEW
[5209] apport-gtk D /home/capstone/.cache/fontconfig//cabbd14511b9e8a55e92af97fb3a0461-le64.cache-9.LCK
[5209] apport-gtk O /home/capstone/.cache/fontconfig//fe547fea3a41b43a38975d292a2b19c7-le64.cache-9
[5209] apport-gtk O /home/capstone/.fontconfig//fe547fea3a41b43a38975d292a2b19c7-le64.cache-9
[5209] apport-gtk O /home/capstone/.cache/fontconfig//fe547fea3a41b43a38975d292a2b19c7-le64.cache-9
[5209] apport-gtk O /home/capstone/.fontconfig//fe547fea3a41b43a38975d292a2b19c7-le64.cache-9
[5209] apport-gtk C /home/capstone/.cache/fontconfig//fe547fea3a41b43a38975d292a2b19c7-le64.cache-9.TMP-pMwf6d
[5209] apport-gtk D /home/capstone/.cache/fontconfig//fe547fea3a41b43a38975d292a2b19c7-le64.cache-9.TMP-pMwf6d
[5209] apport-gtk D /home/capstone/.cache/fontconfig//fe547fea3a41b43a38975d292a2b19c7-le64.cache-9.NEW
[5209] apport-gtk C /home/capstone/.cache/fontconfig//fe547fea3a41b43a38975d292a2b19c7-le64.cache-9.NEW
[5209] apport-gtk D /home/capstone/.cache/fontconfig//fe547fea3a41b43a38975d292a2b19c7-le64.cache-9.LCK
[5209] apport-gtk O /home/capstone/.cache/fontconfig//f1f2465696798768e9653f19e17ccdc8-le64.cache-9
[5209] apport-gtk O /home/capstone/.fontconfig//f1f2465696798768e9653f19e17ccdc8-le64.cache-9
[5209] apport-gtk O /home/capstone/.cache/fontconfig//f1f2465696798768e9653f19e17ccdc8-le64.cache-9
[5209] apport-gtk O /home/capstone/.fontconfig//f1f2465696798768e9653f19e17ccdc8-le64.cache-9
[5209] apport-gtk C /home/capstone/.cache/fontconfig//f1f2465696798768e9653f19e17ccdc8-le64.cache-9.TMP-hwDZtp
[5209] apport-gtk D /home/capstone/.cache/fontconfig//f1f2465696798768e9653f19e17ccdc8-le64.cache-9.TMP-hwDZtp
[5209] apport-gtk D /home/capstone/.cache/fontconfig//f1f2465696798768e9653f19e17ccdc8-le64.cache-9.NEW
[5209] apport-gtk C /home/capstone/.cache/fontconfig//f1f2465696798768e9653f19e17ccdc8-le64.cache-9.NEW
[5209] apport-gtk D /home/capstone/.cache/fontconfig//f1f2465696798768e9653f19e17ccdc8-le64.cache-9.LCK
[5209] apport-gtk O /home/capstone/.cache/fontconfig//95530828ff6c81d309f8258d8d02a23e-le64.cache-9
[5209] apport-gtk O /home/capstone/.fontconfig//95530828ff6c81d309f8258d8d02a23e-le64.cache-9
[5209] apport-gtk O /home/capstone/.cache/fontconfig//95530828ff6c81d309f8258d8d02a23e-le64.cache-9
[5209] apport-gtk O /home/capstone/.fontconfig//95530828ff6c81d309f8258d8d02a23e-le64.cache-9
[5209] apport-gtk C /home/capstone/.cache/fontconfig//95530828ff6c81d309f8258d8d02a23e-le64.cache-9.TMP-n32L5s
[5209] apport-gtk D /home/capstone/.cache/fontconfig//95530828ff6c81d309f8258d8d02a23e-le64.cache-9.TMP-n32L5s
[5209] apport-gtk D /home/capstone/.cache/fontconfig//95530828ff6c81d309f8258d8d02a23e-le64.cache-9.NEW
[5209] apport-gtk C /home/capstone/.cache/fontconfig//95530828ff6c81d309f8258d8d02a23e-le64.cache-9.NEW
[5209] apport-gtk D /home/capstone/.cache/fontconfig//95530828ff6c81d309f8258d8d02a23e-le64.cache-9.LCK
[5209] apport-gtk O /home/capstone/.cache/fontconfig//d3e5c4ee2ceb1fc347f91d4cefc53bc0-le64.cache-9
[5209] apport-gtk O /home/capstone/.fontconfig//d3e5c4ee2ceb1fc347f91d4cefc53bc0-le64.cache-9
[5209] apport-gtk O /home/capstone/.cache/fontconfig//d3e5c4ee2ceb1fc347f91d4cefc53bc0-le64.cache-9
[5209] apport-gtk O /home/capstone/.fontconfig//d3e5c4ee2ceb1fc347f91d4cefc53bc0-le64.cache-9
[5279] gjs O /home/capstone/.local/share/glib-2.0/schemas/gschemas.compiled
[5279] gjs O /home/capstone/.config/dconf/user
[5279] gjs O /home/capstone//.local/share/icons/Yaru/cursors/
[5279] gjs O /home/capstone//.local/share/icons/Yaru//index.theme
[5279] gjs O /home/capstone//.icons/Yaru/cursors/
[5279] gjs O /home/capstone//.icons/Yaru//index.theme
[5209] apport-gtk C /home/capstone/.cache/fontconfig//9b89f8e3dae116d678bbf48e5f21f69b-le64.cache-9.TMP-BsTiTN
[5209] apport-gtk D /home/capstone/.cache/fontconfig//9b89f8e3dae116d678bbf48e5f21f69b-le64.cache-9.TMP-BsTiTN
[5209] apport-gtk D /home/capstone/.cache/fontconfig//9b89f8e3dae116d678bbf48e5f21f69b-le64.cache-9.NEW
[5209] apport-gtk C /home/capstone/.cache/fontconfig//9b89f8e3dae116d678bbf48e5f21f69b-le64.cache-9.NEW
[5209] apport-gtk D /home/capstone/.cache/fontconfig//9b89f8e3dae116d678bbf48e5f21f69b-le64.cache-9.LCK
[5209] apport-gtk O /home/capstone/.cache/fontconfig//6cc790b63b123a6a96ee260fcdad32a9-le64.cache-9
[5209] apport-gtk O /home/capstone/.fontconfig//6cc790b63b123a6a96ee260fcdad32a9-le64.cache-9
[5209] apport-gtk O /home/capstone/.cache/fontconfig//6cc790b63b123a6a96ee260fcdad32a9-le64.cache-9
[5209] apport-gtk O /home/capstone/.fontconfig//6cc790b63b123a6a96ee260fcdad32a9-le64.cache-9
[5279] gjs O /home/capstone//.cursors/Yaru/cursors/
[5209] apport-gtk C /home/capstone/.cache/fontconfig//6cc790b63b123a6a96ee260fcdad32a9-le64.cache-9.TMP-Uhh3k1
[5209] apport-gtk D /home/capstone/.cache/fontconfig//6cc790b63b123a6a96ee260fcdad32a9-le64.cache-9.TMP-Uhh3k1
[5209] apport-gtk D /home/capstone/.cache/fontconfig//6cc790b63b123a6a96ee260fcdad32a9-le64.cache-9.NEW
[5209] apport-gtk C /home/capstone/.cache/fontconfig//6cc790b63b123a6a96ee260fcdad32a9-le64.cache-9.NEW
[5209] apport-gtk D /home/capstone/.cache/fontconfig//6cc790b63b123a6a96ee260fcdad32a9-le64.cache-9.LCK
[5209] apport-gtk O /home/capstone/.cache/fontconfig//d589a48862398ed80a3d6066f4f56f4c-le64.cache-9
[5209] apport-gtk O /home/capstone/.fontconfig//d589a48862398ed80a3d6066f4f56f4c-le64.cache-9
[5209] apport-gtk O /home/capstone/.cache/fontconfig//d589a48862398ed80a3d6066f4f56f4c-le64.cache-9
[5209] apport-gtk O /home/capstone/.fontconfig//d589a48862398ed80a3d6066f4f56f4c-le64.cache-9
[5209] apport-gtk C /home/capstone/.cache/fontconfig//d589a48862398ed80a3d6066f4f56f4c-le64.cache-9.TMP-tSHPVg
[5209] apport-gtk D /home/capstone/.cache/fontconfig//d589a48862398ed80a3d6066f4f56f4c-le64.cache-9.TMP-tSHPVg
[5209] apport-gtk D /home/capstone/.cache/fontconfig//d589a48862398ed80a3d6066f4f56f4c-le64.cache-9.NEW
[5209] apport-gtk C /home/capstone/.cache/fontconfig//d589a48862398ed80a3d6066f4f56f4c-le64.cache-9.NEW
[5209] apport-gtk D /home/capstone/.cache/fontconfig//d589a48862398ed80a3d6066f4f56f4c-le64.cache-9.LCK
[5209] apport-gtk O /home/capstone/.cache/fontconfig//3f7329c5293ffd510edef78f73874cfd-le64.cache-9
[5209] apport-gtk O /home/capstone/.fontconfig//3f7329c5293ffd510edef78f73874cfd-le64.cache-9
[5209] apport-gtk O /home/capstone/.cache/fontconfig//3f7329c5293ffd510edef78f73874cfd-le64.cache-9
[5209] apport-gtk O /home/capstone/.fontconfig//3f7329c5293ffd510edef78f73874cfd-le64.cache-9
[5209] apport-gtk C /home/capstone/.cache/fontconfig//3f7329c5293ffd510edef78f73874cfd-le64.cache-9.TMP-x4vdmb
[5209] apport-gtk D /home/capstone/.cache/fontconfig//3f7329c5293ffd510edef78f73874cfd-le64.cache-9.TMP-x4vdmb
[5209] apport-gtk D /home/capstone/.cache/fontconfig//3f7329c5293ffd510edef78f73874cfd-le64.cache-9.NEW
[5209] apport-gtk C /home/capstone/.cache/fontconfig//3f7329c5293ffd510edef78f73874cfd-le64.cache-9.NEW
[5209] apport-gtk D /home/capstone/.cache/fontconfig//3f7329c5293ffd510edef78f73874cfd-le64.cache-9.LCK
[5209] apport-gtk O /home/capstone/.cache/fontconfig//3047814df9a2f067bd2d96a2b9c36e5a-le64.cache-9
[5209] apport-gtk O /home/capstone/.fontconfig//3047814df9a2f067bd2d96a2b9c36e5a-le64.cache-9
[5209] apport-gtk O /home/capstone/.cache/fontconfig//3047814df9a2f067bd2d96a2b9c36e5a-le64.cache-9
[5209] apport-gtk O /home/capstone/.fontconfig//3047814df9a2f067bd2d96a2b9c36e5a-le64.cache-9
[5279] gjs O /home/capstone//.local/share/icons/Humanity/cursors/
[5279] gjs O /home/capstone//.local/share/icons/Humanity//index.theme
[5279] gjs O /home/capstone//.icons/Humanity/cursors/
[5279] gjs O /home/capstone//.icons/Humanity//index.theme
[5279] gjs O /home/capstone//.cursors/Humanity/cursors/
[5279] gjs O /home/capstone//.local/share/icons/Adwaita/cursors/
[5279] gjs O /home/capstone//.local/share/icons/Adwaita//index.theme
[5279] gjs O /home/capstone//.icons/Adwaita/cursors/
[5279] gjs O /home/capstone//.icons/Adwaita//index.theme
[5209] apport-gtk C /home/capstone/.cache/fontconfig//3047814df9a2f067bd2d96a2b9c36e5a-le64.cache-9.TMP-KTiFsS
[5209] apport-gtk D /home/capstone/.cache/fontconfig//3047814df9a2f067bd2d96a2b9c36e5a-le64.cache-9.TMP-KTiFsS
[5209] apport-gtk D /home/capstone/.cache/fontconfig//3047814df9a2f067bd2d96a2b9c36e5a-le64.cache-9.NEW
[5209] apport-gtk C /home/capstone/.cache/fontconfig//3047814df9a2f067bd2d96a2b9c36e5a-le64.cache-9.NEW
[5209] apport-gtk D /home/capstone/.cache/fontconfig//3047814df9a2f067bd2d96a2b9c36e5a-le64.cache-9.LCK
[5209] apport-gtk O /home/capstone/.cache/fontconfig//0bd3dc0958fa2205aaaa8ebb13e2872b-le64.cache-9
[5209] apport-gtk O /home/capstone/.fontconfig//0bd3dc0958fa2205aaaa8ebb13e2872b-le64.cache-9
[5209] apport-gtk O /home/capstone/.cache/fontconfig//0bd3dc0958fa2205aaaa8ebb13e2872b-le64.cache-9
[5209] apport-gtk O /home/capstone/.fontconfig//0bd3dc0958fa2205aaaa8ebb13e2872b-le64.cache-9
[5279] gjs O /home/capstone//.cursors/Adwaita/cursors/
[5279] gjs O /home/capstone//.local/share/icons/hicolor/cursors/
[5279] gjs O /home/capstone//.local/share/icons/hicolor//index.theme
[5279] gjs O /home/capstone//.icons/hicolor/cursors/
[5279] gjs O /home/capstone//.icons/hicolor//index.theme
[5279] gjs O /home/capstone//.cursors/hicolor/cursors/
[5279] gjs O /home/capstone//.cursors/hicolor//index.theme
[5279] gjs O /home/capstone//.local/share/icons/hicolor/cursors/
[5279] gjs O /home/capstone//.local/share/icons/hicolor//index.theme
[5279] gjs O /home/capstone//.icons/hicolor/cursors/
[5279] gjs O /home/capstone//.icons/hicolor//index.theme
[5279] gjs O /home/capstone//.cursors/hicolor/cursors/
[5279] gjs O /home/capstone//.cursors/hicolor//index.theme
[5279] gjs O /home/capstone//.local/share/icons/hicolor/cursors/
[5279] gjs O /home/capstone//.local/share/icons/hicolor//index.theme
[5279] gjs O /home/capstone//.icons/hicolor/cursors/
[5279] gjs O /home/capstone//.icons/hicolor//index.theme
[5279] gjs O /home/capstone//.cursors/hicolor/cursors/
[5279] gjs O /home/capstone//.cursors/hicolor//index.theme
[5209] apport-gtk C /home/capstone/.cache/fontconfig//0bd3dc0958fa2205aaaa8ebb13e2872b-le64.cache-9.TMP-Aelp78
[5209] apport-gtk D /home/capstone/.cache/fontconfig//0bd3dc0958fa2205aaaa8ebb13e2872b-le64.cache-9.TMP-Aelp78
[5209] apport-gtk D /home/capstone/.cache/fontconfig//0bd3dc0958fa2205aaaa8ebb13e2872b-le64.cache-9.NEW
[5209] apport-gtk C /home/capstone/.cache/fontconfig//0bd3dc0958fa2205aaaa8ebb13e2872b-le64.cache-9.NEW
[5209] apport-gtk D /home/capstone/.cache/fontconfig//0bd3dc0958fa2205aaaa8ebb13e2872b-le64.cache-9.LCK
[5209] apport-gtk O /home/capstone/.cache/fontconfig//2300eef321c393bfd76478a5c0e95b23-le64.cache-9
[5209] apport-gtk O /home/capstone/.fontconfig//2300eef321c393bfd76478a5c0e95b23-le64.cache-9
[5209] apport-gtk O /home/capstone/.cache/fontconfig//2300eef321c393bfd76478a5c0e95b23-le64.cache-9
[5209] apport-gtk O /home/capstone/.fontconfig//2300eef321c393bfd76478a5c0e95b23-le64.cache-9
[2220] dbus-daemon O /home/capstone/.local/share/dbus-1/services
[2220] dbus-daemon O /home/capstone/.local/share/dbus-1/services
[2220] dbus-daemon O /home/capstone/.local/share/dbus-1/services
[5209] apport-gtk C /home/capstone/.cache/fontconfig//2300eef321c393bfd76478a5c0e95b23-le64.cache-9.TMP-lfWvtZ
[5209] apport-gtk D /home/capstone/.cache/fontconfig//2300eef321c393bfd76478a5c0e95b23-le64.cache-9.TMP-lfWvtZ
[5209] apport-gtk D /home/capstone/.cache/fontconfig//2300eef321c393bfd76478a5c0e95b23-le64.cache-9.NEW
[5209] apport-gtk C /home/capstone/.cache/fontconfig//2300eef321c393bfd76478a5c0e95b23-le64.cache-9.NEW
[5209] apport-gtk D /home/capstone/.cache/fontconfig//2300eef321c393bfd76478a5c0e95b23-le64.cache-9.LCK
[5209] apport-gtk O /home/capstone/.cache/fontconfig//a4e60e8d1e10d2fdff3fe3037a1845fb-le64.cache-9
[5209] apport-gtk O /home/capstone/.fontconfig//a4e60e8d1e10d2fdff3fe3037a1845fb-le64.cache-9
[5209] apport-gtk O /home/capstone/.cache/fontconfig//a4e60e8d1e10d2fdff3fe3037a1845fb-le64.cache-9
[5209] apport-gtk O /home/capstone/.fontconfig//a4e60e8d1e10d2fdff3fe3037a1845fb-le64.cache-9
[5209] apport-gtk C /home/capstone/.cache/fontconfig//6333f38776742d18e214673cd2c24e34-le64.cache-9.TMP-JodLr4
[5209] apport-gtk D /home/capstone/.cache/fontconfig//6333f38776742d18e214673cd2c24e34-le64.cache-9.TMP-JodLr4
[5209] apport-gtk D /home/capstone/.cache/fontconfig//6333f38776742d18e214673cd2c24e34-le64.cache-9.NEW
[5209] apport-gtk C /home/capstone/.cache/fontconfig//6333f38776742d18e214673cd2c24e34-le64.cache-9.NEW
[5209] apport-gtk D /home/capstone/.cache/fontconfig//6333f38776742d18e214673cd2c24e34-le64.cache-9.LCK
[2220] dbus-daemon O /home/capstone/.local/share/dbus-1/services
[2948] gvfsd-trash D /run/user/1000/gvfsd/socket-avHiaVAu
[5305] nautilus C /home/capstone/.local/share/nautilus/tags/meta.db
[1] systemd D /run/systemd/units/invocation:fwupd.service
[5305] nautilus C /home/capstone/.local/share/nautilus/tags/meta.db-wal
[5305] nautilus C /home/capstone/.local/share/nautilus/tags/meta.db-shm
[5305] nautilus O /home/capstone/.local/share/nautilus/tags/meta.db
[5305] nautilus C /home/capstone/.local/share/nautilus/tags/meta.db-wal
[5305] pool-org.gnome. C /home/capstone/.local/share/nautilus/tags/meta.db-wal
[5306] whoopsie D /var/lock/whoopsie/lock
[1] systemd D /run/systemd/units/invocation:whoopsie.service
[5312] (sd-rmrf) D ReadMeForDecrypt.txt
[5312] (sd-rmrf) D ReadMeForDecrypt.txt
[5312] (sd-rmrf) D tmp
[5312] (sd-rmrf) D /var/tmp/systemd-private-857ab6eecec44dd0bd3c92567efcc968-fwupd.service-PbONYD
[5311] (sd-rmrf) D ReadMeForDecrypt.txt
[5311] (sd-rmrf) D ReadMeForDecrypt.txt
[5311] (sd-rmrf) D tmp
[5311] (sd-rmrf) D /tmp/systemd-private-857ab6eecec44dd0bd3c92567efcc968-fwupd.service-Z12cnl
[5305] nautilus O /home/capstone/.cache/fontconfig//4c599c202bc5c08e2d34565a40eac3b2-le64.cache-9
[5305] nautilus O /home/capstone/.fontconfig//4c599c202bc5c08e2d34565a40eac3b2-le64.cache-9
[5305] nautilus O /home/capstone/.cache/fontconfig//3830d5c3ddfd5cd38a049b759396e72e-le64.cache-9
[5305] nautilus O /home/capstone/.fontconfig//3830d5c3ddfd5cd38a049b759396e72e-le64.cache-9
[5305] nautilus O /home/capstone/.cache/fontconfig//c855463f699352c367813e37f3f70ea7-le64.cache-9
[5305] nautilus O /home/capstone/.fontconfig//c855463f699352c367813e37f3f70ea7-le64.cache-9
[5305] nautilus O /home/capstone/.cache/fontconfig//32b6488e5b8292a2e95c79d947e009e8-le64.cache-9
[5305] nautilus O /home/capstone/.fontconfig//32b6488e5b8292a2e95c79d947e009e8-le64.cache-9
[5305] nautilus O /home/capstone/.cache/fontconfig//57e423e26b20ab21d0f2f29c145174c3-le64.cache-9
[5305] nautilus O /home/capstone/.fontconfig//57e423e26b20ab21d0f2f29c145174c3-le64.cache-9
[5305] nautilus O /home/capstone/.cache/fontconfig//573ec803664ed168555e0e8b6d0f0c7f-le64.cache-9
[5305] nautilus O /home/capstone/.fontconfig//573ec803664ed168555e0e8b6d0f0c7f-le64.cache-9
[5305] nautilus O /home/capstone/.cache/fontconfig//7ef2298fde41cc6eeb7af42e48b7d293-le64.cache-9
[5305] nautilus O /home/capstone/.fontconfig//7ef2298fde41cc6eeb7af42e48b7d293-le64.cache-9
[5305] nautilus O /home/capstone/.cache/fontconfig//d82eb4fd963d448e2fcb7d7b793b5df3-le64.cache-9
[5305] nautilus O /home/capstone/.fontconfig//d82eb4fd963d448e2fcb7d7b793b5df3-le64.cache-9
[5305] nautilus O /home/capstone/.cache/fontconfig//e13b20fdb08344e0e664864cc2ede53d-le64.cache-9
[5305] nautilus O /home/capstone/.fontconfig//e13b20fdb08344e0e664864cc2ede53d-le64.cache-9
[5305] nautilus O /home/capstone/.cache/fontconfig//707971e003b4ae6c8121c3a920e507f5-le64.cache-9
[5305] nautilus O /home/capstone/.fontconfig//707971e003b4ae6c8121c3a920e507f5-le64.cache-9
[5305] nautilus O /home/capstone/.cache/fontconfig//cabbd14511b9e8a55e92af97fb3a0461-le64.cache-9
[5305] nautilus O /home/capstone/.fontconfig//cabbd14511b9e8a55e92af97fb3a0461-le64.cache-9
[5305] nautilus O /home/capstone/.cache/fontconfig//fe547fea3a41b43a38975d292a2b19c7-le64.cache-9
[5305] nautilus O /home/capstone/.fontconfig//fe547fea3a41b43a38975d292a2b19c7-le64.cache-9
[5305] nautilus O /home/capstone/.cache/fontconfig//f1f2465696798768e9653f19e17ccdc8-le64.cache-9
[5305] nautilus O /home/capstone/.fontconfig//f1f2465696798768e9653f19e17ccdc8-le64.cache-9
[5305] nautilus O /home/capstone/.cache/fontconfig//95530828ff6c81d309f8258d8d02a23e-le64.cache-9
[5305] nautilus O /home/capstone/.fontconfig//95530828ff6c81d309f8258d8d02a23e-le64.cache-9
[5305] nautilus O /home/capstone/.cache/fontconfig//d3e5c4ee2ceb1fc347f91d4cefc53bc0-le64.cache-9
[5305] nautilus O /home/capstone/.fontconfig//d3e5c4ee2ceb1fc347f91d4cefc53bc0-le64.cache-9
[5305] nautilus O /home/capstone/.cache/fontconfig//e52a45a1c8c8fe895fc0fc8c4e6999b8-le64.cache-9
[5305] nautilus O /home/capstone/.fontconfig//e52a45a1c8c8fe895fc0fc8c4e6999b8-le64.cache-9
[5305] nautilus O /home/capstone/.cache/fontconfig//188ac73a183f12857f63bb60a4a6d603-le64.cache-9
[5305] nautilus O /home/capstone/.fontconfig//188ac73a183f12857f63bb60a4a6d603-le64.cache-9
[5305] nautilus O /home/capstone/.cache/fontconfig//9b89f8e3dae116d678bbf48e5f21f69b-le64.cache-9
[5305] nautilus O /home/capstone/.fontconfig//9b89f8e3dae116d678bbf48e5f21f69b-le64.cache-9
[5305] nautilus O /home/capstone/.cache/fontconfig//6cc790b63b123a6a96ee260fcdad32a9-le64.cache-9
[5305] nautilus O /home/capstone/.fontconfig//6cc790b63b123a6a96ee260fcdad32a9-le64.cache-9
[5305] nautilus O /home/capstone/.cache/fontconfig//d589a48862398ed80a3d6066f4f56f4c-le64.cache-9
[5305] nautilus O /home/capstone/.fontconfig//d589a48862398ed80a3d6066f4f56f4c-le64.cache-9
[5305] nautilus O /home/capstone/.cache/fontconfig//3f7329c5293ffd510edef78f73874cfd-le64.cache-9
[5305] nautilus O /home/capstone/.fontconfig//3f7329c5293ffd510edef78f73874cfd-le64.cache-9
[5305] nautilus O /home/capstone/.cache/fontconfig//3047814df9a2f067bd2d96a2b9c36e5a-le64.cache-9
[5305] nautilus O /home/capstone/.fontconfig//3047814df9a2f067bd2d96a2b9c36e5a-le64.cache-9
[5305] nautilus O /home/capstone/.cache/fontconfig//0bd3dc0958fa2205aaaa8ebb13e2872b-le64.cache-9
[5305] nautilus O /home/capstone/.fontconfig//0bd3dc0958fa2205aaaa8ebb13e2872b-le64.cache-9
[5305] nautilus O /home/capstone/.cache/fontconfig//2300eef321c393bfd76478a5c0e95b23-le64.cache-9
[5305] nautilus O /home/capstone/.fontconfig//2300eef321c393bfd76478a5c0e95b23-le64.cache-9
[5305] nautilus O /home/capstone/.cache/fontconfig//a4e60e8d1e10d2fdff3fe3037a1845fb-le64.cache-9
[5305] nautilus O /home/capstone/.fontconfig//a4e60e8d1e10d2fdff3fe3037a1845fb-le64.cache-9
[5305] nautilus O /home/capstone/.cache/fontconfig//6333f38776742d18e214673cd2c24e34-le64.cache-9
[5305] nautilus O /home/capstone/.fontconfig//6333f38776742d18e214673cd2c24e34-le64.cache-9
[5279] gjs O /home/capstone/.config/user-dirs.dirs
[5279] gjs O /home/capstone/.local/share/thumbnailers
[5279] pool-gjs O /home/capstone/Templates
[5279] gjs O /home/capstone/.local/share/thumbnailers
[5279] pool-gjs O /home/capstone/.local/share/nautilus/scripts
[5305] nautilus O /home/capstone/.local/share/glib-2.0/schemas/gschemas.compiled
[5305] nautilus O /home/capstone/.config/dconf/user
[5305] nautilus O /home/capstone/.config/gtk-4.0/settings.ini
[5279] pool-gjs O /home/capstone/Desktop
[2220] dbus-daemon O /home/capstone/.local/share/dbus-1/services
[5279] gjs O /home/capstone/Templates/.hidden
[5279] gjs O /home/capstone/.local/share/mime//aliases
[5279] gjs O /home/capstone/.local/share/mime//subclasses
[5279] gjs O /home/capstone/.local/share/mime//icons
[5279] gjs O /home/capstone/.local/share/mime//generic-icons
[5279] gjs O /home/capstone/.local/share/gvfs-metadata/home
[5279] gjs O /home/capstone/.local/share/gvfs-metadata/home-3ec330a6.log
[5279] gjs O /home/capstone/.local/share/nautilus/scripts/.hidden
[5279] gjs O /home/capstone/Desktop/.hidden
[5279] gjs O /home/capstone/.cache/thumbnails/large/25b14d0c7d15880589503f4b69257260.png
[5279] gjs O /home/capstone/.cache/thumbnails/normal/25b14d0c7d15880589503f4b69257260.png
[5279] gjs O /home/capstone/.cache/thumbnails/fail/gnome-thumbnail-factory/25b14d0c7d15880589503f4b69257260.png
[5279] gjs O /home/capstone/.cache/fontconfig//4c599c202bc5c08e2d34565a40eac3b2-le64.cache-9
[5279] gjs O /home/capstone/.fontconfig//4c599c202bc5c08e2d34565a40eac3b2-le64.cache-9
[5279] gjs O /home/capstone/.cache/fontconfig//3830d5c3ddfd5cd38a049b759396e72e-le64.cache-9
[5279] gjs O /home/capstone/.fontconfig//3830d5c3ddfd5cd38a049b759396e72e-le64.cache-9
[5279] gjs O /home/capstone/.cache/fontconfig//c855463f699352c367813e37f3f70ea7-le64.cache-9
[5279] gjs O /home/capstone/.fontconfig//c855463f699352c367813e37f3f70ea7-le64.cache-9
[5279] gjs O /home/capstone/.cache/fontconfig//32b6488e5b8292a2e95c79d947e009e8-le64.cache-9
[5279] gjs O /home/capstone/.fontconfig//32b6488e5b8292a2e95c79d947e009e8-le64.cache-9
[5279] gjs O /home/capstone/.cache/fontconfig//57e423e26b20ab21d0f2f29c145174c3-le64.cache-9
[5279] gjs O /home/capstone/.fontconfig//57e423e26b20ab21d0f2f29c145174c3-le64.cache-9
[5279] gjs O /home/capstone/.cache/fontconfig//573ec803664ed168555e0e8b6d0f0c7f-le64.cache-9
[5279] gjs O /home/capstone/.fontconfig//573ec803664ed168555e0e8b6d0f0c7f-le64.cache-9
[5279] gjs O /home/capstone/.cache/fontconfig//7ef2298fde41cc6eeb7af42e48b7d293-le64.cache-9
[5279] gjs O /home/capstone/.fontconfig//7ef2298fde41cc6eeb7af42e48b7d293-le64.cache-9
[5279] gjs O /home/capstone/.cache/fontconfig//d82eb4fd963d448e2fcb7d7b793b5df3-le64.cache-9
[5279] gjs O /home/capstone/.fontconfig//d82eb4fd963d448e2fcb7d7b793b5df3-le64.cache-9
[5279] gjs O /home/capstone/.cache/fontconfig//e13b20fdb08344e0e664864cc2ede53d-le64.cache-9
[5279] gjs O /home/capstone/.fontconfig//e13b20fdb08344e0e664864cc2ede53d-le64.cache-9
[5279] gjs O /home/capstone/.cache/fontconfig//707971e003b4ae6c8121c3a920e507f5-le64.cache-9
[5279] gjs O /home/capstone/.fontconfig//707971e003b4ae6c8121c3a920e507f5-le64.cache-9
[5279] gjs O /home/capstone/.cache/fontconfig//cabbd14511b9e8a55e92af97fb3a0461-le64.cache-9
[5279] gjs O /home/capstone/.fontconfig//cabbd14511b9e8a55e92af97fb3a0461-le64.cache-9
[5279] gjs O /home/capstone/.cache/fontconfig//fe547fea3a41b43a38975d292a2b19c7-le64.cache-9
[5279] gjs O /home/capstone/.fontconfig//fe547fea3a41b43a38975d292a2b19c7-le64.cache-9
[5279] gjs O /home/capstone/.cache/fontconfig//f1f2465696798768e9653f19e17ccdc8-le64.cache-9
[5279] gjs O /home/capstone/.fontconfig//f1f2465696798768e9653f19e17ccdc8-le64.cache-9
[5279] gjs O /home/capstone/.cache/fontconfig//95530828ff6c81d309f8258d8d02a23e-le64.cache-9
[5279] gjs O /home/capstone/.fontconfig//95530828ff6c81d309f8258d8d02a23e-le64.cache-9
[5279] gjs O /home/capstone/.cache/fontconfig//d3e5c4ee2ceb1fc347f91d4cefc53bc0-le64.cache-9
[5279] gjs O /home/capstone/.fontconfig//d3e5c4ee2ceb1fc347f91d4cefc53bc0-le64.cache-9
[5279] gjs O /home/capstone/.cache/fontconfig//e52a45a1c8c8fe895fc0fc8c4e6999b8-le64.cache-9
[5279] gjs O /home/capstone/.fontconfig//e52a45a1c8c8fe895fc0fc8c4e6999b8-le64.cache-9
[5279] gjs O /home/capstone/.cache/fontconfig//188ac73a183f12857f63bb60a4a6d603-le64.cache-9
[5279] gjs O /home/capstone/.fontconfig//188ac73a183f12857f63bb60a4a6d603-le64.cache-9
[5279] gjs O /home/capstone/.cache/fontconfig//9b89f8e3dae116d678bbf48e5f21f69b-le64.cache-9
[5279] gjs O /home/capstone/.fontconfig//9b89f8e3dae116d678bbf48e5f21f69b-le64.cache-9
[5279] gjs O /home/capstone/.cache/fontconfig//6cc790b63b123a6a96ee260fcdad32a9-le64.cache-9
[5279] gjs O /home/capstone/.fontconfig//6cc790b63b123a6a96ee260fcdad32a9-le64.cache-9
[5279] gjs O /home/capstone/.cache/fontconfig//d589a48862398ed80a3d6066f4f56f4c-le64.cache-9
[5279] gjs O /home/capstone/.fontconfig//d589a48862398ed80a3d6066f4f56f4c-le64.cache-9
[5279] gjs O /home/capstone/.cache/fontconfig//3f7329c5293ffd510edef78f73874cfd-le64.cache-9
[5279] gjs O /home/capstone/.fontconfig//3f7329c5293ffd510edef78f73874cfd-le64.cache-9
[5279] gjs O /home/capstone/.cache/fontconfig//3047814df9a2f067bd2d96a2b9c36e5a-le64.cache-9
[5279] gjs O /home/capstone/.fontconfig//3047814df9a2f067bd2d96a2b9c36e5a-le64.cache-9
[5279] gjs O /home/capstone/.cache/fontconfig//0bd3dc0958fa2205aaaa8ebb13e2872b-le64.cache-9
[5279] gjs O /home/capstone/.fontconfig//0bd3dc0958fa2205aaaa8ebb13e2872b-le64.cache-9
[5279] gjs O /home/capstone/.cache/fontconfig//2300eef321c393bfd76478a5c0e95b23-le64.cache-9
[5279] gjs O /home/capstone/.fontconfig//2300eef321c393bfd76478a5c0e95b23-le64.cache-9
[5279] gjs O /home/capstone/.cache/fontconfig//a4e60e8d1e10d2fdff3fe3037a1845fb-le64.cache-9
[5279] gjs O /home/capstone/.fontconfig//a4e60e8d1e10d2fdff3fe3037a1845fb-le64.cache-9
[5279] gjs O /home/capstone/.cache/fontconfig//6333f38776742d18e214673cd2c24e34-le64.cache-9
[5279] gjs O /home/capstone/.fontconfig//6333f38776742d18e214673cd2c24e34-le64.cache-9
[2948] gvfsd-trash D /run/user/1000/gvfsd/socket-2VfkWKKl
[5332] nautilus C /home/capstone/.local/share/nautilus/tags/meta.db
[5332] nautilus C /home/capstone/.local/share/nautilus/tags/meta.db-wal
[5332] nautilus C /home/capstone/.local/share/nautilus/tags/meta.db-shm
[5332] nautilus O /home/capstone/.local/share/nautilus/tags/meta.db
[5332] nautilus C /home/capstone/.local/share/nautilus/tags/meta.db-wal
[1] systemd D /run/systemd/units/invocation:systemd-journald.service
[5305] pool-org.gnome. O /home/capstone/.config/gtk-3.0/bookmarks
[2220] dbus-daemon O /home/capstone/.local/share/dbus-1/services
[5305] nautilus O /home/capstone/.config/user-dirs.dirs
[5339] systemd-journal D 9:37106
[5339] systemd-journal D 9:26595
[5339] systemd-journal D 9:26594
[5337] whoopsie D /var/lock/whoopsie/lock
[5339] systemd-journal D /run/systemd/journal/io.systemd.journal
[1] systemd D /run/systemd/units/invocation:whoopsie.service
[5339] systemd-journal D system@00064d5c40fdf192-bbb6bcafb57fadd3.journal~
[5332] pool-org.gnome. C /home/capstone/.local/share/nautilus/tags/meta.db-wal
[5339] systemd-journal D /run/systemd/journal/streams/9:38345
[5339] systemd-journal D /run/systemd/journal/streams/9:38347
[5339] systemd-journal D /run/systemd/journal/streams/9:38348
[5339] systemd-journal D /run/systemd/journal/streams/9:38349
[5339] systemd-journal D /run/systemd/journal/streams/9:38352
[5339] systemd-journal D /run/systemd/journal/streams/9:38353
[5340] tracker-miner-f O /home/capstone/.cache/gstreamer-1.0/registry.x86_64.bin
[5340] tracker-miner-f O /home/capstone/.local/share/gstreamer-1.0/plugins
[2220] dbus-daemon O /home/capstone/.local/share/dbus-1/services
[2948] gvfsd-trash D /run/user/1000/gvfsd/socket-RtQFST46
[2220] dbus-daemon O /home/capstone/.local/share/dbus-1/services
[5340] tracker-miner-f O /home/capstone/.local/share/glib-2.0/schemas/gschemas.compiled
[5340] tracker-miner-f O /home/capstone/.config/dconf/user
[5340] tracker-miner-f O /home/capstone/.config/user-dirs.dirs
[5340] tracker-miner-f C /home/capstone/.cache/tracker3/files/meta.db
[5340] tracker-miner-f C /home/capstone/.cache/tracker3/files/meta.db-wal
[5340] tracker-miner-f C /home/capstone/.cache/tracker3/files/meta.db-shm
[5340] tracker-miner-f D /home/capstone/.cache/tracker3/files/meta.db-shm
[5340] tracker-miner-f D /home/capstone/.cache/tracker3/files/meta.db-wal
[5339] systemd-journal D /run/systemd/journal/streams/9:38354
[2195] systemd D /run/user/1000/systemd/units/invocation:tracker-miner-fs-3.service
[5358] tracker-miner-f O /home/capstone/.cache/gstreamer-1.0/registry.x86_64.bin
[5359] dpkg O /home/capstone/.dpkg.cfg
[5360] dpkg O /home/capstone/.dpkg.cfg
[5358] tracker-miner-f O /home/capstone/.local/share/gstreamer-1.0/plugins
[5358] tracker-miner-f O /home/capstone/.local/share/glib-2.0/schemas/gschemas.compiled
[5358] tracker-miner-f O /home/capstone/.config/dconf/user
[5358] tracker-miner-f O /home/capstone/.config/user-dirs.dirs
[5358] tracker-miner-f C /home/capstone/.cache/tracker3/files/meta.db
[5358] tracker-miner-f C /home/capstone/.cache/tracker3/files/meta.db-wal
[5358] tracker-miner-f C /home/capstone/.cache/tracker3/files/meta.db-shm
[5358] tracker-miner-f D /home/capstone/.cache/tracker3/files/meta.db-shm
[5358] tracker-miner-f D /home/capstone/.cache/tracker3/files/meta.db-wal
[5339] systemd-journal D /run/systemd/journal/streams/9:38377
[2195] systemd D /run/user/1000/systemd/units/invocation:tracker-miner-fs-3.service
[5368] tracker-miner-f O /home/capstone/.cache/gstreamer-1.0/registry.x86_64.bin
[5368] tracker-miner-f O /home/capstone/.local/share/gstreamer-1.0/plugins
[5368] tracker-miner-f O /home/capstone/.local/share/glib-2.0/schemas/gschemas.compiled
[5368] tracker-miner-f O /home/capstone/.config/dconf/user
[5368] tracker-miner-f O /home/capstone/.config/user-dirs.dirs
[5368] tracker-miner-f C /home/capstone/.cache/tracker3/files/meta.db
[5368] tracker-miner-f C /home/capstone/.cache/tracker3/files/meta.db-wal
[5368] tracker-miner-f C /home/capstone/.cache/tracker3/files/meta.db-shm
[5368] tracker-miner-f D /home/capstone/.cache/tracker3/files/meta.db-shm
[5368] tracker-miner-f D /home/capstone/.cache/tracker3/files/meta.db-wal
[5339] systemd-journal D /run/systemd/journal/streams/9:38399
[2195] systemd D /run/user/1000/systemd/units/invocation:tracker-miner-fs-3.service
[5384] tracker-miner-f O /home/capstone/.cache/gstreamer-1.0/registry.x86_64.bin
[5384] tracker-miner-f O /home/capstone/.local/share/gstreamer-1.0/plugins
[5384] tracker-miner-f O /home/capstone/.local/share/glib-2.0/schemas/gschemas.compiled
[5384] tracker-miner-f O /home/capstone/.config/dconf/user
[5384] tracker-miner-f O /home/capstone/.config/user-dirs.dirs
[5384] tracker-miner-f C /home/capstone/.cache/tracker3/files/meta.db
[5384] tracker-miner-f C /home/capstone/.cache/tracker3/files/meta.db-wal
[5384] tracker-miner-f C /home/capstone/.cache/tracker3/files/meta.db-shm
[5384] tracker-miner-f D /home/capstone/.cache/tracker3/files/meta.db-shm
[5384] tracker-miner-f D /home/capstone/.cache/tracker3/files/meta.db-wal
[5339] systemd-journal D /run/systemd/journal/streams/9:40942
[2195] systemd D /run/user/1000/systemd/units/invocation:tracker-miner-fs-3.service
[5396] tracker-miner-f O /home/capstone/.cache/gstreamer-1.0/registry.x86_64.bin
[5396] tracker-miner-f O /home/capstone/.local/share/gstreamer-1.0/plugins
[5396] tracker-miner-f O /home/capstone/.local/share/glib-2.0/schemas/gschemas.compiled
[5396] tracker-miner-f O /home/capstone/.config/dconf/user
[5396] tracker-miner-f O /home/capstone/.config/user-dirs.dirs
[5396] tracker-miner-f C /home/capstone/.cache/tracker3/files/meta.db
[5396] tracker-miner-f C /home/capstone/.cache/tracker3/files/meta.db-wal
[5396] tracker-miner-f C /home/capstone/.cache/tracker3/files/meta.db-shm
[5396] tracker-miner-f D /home/capstone/.cache/tracker3/files/meta.db-shm
[5396] tracker-miner-f D /home/capstone/.cache/tracker3/files/meta.db-wal
[5339] systemd-journal D /run/systemd/journal/streams/9:40954
[2195] systemd D /run/user/1000/systemd/units/invocation:tracker-miner-fs-3.service
[4887] cupsd D /etc/cups/subscriptions.conf.O
[5385] apport O /home/capstone/.apport-ignore.xml
[5403] whoopsie D /var/lock/whoopsie/lock
[5339] systemd-journal D /run/systemd/journal/streams/9:40969
[1] systemd D /run/systemd/units/invocation:whoopsie.service
[5414] apport O /home/capstone/.apport-ignore.xml
[5339] systemd-journal D /run/systemd/journal/streams/9:29746
[2195] systemd D /run/user/1000/systemd/units/invocation:app-gnome-update\x2dnotifier-3381.scope
[2195] systemd D /run/user/1000/systemd/transient/app-gnome-update\x2dnotifier-3381.scope
[5415] whoopsie D /var/lock/whoopsie/lock
[1] systemd D /run/systemd/units/invocation:whoopsie.service
[5339] systemd-journal D /run/systemd/journal/streams/9:41038
[5339] systemd-journal D /run/systemd/journal/streams/9:29293
[5305] nautilus D /home/capstone/.local/share/nautilus/tags/meta.db-shm
[5305] nautilus D /home/capstone/.local/share/nautilus/tags/meta.db-wal
[5339] systemd-journal D /run/systemd/journal/streams/9:38351
[5339] systemd-journal D /run/systemd/journal/streams/9:38350
[3278] gvfsd-recent O /home/capstone/.local/share/recently-used.xbel
[2948] pool O /home/capstone/.local/share/Trash/info/000000.3.swf.encrypted.36ab9d0f0cd60986.trashinfo
[2948] pool O /home/capstone/.local/share/Trash/info/000018.3.pdf.encrypted.e8ece5e103c838b8.trashinfo
[2948] pool O /home/capstone/.local/share/Trash/info/000022.2.pdf.encrypted.3d79d6aa3bbaea6b.trashinfo
[2948] pool O /home/capstone/.local/share/Trash/info/000006.2.doc.encrypted.837a69cd5efe4dcd.trashinfo
[2948] pool O /home/capstone/.local/share/Trash/info/000019.3.pdf.encrypted.468a899adcf8c849.trashinfo
[2948] pool O /home/capstone/.local/share/Trash/info/000088.txt.encrypted.5f75182819b2a223.trashinfo
[2948] pool O /home/capstone/.local/share/Trash/info/000007.3.doc.encrypted.c6fe01447e6e5ede.trashinfo
[2948] pool O /home/capstone/.local/share/Trash/info/000024.3.pdf.encrypted.5076353a2af3c342.trashinfo
[2948] pool O /home/capstone/.local/share/Trash/info/000006.doc.encrypted.c61c52b3388a7dfa.trashinfo
[2948] pool O /home/capstone/.local/share/Trash/info/000024.pdf.encrypted.a2796d5aef2f7ff8.trashinfo
[2948] pool O /home/capstone/.local/share/Trash/info/000045.xls.encrypted.cdab77fdef1fcf4e.trashinfo
[2948] pool O /home/capstone/.local/share/Trash/info/000059.html.encrypted.acf593bd74c85fdf.trashinfo
[2948] pool O /home/capstone/.local/share/Trash/info/000081.txt.encrypted.caad21400537e767.trashinfo
[2948] pool O /home/capstone/.local/share/Trash/info/000070.html.encrypted.23193c989dce5ddd.trashinfo
[2948] pool O /home/capstone/.local/share/Trash/info/000011.2.pdf.encrypted.91a594f457c41497.trashinfo
[2948] pool O /home/capstone/.local/share/Trash/info/000020.4.pdf.encrypted.318cb5d4df629111.trashinfo
[2948] pool O /home/capstone/.local/share/Trash/info/000015.3.pdf.encrypted.68df6e01db4959d9.trashinfo
[2948] pool O /home/capstone/.local/share/Trash/info/000060.html.encrypted.e2ec247059e41595.trashinfo
[2948] pool O /home/capstone/.local/share/Trash/info/000011.3.pdf.encrypted.fbb020c1a94737b7.trashinfo
[2948] pool O /home/capstone/.local/share/Trash/info/000034.xls.encrypted.bb6e8de2b95eee6e.trashinfo
[2948] pool O /home/capstone/.local/share/Trash/info/000004.3.doc.encrypted.652ce0b51f9869e8.trashinfo
[2948] pool O /home/capstone/.local/share/Trash/info/000004.2.doc.encrypted.68694a5b13b8a829.trashinfo
[2948] pool O /home/capstone/.local/share/Trash/info/000058.html.encrypted.a79b9523898f9f1c.trashinfo
[2948] pool O /home/capstone/.local/share/Trash/info/000061.html.encrypted.0b5bdfef632ebe3e.trashinfo
[2948] pool O /home/capstone/.local/share/Trash/info/000005.doc.encrypted.e1a203e4a796a626.trashinfo
[2948] pool O /home/capstone/.local/share/Trash/info/000004.4.doc.encrypted.f571bcc5fe7e2eae.trashinfo
[2948] pool O /home/capstone/.local/share/Trash/info/000014.4.html.encrypted.179be73a52b4a425.trashinfo
[2948] pool O /home/capstone/.local/share/Trash/info/000009.4.pdf.encrypted.9a82da9e5f843bb4.trashinfo
[2948] pool O /home/capstone/.local/share/Trash/info/000053.xls.encrypted.9f69bf22688f9f1c.trashinfo
[2948] pool O /home/capstone/.local/share/Trash/info/000027.csv.encrypted.1ed53907f6b160e0.trashinfo
[2948] pool O /home/capstone/.local/share/Trash/info/000013.3.pdf.encrypted.602b2fea8dfaea6b.trashinfo
[2948] pool O /home/capstone/.local/share/Trash/info/000067.xml.encrypted.8a245e58ab6d9c1d.trashinfo
[2948] pool O /home/capstone/.local/share/Trash/info/000000.2.swf.encrypted.1ba6281b8d78cb48.trashinfo
[2948] pool O /home/capstone/.local/share/Trash/info/000012.2.pdf.encrypted.0869550d3a150584.trashinfo
[2948] pool O /home/capstone/.local/share/Trash/info/000009.2.pdf.encrypted.e320719d2c80f070.trashinfo
[2948] pool O /home/capstone/.local/share/Trash/info/000007.2.doc.encrypted.ed54d88ae829da5a.trashinfo
[2948] pool O /home/capstone/.local/share/Trash/info/000022.4.pdf.encrypted.b02ce1a1df40bf3f.trashinfo
[2948] pool O /home/capstone/.local/share/Trash/info/000031.xls.encrypted.232af0a85201b030.trashinfo
[2948] pool O /home/capstone/.local/share/Trash/info/000022.pdf.encrypted.53efea9ecbc152d2.trashinfo
[2948] pool O /home/capstone/.local/share/Trash/info/000029.pdf.encrypted.507feed91b1c0c8c.trashinfo
[2948] pool O /home/capstone/.local/share/Trash/info/000002.2.doc.encrypted.40125d5458d2e262.trashinfo
[2948] pool O /home/capstone/.local/share/Trash/info/000044.xls.encrypted.fe8d3302419343c0.trashinfo
[2948] pool O /home/capstone/.local/share/Trash/info/000006.4.doc.encrypted.ea83fbd342ac7dfc.trashinfo
[2948] pool O /home/capstone/.local/share/Trash/info/000084.txt.encrypted.3107ab039d2c7cff.trashinfo
[2948] pool O /home/capstone/.local/share/Trash/info/000018.pdf.encrypted.a3070dec4640d051.trashinfo
[2948] pool O /home/capstone/.local/share/Trash/info/000010.pdf.encrypted.850b6c40a19948c9.trashinfo
[2948] pool O /home/capstone/.local/share/Trash/info/000010.2.pdf.encrypted.2113a04bda14c447.trashinfo
[2948] pool O /home/capstone/.local/share/Trash/info/000075.html.encrypted.76bfaf3c598bdb5b.trashinfo
[2948] pool O /home/capstone/.local/share/Trash/info/000003.3.doc.encrypted.3509a6c1585e0e8d.trashinfo
[2948] pool O /home/capstone/.local/share/Trash/info/000017.swf.encrypted.d5f10f92ba1848c8.trashinfo
[2948] pool O /home/capstone/.local/share/Trash/info/000048.xls.encrypted.09c78249067222a3.trashinfo
[2948] pool O /home/capstone/.local/share/Trash/info/000040.xls.encrypted.26053dd8c5af7fff.trashinfo
[2948] pool O /home/capstone/.local/share/Trash/info/000069.html.encrypted.639e9c335113a020.trashinfo
[2948] pool O /home/capstone/.local/share/Trash/info/000030.xls.encrypted.5ac5499b4ee03fb0.trashinfo
[2948] pool O /home/capstone/.local/share/Trash/info/000015.2.pdf.encrypted.06f80c9e6f8bfb78.trashinfo
[2948] pool O /home/capstone/.local/share/Trash/info/000019.4.pdf.encrypted.2437557a3fc858d8.trashinfo
[2948] pool O /home/capstone/.local/share/Trash/info/000000.4.swf.encrypted.2b9c492fd2f50585.trashinfo
[2948] pool O /home/capstone/.local/share/Trash/info/000046.xls.encrypted.57336301054151d1.trashinfo
[2948] pool O /home/capstone/.local/share/Trash/info/000000.swf.encrypted.2d6254342c7acb4b.trashinfo
[2948] pool O /home/capstone/.local/share/Trash/info/000021.2.pdf.encrypted.3367f0359241d156.trashinfo
[2948] pool O /home/capstone/.local/share/Trash/info/000002.doc.encrypted.80caa7f7195767e6.trashinfo
[2948] pool O /home/capstone/.local/share/Trash/info/000033.xls.encrypted.f006a0e4b17747c4.trashinfo
[2948] pool O /home/capstone/.local/share/Trash/info/000013.4.pdf.encrypted.719576e879f525a4.trashinfo
[2948] pool O /home/capstone/.local/share/Trash/info/000042.xls.encrypted.206464f9dac535b4.trashinfo
[2948] pool O /home/capstone/.local/share/Trash/info/000008.4.ppt.encrypted.016661bbbe211190.trashinfo
[2948] pool O /home/capstone/.local/share/Trash/info/000008.2.ppt.encrypted.edc5bd8b1d65b434.trashinfo
[2948] pool O /home/capstone/.local/share/Trash/info/000019.2.pdf.encrypted.58ee19933f90a020.trashinfo
[2948] pool O /home/capstone/.local/share/Trash/info/000062.html.encrypted.100b93810a5f4fc0.trashinfo
[2948] pool O /home/capstone/.local/share/Trash/info/000006.3.doc.encrypted.2931b308a084d454.trashinfo
[2948] pool O /home/capstone/.local/share/Trash/info/000017.4.swf.encrypted.bb593c5984891999.trashinfo
[2948] pool O /home/capstone/.local/share/Trash/info/000016.2.pdf.encrypted.affe7db897c3f373.trashinfo
[2948] pool O /home/capstone/.local/share/Trash/info/000001.4.doc.encrypted.afb9c49243869619.trashinfo
[2948] pool O /home/capstone/.local/share/Trash/info/000072.html.encrypted.02cad1eaf045f474.trashinfo
[2948] pool O /home/capstone/.local/share/Trash/info/000028.2.pdf.encrypted.95408723723848c8.trashinfo
[2948] pool O /home/capstone/.local/share/Trash/info/000049.xls.encrypted.9d9541bcf69140c0.trashinfo
[2948] pool O /home/capstone/.local/share/Trash/info/000086.txt.encrypted.d0aa0f6d1b4878fb.trashinfo
[2948] pool O /home/capstone/.local/share/Trash/info/000013.2.pdf.encrypted.7ed45a02f1b849c9.trashinfo
[2948] pool O /home/capstone/.local/share/Trash/info/000035.xls.encrypted.4af1d0c5ad6939b9.trashinfo
[2948] pool O /home/capstone/.local/share/Trash/info/000001.3.doc.encrypted.b22fdd1251cf9f1f.trashinfo
[2948] pool O /home/capstone/.local/share/Trash/info/000009.3.pdf.encrypted.bc4f1835dd56c645.trashinfo
[2948] pool O /home/capstone/.local/share/Trash/info/000032.xls.encrypted.a8167231fe0838bb.trashinfo
[2948] pool O /home/capstone/.local/share/Trash/info/000001.2.doc.encrypted.e5e3536036c31393.trashinfo
[2948] pool O /home/capstone/.local/share/Trash/info/000056.html.encrypted.996bf35e5c37e767.trashinfo
[2948] pool O /home/capstone/.local/share/Trash/info/000028.pdf.encrypted.dc6775a36e960585.trashinfo
[2948] pool O /home/capstone/.local/share/Trash/info/000020.3.pdf.encrypted.13bb42ca235ccd4d.trashinfo
[2948] pool O /home/capstone/.local/share/Trash/info/000001.doc.encrypted.8aac8494358575f5.trashinfo
[2948] pool O /home/capstone/.local/share/Trash/info/000029.2.pdf.encrypted.34aa66fd068b34bb.trashinfo
[2948] pool O /home/capstone/.local/share/Trash/info/000016.4.pdf.encrypted.07946afb01d222a2.trashinfo
[2948] pool O /home/capstone/.local/share/Trash/info/000005.2.doc.encrypted.b262c2687977c740.trashinfo
[2948] pool O /home/capstone/.local/share/Trash/info/000057.html.encrypted.0d9673d13aa61999.trashinfo
[2948] pool O /home/capstone/.local/share/Trash/info/000012.3.pdf.encrypted.bfdc7c9488d828a9.trashinfo
[2948] pool O /home/capstone/.local/share/Trash/info/000021.4.pdf.encrypted.adb81daca71565ea.trashinfo
[2948] pool O /home/capstone/.local/share/Trash/info/000005.4.doc.encrypted.1d1d762a5ff424a5.trashinfo
[2948] pool O /home/capstone/.local/share/Trash/info/000020.2.pdf.encrypted.56e64c37c84272f1.trashinfo
[2948] pool O /home/capstone/.local/share/Trash/info/000004.doc.encrypted.0a918a71637626a6.trashinfo
[2948] pool O /home/capstone/.local/share/Trash/info/000014.html.encrypted.bb6c7ada7439c949.trashinfo
[2948] pool O /home/capstone/.local/share/Trash/info/000087.txt.encrypted.876dd0ecd5f4e464.trashinfo
[2948] pool O /home/capstone/.local/share/Trash/info/000074.html.encrypted.f9b5d554cefd2cad.trashinfo
[2948] pool O /home/capstone/.local/share/Trash/info/000007.4.doc.encrypted.1fce1c428c271797.trashinfo
[2948] pool O /home/capstone/.local/share/Trash/info/000020.pdf.encrypted.1926fbf83f4d7dfe.trashinfo
[2948] pool O /home/capstone/.local/share/Trash/info/000007.doc.encrypted.eb9d1bf49a178707.trashinfo
[2948] pool O /home/capstone/.local/share/Trash/info/000015.4.pdf.encrypted.93dc97518ae41595.trashinfo
[2948] pool O /home/capstone/.local/share/Trash/info/000009.pdf.encrypted.48d1f488e6081898.trashinfo
[2948] pool O /home/capstone/.local/share/Trash/info/000085.txt.encrypted.b17ffb4771edbd3d.trashinfo
[2948] pool O /home/capstone/.local/share/Trash/info/000030.2.xls.encrypted.2aaf9df4efa2f272.trashinfo
[2948] pool O /home/capstone/.local/share/Trash/info/000003.4.doc.encrypted.0396e6c6b6c777f8.trashinfo
[2948] pool O /home/capstone/.local/share/Trash/info/000021.3.pdf.encrypted.cd101ca7658dfd7d.trashinfo
[2948] pool O /home/capstone/.local/share/Trash/info/000079.html.encrypted.cea64b7656f7c746.trashinfo
[2948] pool O /home/capstone/.local/share/Trash/info/000071.html.encrypted.59fa3113824373f2.trashinfo
[2948] pool O /home/capstone/.local/share/Trash/info/000055.xls.encrypted.cfcf0f34387363e3.trashinfo
[2948] pool O /home/capstone/.local/share/Trash/info/000073.html.encrypted.c0b3d4b81c908000.trashinfo
[2948] pool O /home/capstone/.local/share/Trash/info/000022.3.pdf.encrypted.669bd12f0038eb68.trashinfo
[2948] pool O /home/capstone/.local/share/Trash/info/000014.3.html.encrypted.f9ce50f7937444c4.trashinfo
[2948] pool O /home/capstone/.local/share/Trash/info/000002.4.doc.encrypted.57d34f69a1edfd7d.trashinfo
[2948] pool O /home/capstone/.local/share/Trash/info/000012.pdf.encrypted.436cdd7786629313.trashinfo
[2948] pool O /home/capstone/.local/share/Trash/info/000025.pdf.encrypted.bca57db6d129b636.trashinfo
[2948] pool O /home/capstone/.local/share/Trash/info/000019.pdf.encrypted.d020844b3c3e4ece.trashinfo
[2948] pool O /home/capstone/.local/share/Trash/info/000026.pdf.encrypted.113993ec546f3fbe.trashinfo
[2948] pool O /home/capstone/.local/share/Trash/info/000016.3.pdf.encrypted.0699a7ac973969e6.trashinfo
[2948] pool O /home/capstone/.local/share/Trash/info/000014.2.html.encrypted.c6c7c91cd7461697.trashinfo
[2948] pool O /home/capstone/.local/share/Trash/info/000066.html.encrypted.c47c79e32146b536.trashinfo
[2948] pool O /home/capstone/.local/share/Trash/info/000080.html.encrypted.043c0c784f8271f2.trashinfo
[2948] pool O /home/capstone/.local/share/Trash/info/000002.3.doc.encrypted.c97f4010e586d656.trashinfo
[2948] pool O /home/capstone/.local/share/Trash/info/000008.3.ppt.encrypted.6f2b64b596809011.trashinfo
[2948] pool O /home/capstone/.local/share/Trash/info/000082.txt.encrypted.ebcf576d1d6dfd7d.trashinfo
[2948] pool O /home/capstone/.local/share/Trash/info/000015.pdf.encrypted.b14a1b64871424a7.trashinfo
[2948] pool O /home/capstone/.local/share/Trash/info/000017.3.swf.encrypted.53f9b99888910080.trashinfo
[2948] pool O /home/capstone/.local/share/Trash/info/000008.ppt.encrypted.8fed32c2917c6cec.trashinfo
[2948] pool O /home/capstone/.local/share/Trash/info/000016.pdf.encrypted.35aa84d8c0902fa0.trashinfo
[2948] pool O /home/capstone/.local/share/Trash/info/000021.pdf.encrypted.30a1b3cdecb9a929.trashinfo
[2948] pool O /home/capstone/.local/share/Trash/info/000027.2.csv.encrypted.92f0c29e3dacdc5c.trashinfo
[2948] pool O /home/capstone/.local/share/Trash/info/000054.xls.encrypted.c4a4a726e2e81898.trashinfo
[2948] pool O /home/capstone/.local/share/Trash/info/000047.xls.encrypted.27de933950221292.trashinfo
[2948] pool O /home/capstone/.local/share/Trash/info/000024.2.pdf.encrypted.bf0ea6bbaf7f4fcf.trashinfo
[2948] pool O /home/capstone/.local/share/Trash/info/000003.doc.encrypted.c96cbe9b8311e161.trashinfo
[2948] pool O /home/capstone/.local/share/Trash/info/000043.xls.encrypted.5ae553ba556ebd3e.trashinfo
[2948] pool O /home/capstone/.local/share/Trash/info/000041.xls.encrypted.d195b7bd4db262e3.trashinfo
[2948] pool O /home/capstone/.local/share/Trash/info/000011.pdf.encrypted.b94b6d6cf0e838b8.trashinfo
[2948] pool O /home/capstone/.local/share/Trash/info/000017.2.swf.encrypted.8867a66f252030b1.trashinfo
[2948] pool O /home/capstone/.local/share/Trash/info/000003.2.doc.encrypted.4c019c62b0a839b9.trashinfo
[2948] pool O /home/capstone/.local/share/Trash/info/000036.xls.encrypted.be72a72048ae9e1e.trashinfo
[2948] pool O /home/capstone/.local/share/Trash/info/000013.pdf.encrypted.d449b30a2731ae21.trashinfo
[2948] pool O /home/capstone/.local/share/Trash/info/000068.html.encrypted.b603aa726e558505.trashinfo
[2948] pool O /home/capstone/.local/share/Trash/info/000005.3.doc.encrypted.d5596910f67626a7.trashinfo
[2948] pool O /home/capstone/.local/share/Trash/info/000010.3.pdf.encrypted.cc093c5ba1138302.trashinfo
[2948] pool O /home/capstone/.local/share/Trash/info/000018.4.pdf.encrypted.8de006187094e464.trashinfo
[2948] pool O /home/capstone/.local/share/Trash/info/000083.unk.encrypted.f67a28fe598cbc3d.trashinfo
[2948] pool O /home/capstone/.local/share/Trash/info/000018.2.pdf.encrypted.eba1902af3b120a1.trashinfo
[2918] ibus-engine-sim O /home/capstone/.config/ibus/bus/2bff01648ca94555b49cfb48f8161912-unix-wayland-0
[2918] ibus-engine-sim O /home/capstone/.config/ibus/bus/2bff01648ca94555b49cfb48f8161912-unix-wayland-0
[2682] ibus-extension- O /home/capstone/.config/ibus/bus/2bff01648ca94555b49cfb48f8161912-unix-wayland-0
[2681] ibus-dconf O /home/capstone/.config/ibus/bus/2bff01648ca94555b49cfb48f8161912-unix-wayland-0
[2681] ibus-dconf O /home/capstone/.config/ibus/bus/2bff01648ca94555b49cfb48f8161912-unix-wayland-0
[2688] ibus-portal O /home/capstone/.config/ibus/bus/2bff01648ca94555b49cfb48f8161912-unix-wayland-0
[2688] ibus-portal O /home/capstone/.config/ibus/bus/2bff01648ca94555b49cfb48f8161912-unix-wayland-0
[2682] ibus-extension- O /home/capstone/.config/ibus/bus/2bff01648ca94555b49cfb48f8161912-unix-wayland-0
[3229] ibus-x11 O /home/capstone/.config/ibus/bus/2bff01648ca94555b49cfb48f8161912-unix-wayland-0
[3229] ibus-x11 O /home/capstone/.config/ibus/bus/2bff01648ca94555b49cfb48f8161912-unix-wayland-0
[2421] gnome-shell O /home/capstone/.config/ibus/bus/2bff01648ca94555b49cfb48f8161912-unix-wayland-0
[2421] gnome-shell O /home/capstone/.config/ibus/bus/2bff01648ca94555b49cfb48f8161912-unix-wayland-0
[5339] systemd-journal D /run/systemd/journal/streams/9:38346
[2195] systemd D /run/user/1000/systemd/units/invocation:update-notifier-release.service
[1] systemd D /run/systemd/units/invocation:systemd-journald.service
[5518] systemd-journal D /run/systemd/journal/io.systemd.journal
[2421] pool-gnome-shel O /home/capstone/.config/ubuntu-mimeapps.list
[2421] pool-gnome-shel O /home/capstone/.config/gnome-mimeapps.list
[2421] pool-gnome-shel O /home/capstone/.config/mimeapps.list
[2421] pool-gnome-shel O /home/capstone/.local/share/desktop-directories
[5533] sshd O /home/capstone/.ssh/authorized_keys
[5533] sshd O /home/capstone/.ssh/authorized_keys
[5568] check-new-relea O /home/capstone/.local/share/glib-2.0/schemas/gschemas.compiled
[5568] check-new-relea O /home/capstone/.config/dconf/user
[5568] check-new-relea O /home/capstone//.local/share/icons/Yaru/cursors/
[5568] check-new-relea O /home/capstone//.local/share/icons/Yaru//index.theme
[5568] check-new-relea O /home/capstone//.icons/Yaru/cursors/
[5568] check-new-relea O /home/capstone//.icons/Yaru//index.theme
[5586] bash O /home/capstone/.bashrc
[5586] sudo C /home/capstone/.sudo_as_admin_successful
[5568] check-new-relea O /home/capstone//.cursors/Yaru/cursors/
[5565] check-new-relea D /var/lib/update-manager/meta-release-lts
[5568] check-new-relea O /home/capstone//.local/share/icons/Humanity/cursors/
[5568] check-new-relea O /home/capstone//.local/share/icons/Humanity//index.theme
[5568] check-new-relea O /home/capstone//.icons/Humanity/cursors/
[5568] check-new-relea O /home/capstone//.icons/Humanity//index.theme
[5568] check-new-relea O /home/capstone//.cursors/Humanity/cursors/
[5568] check-new-relea O /home/capstone//.local/share/icons/Adwaita/cursors/
[5568] check-new-relea O /home/capstone//.local/share/icons/Adwaita//index.theme
[5568] check-new-relea O /home/capstone//.icons/Adwaita/cursors/
[5568] check-new-relea O /home/capstone//.icons/Adwaita//index.theme
[1259] systemd-logind D /run/systemd/sessions/18.ref
[5568] check-new-relea O /home/capstone//.cursors/Adwaita/cursors/
[5568] check-new-relea O /home/capstone//.local/share/icons/hicolor/cursors/
[5568] check-new-relea O /home/capstone//.local/share/icons/hicolor//index.theme
[5568] check-new-relea O /home/capstone//.icons/hicolor/cursors/
[5568] check-new-relea O /home/capstone//.icons/hicolor//index.theme
[5568] check-new-relea O /home/capstone//.cursors/hicolor/cursors/
[5568] check-new-relea O /home/capstone//.cursors/hicolor//index.theme
[5568] check-new-relea O /home/capstone//.local/share/icons/hicolor/cursors/
[5568] check-new-relea O /home/capstone//.local/share/icons/hicolor//index.theme
[5568] check-new-relea O /home/capstone//.icons/hicolor/cursors/
[5568] check-new-relea O /home/capstone//.icons/hicolor//index.theme
[5568] check-new-relea O /home/capstone//.cursors/hicolor/cursors/
[5568] check-new-relea O /home/capstone//.cursors/hicolor//index.theme
[5568] check-new-relea O /home/capstone//.local/share/icons/hicolor/cursors/
[5568] check-new-relea O /home/capstone//.local/share/icons/hicolor//index.theme
[5568] check-new-relea O /home/capstone//.icons/hicolor/cursors/
[5568] check-new-relea O /home/capstone//.icons/hicolor//index.theme
[5568] check-new-relea O /home/capstone//.cursors/hicolor/cursors/
[5568] check-new-relea O /home/capstone//.cursors/hicolor//index.theme
[1] systemd D /run/systemd/units/invocation:session-18.scope
[1] systemd D /run/systemd/transient/session-18.scope
[1259] systemd-logind D /run/systemd/sessions/18
[5623] dpkg O /home/capstone/.dpkg.cfg
[5624] dpkg O /home/capstone/.dpkg.cfg
[2220] dbus-daemon O /home/capstone/.local/share/dbus-1/services
[5662] sshd O /home/capstone/.ssh/authorized_keys
[5662] sshd O /home/capstone/.ssh/authorized_keys
[5711] bash O /home/capstone/.bashrc
[5711] sudo C /home/capstone/.sudo_as_admin_successful
