[5015] sshd O /home/capstone/.ssh/authorized_keys
[5015] sshd O /home/capstone/.ssh/authorized_keys
[5062] bash O /home/capstone/.bashrc
[5063] rm D /tmp/malware_fail.log
[5062] bash O /home/capstone/project/run_malware_infected.sh
[5064] sudo C /home/capstone/.sudo_as_admin_successful
[5066] sudo C /home/capstone/.sudo_as_admin_successful
[1259] systemd-logind D /run/systemd/sessions/17.ref
[1] systemd D /run/systemd/units/invocation:session-17.scope
[1] systemd D /run/systemd/transient/session-17.scope
[1259] systemd-logind D /run/systemd/sessions/17
[2947] gvfsd-metadata C /home/capstone/.local/share/gvfs-metadata/home.KMQ2L3
[2947] gvfsd-metadata C /home/capstone/.local/share/gvfs-metadata/home-3ec330a6.log.Q7V2L3
[2947] gvfsd-metadata O /home/capstone/.local/share/gvfs-metadata/home
[2947] gvfsd-metadata O /home/capstone/.local/share/gvfs-metadata
[2947] gvfsd-metadata D /home/capstone/.local/share/gvfs-metadata/home-99b9ab4e.log
[2947] gvfsd-metadata O /home/capstone/.local/share/gvfs-metadata/home
[2947] gvfsd-metadata O /home/capstone/.local/share/gvfs-metadata/home-3ec330a6.log
[4876] cupsd D /etc/cups/subscriptions.conf.O
[369] systemd-journal D /run/systemd/journal/streams/9:38150
[1] systemd D /run/systemd/units/invocation:sysstat-collect.service
[5098] sshd O /home/capstone/.ssh/authorized_keys
[5098] sshd O /home/capstone/.ssh/authorized_keys
[5145] bash O /home/capstone/.bashrc
[5145] sudo C /home/capstone/.sudo_as_admin_successful
[1259] systemd-logind D /run/systemd/sessions/18.ref
[1] systemd D /run/systemd/units/invocation:session-18.scope
[1] systemd D /run/systemd/transient/session-18.scope
[1259] systemd-logind D /run/systemd/sessions/18
[5156] sshd O /home/capstone/.ssh/authorized_keys
[5156] sshd O /home/capstone/.ssh/authorized_keys
[5203] bash O /home/capstone/.bashrc
[5203] sudo C /home/capstone/.sudo_as_admin_successful
