[5030] sshd O /home/capstone/.ssh/authorized_keys
[5030] sshd O /home/capstone/.ssh/authorized_keys
[5074] bash O /home/capstone/.bashrc
[5075] rm D /tmp/malware_fail.log
[5074] bash O /home/capstone/project/run_malware_infected.sh
[5076] sudo C /home/capstone/.sudo_as_admin_successful
[5078] sudo C /home/capstone/.sudo_as_admin_successful
[1259] systemd-logind D /run/systemd/sessions/17.ref
[2947] gvfsd-metadata C /home/capstone/.local/share/gvfs-metadata/home.OHQ2L3
[2947] gvfsd-metadata C /home/capstone/.local/share/gvfs-metadata/home-3ec330a6.log.VUS2L3
[2947] gvfsd-metadata O /home/capstone/.local/share/gvfs-metadata/home
[2947] gvfsd-metadata O /home/capstone/.local/share/gvfs-metadata
[2947] gvfsd-metadata D /home/capstone/.local/share/gvfs-metadata/home-99b9ab4e.log
[2947] gvfsd-metadata O /home/capstone/.local/share/gvfs-metadata/home
[2947] gvfsd-metadata O /home/capstone/.local/share/gvfs-metadata/home-3ec330a6.log
[4886] cupsd D /etc/cups/subscriptions.conf.O
[5091] sshd O /home/capstone/.ssh/authorized_keys
[5091] sshd O /home/capstone/.ssh/authorized_keys
[5135] bash O /home/capstone/.bashrc
[5135] sudo C /home/capstone/.sudo_as_admin_successful
[1] systemd D /run/systemd/units/invocation:session-17.scope
[1] systemd D /run/systemd/transient/session-17.scope
[1259] systemd-logind D /run/systemd/sessions/17
[1] systemd D /run/systemd/units/invocation:session-18.scope
[1] systemd D /run/systemd/transient/session-18.scope
[1259] systemd-logind D /run/systemd/sessions/18.ref
[1259] systemd-logind D /run/systemd/sessions/18
[5149] sshd O /home/capstone/.ssh/authorized_keys
[5149] sshd O /home/capstone/.ssh/authorized_keys
[5196] bash O /home/capstone/.bashrc
[5196] sudo C /home/capstone/.sudo_as_admin_successful
