[5029] sshd O /home/capstone/.ssh/authorized_keys
[5029] sshd O /home/capstone/.ssh/authorized_keys
[5076] bash O /home/capstone/.bashrc
[5077] rm D /tmp/malware_fail.log
[5076] bash O /home/capstone/project/run_malware_infected.sh
[5078] sudo C /home/capstone/.sudo_as_admin_successful
[5080] sudo C /home/capstone/.sudo_as_admin_successful
[2947] gvfsd-metadata C /home/capstone/.local/share/gvfs-metadata/home.6VD2L3
[2947] gvfsd-metadata C /home/capstone/.local/share/gvfs-metadata/home-3ec330a6.log.0EG2L3
[2947] gvfsd-metadata O /home/capstone/.local/share/gvfs-metadata/home
[2947] gvfsd-metadata O /home/capstone/.local/share/gvfs-metadata
[2947] gvfsd-metadata D /home/capstone/.local/share/gvfs-metadata/home-99b9ab4e.log
[2947] gvfsd-metadata O /home/capstone/.local/share/gvfs-metadata/home
[2947] gvfsd-metadata O /home/capstone/.local/share/gvfs-metadata/home-3ec330a6.log
[4863] cupsd D /etc/cups/subscriptions.conf.O
[5087] sshd O /home/capstone/.ssh/authorized_keys
[5087] sshd O /home/capstone/.ssh/authorized_keys
[5131] bash O /home/capstone/.bashrc
[5131] sudo C /home/capstone/.sudo_as_admin_successful
[1259] systemd-logind D /run/systemd/sessions/18.ref
[1] systemd D /run/systemd/units/invocation:session-18.scope
[1] systemd D /run/systemd/transient/session-18.scope
[1259] systemd-logind D /run/systemd/sessions/18
[5142] sshd O /home/capstone/.ssh/authorized_keys
[5142] sshd O /home/capstone/.ssh/authorized_keys
[5189] bash O /home/capstone/.bashrc
[5189] sudo C /home/capstone/.sudo_as_admin_successful
