[5022] sshd O /home/capstone/.ssh/authorized_keys
[5022] sshd O /home/capstone/.ssh/authorized_keys
[5066] bash O /home/capstone/.bashrc
[5067] rm D /tmp/malware_fail.log
[5066] bash O /home/capstone/project/run_malware_infected.sh
[5068] sudo C /home/capstone/.sudo_as_admin_successful
[5070] sudo C /home/capstone/.sudo_as_admin_successful
[5071] bed5049fe66cfdb C /home/capstone/project/test_files/How To Restore Your Files.txt
[5071] bed5049fe66cfdb O /home/capstone/project/test_files
[5071] thread-pool-1 O /home/capstone/project/test_files/000765.log.babyk
[5071] thread-pool-2 O /home/capstone/project/test_files/000743.log.babyk
[5071] thread-pool-3 O /home/capstone/project/test_files/000698.log.babyk
[5071] thread-pool-0 O /home/capstone/project/test_files/000741.log.babyk
[5071] thread-pool-1 O /home/capstone/project/test_files/000699.log.babyk
[5071] thread-pool-2 O /home/capstone/project/test_files/000697.log.babyk
[1259] systemd-logind D /run/systemd/sessions/17.ref
[1] systemd D /run/systemd/units/invocation:session-17.scope
[1] systemd D /run/systemd/transient/session-17.scope
[1259] systemd-logind D /run/systemd/sessions/17
[2947] gvfsd-metadata C /home/capstone/.local/share/gvfs-metadata/home.LGQ3L3
[2947] gvfsd-metadata C /home/capstone/.local/share/gvfs-metadata/home-3ec330a6.log.KRP3L3
[2947] gvfsd-metadata O /home/capstone/.local/share/gvfs-metadata/home
[2947] gvfsd-metadata O /home/capstone/.local/share/gvfs-metadata
[2947] gvfsd-metadata D /home/capstone/.local/share/gvfs-metadata/home-99b9ab4e.log
[2947] gvfsd-metadata O /home/capstone/.local/share/gvfs-metadata/home
[2947] gvfsd-metadata O /home/capstone/.local/share/gvfs-metadata/home-3ec330a6.log
[4884] cupsd D /etc/cups/subscriptions.conf.O
[5089] sshd O /home/capstone/.ssh/authorized_keys
[5089] sshd O /home/capstone/.ssh/authorized_keys
[5133] bash O /home/capstone/.bashrc
[5133] sudo C /home/capstone/.sudo_as_admin_successful
[1259] systemd-logind D /run/systemd/sessions/19.ref
[1] systemd D /run/systemd/units/invocation:session-19.scope
[1] systemd D /run/systemd/transient/session-19.scope
[1259] systemd-logind D /run/systemd/sessions/19
[5147] sshd O /home/capstone/.ssh/authorized_keys
[5147] sshd O /home/capstone/.ssh/authorized_keys
[5191] bash O /home/capstone/.bashrc
[5191] sudo C /home/capstone/.sudo_as_admin_successful
