[5029] sshd O /home/capstone/.ssh/authorized_keys
[5029] sshd O /home/capstone/.ssh/authorized_keys
[5076] bash O /home/capstone/.bashrc
[5077] rm D /tmp/malware_fail.log
[5076] bash O /home/capstone/project/run_malware_infected.sh
[5078] sudo C /home/capstone/.sudo_as_admin_successful
[5080] sudo C /home/capstone/.sudo_as_admin_successful
[5081] dc90560d7198bf8 C /home/capstone/project/test_files/How To Restore Your Files.txt
[5081] dc90560d7198bf8 O /home/capstone/project/test_files
[5081] thread-pool-1 O /home/capstone/project/test_files/000741.log
[5081] thread-pool-0 O /home/capstone/project/test_files/000765.log
[5081] thread-pool-3 O /home/capstone/project/test_files/000698.log
[5081] thread-pool-2 O /home/capstone/project/test_files/000743.log
[5081] thread-pool-2 O /home/capstone/project/test_files/000699.log
[5081] thread-pool-1 O /home/capstone/project/test_files/000697.log
[1] systemd D /run/systemd/units/invocation:session-18.scope
[1259] systemd-logind D /run/systemd/sessions/18.ref
[1] systemd D /run/systemd/transient/session-18.scope
[1259] systemd-logind D /run/systemd/sessions/18
[2947] gvfsd-metadata C /home/capstone/.local/share/gvfs-metadata/home.5802L3
[2947] gvfsd-metadata C /home/capstone/.local/share/gvfs-metadata/home-3ec330a6.log.MO02L3
[2947] gvfsd-metadata O /home/capstone/.local/share/gvfs-metadata/home
[2947] gvfsd-metadata O /home/capstone/.local/share/gvfs-metadata
[2947] gvfsd-metadata D /home/capstone/.local/share/gvfs-metadata/home-99b9ab4e.log
[2947] gvfsd-metadata O /home/capstone/.local/share/gvfs-metadata/home
[2947] gvfsd-metadata O /home/capstone/.local/share/gvfs-metadata/home-3ec330a6.log
[4885] cupsd D /etc/cups/subscriptions.conf.O
[5102] sshd O /home/capstone/.ssh/authorized_keys
[5102] sshd O /home/capstone/.ssh/authorized_keys
[5146] bash O /home/capstone/.bashrc
[5146] sudo C /home/capstone/.sudo_as_admin_successful
[1259] systemd-logind D /run/systemd/sessions/19.ref
[1] systemd D /run/systemd/units/invocation:session-19.scope
[1] systemd D /run/systemd/transient/session-19.scope
[1259] systemd-logind D /run/systemd/sessions/19
[5157] sshd O /home/capstone/.ssh/authorized_keys
[5157] sshd O /home/capstone/.ssh/authorized_keys
[5201] bash O /home/capstone/.bashrc
[5201] sudo C /home/capstone/.sudo_as_admin_successful
