[6146] python3 O /home/capstone/project/simulate_ransomware.py
[6146] python3 O /home/capstone/project/simulate_ransomware.py
[6146] python3 O /home/capstone/project/test
[6146] python3 O /home/capstone/project/test/000084.txt
[6146] python3 C /home/capstone/project/test/000084.txt.encrypted
[6146] python3 D /home/capstone/project/test/000084.txt
[6146] python3 O /home/capstone/project/test/000033.xls
[6146] python3 C /home/capstone/project/test/000033.xls.encrypted
[6146] python3 D /home/capstone/project/test/000033.xls
[6146] python3 O /home/capstone/project/test/000074.html
[6146] python3 C /home/capstone/project/test/000074.html.encrypted
[6146] python3 D /home/capstone/project/test/000074.html
[6146] python3 O /home/capstone/project/test/000003.doc
[6146] python3 C /home/capstone/project/test/000003.doc.encrypted
[6146] python3 D /home/capstone/project/test/000003.doc
[6146] python3 O /home/capstone/project/test/000030.xls
[6146] python3 C /home/capstone/project/test/000030.xls.encrypted
[6146] python3 D /home/capstone/project/test/000030.xls
[6146] python3 O /home/capstone/project/test/000079.html
[6146] python3 C /home/capstone/project/test/000079.html.encrypted
[6146] python3 D /home/capstone/project/test/000079.html
[6146] python3 O /home/capstone/project/test/000018.pdf
[6146] python3 C /home/capstone/project/test/000018.pdf.encrypted
[6146] python3 D /home/capstone/project/test/000018.pdf
[6146] python3 O /home/capstone/project/test/000066.html
[6146] python3 C /home/capstone/project/test/000066.html.encrypted
[6146] python3 D /home/capstone/project/test/000066.html
[6146] python3 O /home/capstone/project/test/000053.xls
[6146] python3 C /home/capstone/project/test/000053.xls.encrypted
[6146] python3 D /home/capstone/project/test/000053.xls
[6146] python3 O /home/capstone/project/test/000044.xls
[6146] python3 C /home/capstone/project/test/000044.xls.encrypted
[6146] python3 D /home/capstone/project/test/000044.xls
[6146] python3 O /home/capstone/project/test/000062.html
[6146] python3 C /home/capstone/project/test/000062.html.encrypted
[6146] python3 D /home/capstone/project/test/000062.html
[6146] python3 O /home/capstone/project/test/000083.unk
[6146] python3 C /home/capstone/project/test/000083.unk.encrypted
[6146] python3 D /home/capstone/project/test/000083.unk
[6146] python3 O /home/capstone/project/test/000057.html
[6146] python3 C /home/capstone/project/test/000057.html.encrypted
[6146] python3 D /home/capstone/project/test/000057.html
[6146] python3 O /home/capstone/project/test/000029.pdf
[6146] python3 C /home/capstone/project/test/000029.pdf.encrypted
[6146] python3 D /home/capstone/project/test/000029.pdf
[6146] python3 O /home/capstone/project/test/000035.xls
[6146] python3 C /home/capstone/project/test/000035.xls.encrypted
[6146] python3 D /home/capstone/project/test/000035.xls
[6146] python3 O /home/capstone/project/test/000036.xls
[6146] python3 C /home/capstone/project/test/000036.xls.encrypted
[6146] python3 D /home/capstone/project/test/000036.xls
[6146] python3 O /home/capstone/project/test/000043.xls
[6146] python3 C /home/capstone/project/test/000043.xls.encrypted
[6146] python3 D /home/capstone/project/test/000043.xls
[6146] python3 O /home/capstone/project/test/000061.html
[6146] python3 C /home/capstone/project/test/000061.html.encrypted
[6146] python3 D /home/capstone/project/test/000061.html
[6146] python3 O /home/capstone/project/test/000088.txt
[6146] python3 C /home/capstone/project/test/000088.txt.encrypted
[6146] python3 D /home/capstone/project/test/000088.txt
[6146] python3 O /home/capstone/project/test/000046.xls
[6146] python3 C /home/capstone/project/test/000046.xls.encrypted
[6146] python3 D /home/capstone/project/test/000046.xls
[6146] python3 O /home/capstone/project/test/000068.html
[6146] python3 C /home/capstone/project/test/000068.html.encrypted
[6146] python3 D /home/capstone/project/test/000068.html
[6146] python3 O /home/capstone/project/test/000058.html
[6146] python3 C /home/capstone/project/test/000058.html.encrypted
[6146] python3 D /home/capstone/project/test/000058.html
[6146] python3 O /home/capstone/project/test/000005.doc
[6146] python3 C /home/capstone/project/test/000005.doc.encrypted
[6146] python3 D /home/capstone/project/test/000005.doc
[6146] python3 O /home/capstone/project/test/000019.pdf
[6146] python3 C /home/capstone/project/test/000019.pdf.encrypted
[6146] python3 D /home/capstone/project/test/000019.pdf
[6146] python3 O /home/capstone/project/test/000073.html
[6146] python3 C /home/capstone/project/test/000073.html.encrypted
[6146] python3 D /home/capstone/project/test/000073.html
[6146] python3 O /home/capstone/project/test/000017.swf
[6146] python3 C /home/capstone/project/test/000017.swf.encrypted
[6146] python3 D /home/capstone/project/test/000017.swf
[6146] python3 O /home/capstone/project/test/000032.xls
[6146] python3 C /home/capstone/project/test/000032.xls.encrypted
[6146] python3 D /home/capstone/project/test/000032.xls
[6146] python3 O /home/capstone/project/test/000009.pdf
[6146] python3 C /home/capstone/project/test/000009.pdf.encrypted
[6146] python3 D /home/capstone/project/test/000009.pdf
[6146] python3 O /home/capstone/project/test/000021.pdf
[6146] python3 C /home/capstone/project/test/000021.pdf.encrypted
[6146] python3 D /home/capstone/project/test/000021.pdf
[6146] python3 O /home/capstone/project/test/000080.html
[6146] python3 C /home/capstone/project/test/000080.html.encrypted
[6146] python3 D /home/capstone/project/test/000080.html
[6146] python3 O /home/capstone/project/test/000060.html
[6146] python3 C /home/capstone/project/test/000060.html.encrypted
[6146] python3 D /home/capstone/project/test/000060.html
[6146] python3 O /home/capstone/project/test/000085.txt
[6146] python3 C /home/capstone/project/test/000085.txt.encrypted
[6146] python3 D /home/capstone/project/test/000085.txt
[6146] python3 O /home/capstone/project/test/000070.html
[6146] python3 C /home/capstone/project/test/000070.html.encrypted
[6146] python3 D /home/capstone/project/test/000070.html
[6146] python3 O /home/capstone/project/test/000047.xls
[6146] python3 C /home/capstone/project/test/000047.xls.encrypted
[6146] python3 D /home/capstone/project/test/000047.xls
[6146] python3 O /home/capstone/project/test/000002.doc
[6146] python3 C /home/capstone/project/test/000002.doc.encrypted
[6146] python3 D /home/capstone/project/test/000002.doc
[6146] python3 O /home/capstone/project/test/000045.xls
[6146] python3 C /home/capstone/project/test/000045.xls.encrypted
[6146] python3 D /home/capstone/project/test/000045.xls
[6146] python3 O /home/capstone/project/test/000087.txt
[6146] python3 C /home/capstone/project/test/000087.txt.encrypted
[6146] python3 D /home/capstone/project/test/000087.txt
[6146] python3 O /home/capstone/project/test/000049.xls
[6146] python3 C /home/capstone/project/test/000049.xls.encrypted
[6146] python3 D /home/capstone/project/test/000049.xls
[6146] python3 O /home/capstone/project/test/000027.csv
[6146] python3 C /home/capstone/project/test/000027.csv.encrypted
[6146] python3 D /home/capstone/project/test/000027.csv
[6146] python3 O /home/capstone/project/test/000072.html
[6146] python3 C /home/capstone/project/test/000072.html.encrypted
[6146] python3 D /home/capstone/project/test/000072.html
[6146] python3 O /home/capstone/project/test/000000.swf
[6146] python3 C /home/capstone/project/test/000000.swf.encrypted
[6146] python3 D /home/capstone/project/test/000000.swf
[6146] python3 O /home/capstone/project/test/000059.html
[6146] python3 C /home/capstone/project/test/000059.html.encrypted
[6146] python3 D /home/capstone/project/test/000059.html
[6146] python3 O /home/capstone/project/test/000034.xls
[6146] python3 C /home/capstone/project/test/000034.xls.encrypted
[6146] python3 D /home/capstone/project/test/000034.xls
[6146] python3 O /home/capstone/project/test/000069.html
[6146] python3 C /home/capstone/project/test/000069.html.encrypted
[6146] python3 D /home/capstone/project/test/000069.html
[6146] python3 O /home/capstone/project/test/000022.pdf
[6146] python3 C /home/capstone/project/test/000022.pdf.encrypted
[6146] python3 D /home/capstone/project/test/000022.pdf
[6146] python3 O /home/capstone/project/test/000071.html
[6146] python3 C /home/capstone/project/test/000071.html.encrypted
[6146] python3 D /home/capstone/project/test/000071.html
[6146] python3 O /home/capstone/project/test/000004.doc
[6146] python3 C /home/capstone/project/test/000004.doc.encrypted
[6146] python3 D /home/capstone/project/test/000004.doc
[6146] python3 O /home/capstone/project/test/000007.doc
[6146] python3 C /home/capstone/project/test/000007.doc.encrypted
[6146] python3 D /home/capstone/project/test/000007.doc
[6146] python3 O /home/capstone/project/test/000082.txt
[6146] python3 C /home/capstone/project/test/000082.txt.encrypted
[6146] python3 D /home/capstone/project/test/000082.txt
[6146] python3 O /home/capstone/project/test/000014.html
[6146] python3 C /home/capstone/project/test/000014.html.encrypted
[6146] python3 D /home/capstone/project/test/000014.html
[6146] python3 O /home/capstone/project/test/000040.xls
[6146] python3 C /home/capstone/project/test/000040.xls.encrypted
[6146] python3 D /home/capstone/project/test/000040.xls
[6146] python3 O /home/capstone/project/test/000013.pdf
[6146] python3 C /home/capstone/project/test/000013.pdf.encrypted
[6146] python3 D /home/capstone/project/test/000013.pdf
[6146] python3 O /home/capstone/project/test/000015.pdf
[6146] python3 C /home/capstone/project/test/000015.pdf.encrypted
[6146] python3 D /home/capstone/project/test/000015.pdf
[6146] python3 O /home/capstone/project/test/000055.xls
[6146] python3 C /home/capstone/project/test/000055.xls.encrypted
[6146] python3 D /home/capstone/project/test/000055.xls
[6146] python3 O /home/capstone/project/test/000028.pdf
[6146] python3 C /home/capstone/project/test/000028.pdf.encrypted
[6146] python3 D /home/capstone/project/test/000028.pdf
[6146] python3 O /home/capstone/project/test/000001.doc
[6146] python3 C /home/capstone/project/test/000001.doc.encrypted
[6146] python3 D /home/capstone/project/test/000001.doc
[6146] python3 O /home/capstone/project/test/000067.xml
[6146] python3 C /home/capstone/project/test/000067.xml.encrypted
[6146] python3 D /home/capstone/project/test/000067.xml
[6146] python3 O /home/capstone/project/test/000042.xls
[6146] python3 C /home/capstone/project/test/000042.xls.encrypted
[6146] python3 D /home/capstone/project/test/000042.xls
[6146] python3 O /home/capstone/project/test/000054.xls
[6146] python3 C /home/capstone/project/test/000054.xls.encrypted
[6146] python3 D /home/capstone/project/test/000054.xls
[6146] python3 O /home/capstone/project/test/000016.pdf
[6146] python3 C /home/capstone/project/test/000016.pdf.encrypted
[6146] python3 D /home/capstone/project/test/000016.pdf
[6146] python3 O /home/capstone/project/test/000075.html
[6146] python3 C /home/capstone/project/test/000075.html.encrypted
[6146] python3 D /home/capstone/project/test/000075.html
[6146] python3 O /home/capstone/project/test/000056.html
[6146] python3 C /home/capstone/project/test/000056.html.encrypted
[6146] python3 D /home/capstone/project/test/000056.html
[6146] python3 O /home/capstone/project/test/000008.ppt
[6146] python3 C /home/capstone/project/test/000008.ppt.encrypted
[6146] python3 D /home/capstone/project/test/000008.ppt
[6146] python3 O /home/capstone/project/test/000086.txt
[6146] python3 C /home/capstone/project/test/000086.txt.encrypted
[6146] python3 D /home/capstone/project/test/000086.txt
[6146] python3 O /home/capstone/project/test/000041.xls
[6146] python3 C /home/capstone/project/test/000041.xls.encrypted
[6146] python3 D /home/capstone/project/test/000041.xls
[6146] python3 O /home/capstone/project/test/000020.pdf
[6146] python3 C /home/capstone/project/test/000020.pdf.encrypted
[6146] python3 D /home/capstone/project/test/000020.pdf
[6146] python3 O /home/capstone/project/test/000031.xls
[6146] python3 C /home/capstone/project/test/000031.xls.encrypted
[6146] python3 D /home/capstone/project/test/000031.xls
[6146] python3 O /home/capstone/project/test/000006.doc
[6146] python3 C /home/capstone/project/test/000006.doc.encrypted
[6146] python3 D /home/capstone/project/test/000006.doc
[6146] python3 O /home/capstone/project/test/000048.xls
[6146] python3 C /home/capstone/project/test/000048.xls.encrypted
[6146] python3 D /home/capstone/project/test/000048.xls
[6146] python3 O /home/capstone/project/test/000081.txt
[6146] python3 C /home/capstone/project/test/000081.txt.encrypted
[6146] python3 D /home/capstone/project/test/000081.txt
