[11453] sudo C /home/capstone/.sudo_as_admin_successful
[11455] 113c3c3aeafbc59 C /home/capstone/project/test_files/help-readme.txt
[11455] 113c3c3aeafbc59 O /home/capstone/project/test_files
[11455] thread-pool-0 O /home/capstone/project/test_files/data_161.log
[11455] thread-pool-1 O /home/capstone/project/test_files/data_306.log
[11455] thread-pool-2 O /home/capstone/project/test_files/data_187.log
[11455] thread-pool-3 O /home/capstone/project/test_files/data_411.log
[11455] thread-pool-2 O /home/capstone/project/test_files/data_924.log
[11455] thread-pool-1 O /home/capstone/project/test_files/data_114.log
[11455] thread-pool-0 O /home/capstone/project/test_files/data_126.log
[11455] thread-pool-3 O /home/capstone/project/test_files/data_660.log
[11455] thread-pool-2 O /home/capstone/project/test_files/data_817.log
[11455] thread-pool-1 O /home/capstone/project/test_files/data_819.log
[11455] thread-pool-3 O /home/capstone/project/test_files/data_786.log
[11455] thread-pool-0 O /home/capstone/project/test_files/data_291.log
[11455] thread-pool-1 O /home/capstone/project/test_files/data_323.log
[11455] thread-pool-2 O /home/capstone/project/test_files/data_774.log
[11455] thread-pool-3 O /home/capstone/project/test_files/data_983.log
[11455] thread-pool-0 O /home/capstone/project/test_files/data_993.log
[11455] thread-pool-2 O /home/capstone/project/test_files/data_68.log
[11455] thread-pool-3 O /home/capstone/project/test_files/data_537.log
[11455] thread-pool-1 O /home/capstone/project/test_files/data_335.log
[11455] thread-pool-0 O /home/capstone/project/test_files/data_378.log
[11455] thread-pool-3 O /home/capstone/project/test_files/data_210.log
[11455] thread-pool-2 O /home/capstone/project/test_files/data_227.log
[11455] thread-pool-1 O /home/capstone/project/test_files/data_49.log
[11455] thread-pool-0 O /home/capstone/project/test_files/data_738.log
[11455] thread-pool-2 O /home/capstone/project/test_files/data_380.log
[11455] thread-pool-3 O /home/capstone/project/test_files/data_921.log
[11455] thread-pool-0 O /home/capstone/project/test_files/data_351.log
[11455] thread-pool-1 O /home/capstone/project/test_files/data_645.log
[11455] thread-pool-3 O /home/capstone/project/test_files/data_831.log
[11455] thread-pool-2 O /home/capstone/project/test_files/data_528.log
[11455] thread-pool-1 O /home/capstone/project/test_files/data_932.log
[11455] thread-pool-0 O /home/capstone/project/test_files/data_354.log
[11455] thread-pool-3 O /home/capstone/project/test_files/data_205.log
[11455] thread-pool-2 O /home/capstone/project/test_files/data_181.log
[11455] thread-pool-3 O /home/capstone/project/test_files/data_787.log
[11455] thread-pool-2 O /home/capstone/project/test_files/data_206.log
[11455] thread-pool-1 O /home/capstone/project/test_files/data_99.log
[11455] thread-pool-0 O /home/capstone/project/test_files/data_893.log
[11455] thread-pool-2 O /home/capstone/project/test_files/data_570.log
[11455] thread-pool-2 O /home/capstone/project/test_files/data_925.log
[11455] thread-pool-1 O /home/capstone/project/test_files/data_125.log
[11455] thread-pool-3 O /home/capstone/project/test_files/data_540.log
[11455] thread-pool-2 O /home/capstone/project/test_files/data_960.log
[11455] thread-pool-0 O /home/capstone/project/test_files/data_252.log
[11455] thread-pool-2 O /home/capstone/project/test_files/data_117.log
[11455] thread-pool-3 O /home/capstone/project/test_files/data_810.log
[11455] thread-pool-1 O /home/capstone/project/test_files/data_923.log
[11455] thread-pool-0 O /home/capstone/project/test_files/data_937.log
[11455] thread-pool-2 O /home/capstone/project/test_files/data_554.log
[11455] thread-pool-1 O /home/capstone/project/test_files/data_128.log
[11455] thread-pool-3 O /home/capstone/project/test_files/data_785.log
[11455] thread-pool-0 O /home/capstone/project/test_files/data_653.log
[11455] thread-pool-2 O /home/capstone/project/test_files/data_657.log
[11455] thread-pool-0 O /home/capstone/project/test_files/data_271.log
[11455] thread-pool-3 O /home/capstone/project/test_files/data_958.log
[11455] thread-pool-1 O /home/capstone/project/test_files/data_506.log
[11455] thread-pool-3 O /home/capstone/project/test_files/data_363.log
[11455] thread-pool-2 O /home/capstone/project/test_files/data_166.log
[11455] thread-pool-1 O /home/capstone/project/test_files/data_40.log
[11455] thread-pool-0 O /home/capstone/project/test_files/data_322.log
[11455] thread-pool-3 O /home/capstone/project/test_files/data_358.log
[11455] thread-pool-2 O /home/capstone/project/test_files/data_281.log
[11455] thread-pool-0 O /home/capstone/project/test_files/data_908.log
[11455] thread-pool-1 O /home/capstone/project/test_files/data_79.log
[11455] thread-pool-3 O /home/capstone/project/test_files/data_992.log
[11455] thread-pool-0 O /home/capstone/project/test_files/data_466.log
[11455] thread-pool-1 O /home/capstone/project/test_files/data_226.log
[11455] thread-pool-2 O /home/capstone/project/test_files/data_531.log
[11455] thread-pool-3 O /home/capstone/project/test_files/data_865.log
[11455] thread-pool-0 O /home/capstone/project/test_files/data_879.log
[11455] thread-pool-2 O /home/capstone/project/test_files/data_421.log
[11455] thread-pool-1 O /home/capstone/project/test_files/data_131.log
[11455] thread-pool-3 O /home/capstone/project/test_files/data_446.log
[11455] thread-pool-0 O /home/capstone/project/test_files/data_719.log
[11455] thread-pool-2 O /home/capstone/project/test_files/data_619.log
[11455] thread-pool-1 O /home/capstone/project/test_files/data_933.log
[11455] thread-pool-0 O /home/capstone/project/test_files/data_548.log
[11455] thread-pool-3 O /home/capstone/project/test_files/data_789.log
[11455] thread-pool-2 O /home/capstone/project/test_files/data_406.log
[11455] thread-pool-1 O /home/capstone/project/test_files/data_1.log
[11455] thread-pool-2 O /home/capstone/project/test_files/data_487.log
[11455] thread-pool-1 O /home/capstone/project/test_files/data_987.log
[11455] thread-pool-3 O /home/capstone/project/test_files/data_177.log
[11455] thread-pool-1 O /home/capstone/project/test_files/data_585.log
[11455] thread-pool-0 O /home/capstone/project/test_files/data_884.log
[11455] thread-pool-1 O /home/capstone/project/test_files/data_988.log
[11455] thread-pool-3 O /home/capstone/project/test_files/data_426.log
[11455] thread-pool-1 O /home/capstone/project/test_files/data_678.log
[11455] thread-pool-2 O /home/capstone/project/test_files/data_101.log
[11455] thread-pool-1 O /home/capstone/project/test_files/data_60.log
[11455] thread-pool-0 O /home/capstone/project/test_files/data_799.log
[11455] thread-pool-1 O /home/capstone/project/test_files/data_16.log
[11455] thread-pool-3 O /home/capstone/project/test_files/data_493.log
[11455] thread-pool-1 O /home/capstone/project/test_files/data_646.log
[11455] thread-pool-1 O /home/capstone/project/test_files/data_750.log
[11455] thread-pool-0 O /home/capstone/project/test_files/data_251.log
[11455] thread-pool-2 O /home/capstone/project/test_files/data_372.log
[11455] thread-pool-1 O /home/capstone/project/test_files/data_186.log
[11455] thread-pool-3 O /home/capstone/project/test_files/data_745.log
[11455] thread-pool-1 O /home/capstone/project/test_files/data_977.log
[11455] thread-pool-1 O /home/capstone/project/test_files/data_337.log
[11455] thread-pool-0 O /home/capstone/project/test_files/data_875.log
[11455] thread-pool-1 O /home/capstone/project/test_files/data_320.log
[11455] thread-pool-1 O /home/capstone/project/test_files/data_298.log
[11455] thread-pool-2 O /home/capstone/project/test_files/data_283.log
[11455] thread-pool-3 O /home/capstone/project/test_files/data_735.log
[11455] thread-pool-1 O /home/capstone/project/test_files/data_45.log
[11455] thread-pool-2 O /home/capstone/project/test_files/data_202.log
[11455] thread-pool-1 O /home/capstone/project/test_files/data_650.log
[11455] thread-pool-0 O /home/capstone/project/test_files/data_149.log
[11455] thread-pool-1 O /home/capstone/project/test_files/data_607.log
[11455] thread-pool-0 O /home/capstone/project/test_files/data_546.log
[11455] thread-pool-1 O /home/capstone/project/test_files/data_513.log
[11455] thread-pool-3 O /home/capstone/project/test_files/data_265.log
[11455] thread-pool-2 O /home/capstone/project/test_files/data_294.log
[11455] thread-pool-1 O /home/capstone/project/test_files/data_763.log
[11455] thread-pool-3 O /home/capstone/project/test_files/data_119.log
[11455] thread-pool-1 O /home/capstone/project/test_files/data_891.log
[11455] thread-pool-1 O /home/capstone/project/test_files/data_445.log
[11455] thread-pool-0 O /home/capstone/project/test_files/data_741.log
[11455] thread-pool-2 O /home/capstone/project/test_files/data_346.log
[11455] thread-pool-1 O /home/capstone/project/test_files/data_103.log
[11455] thread-pool-1 O /home/capstone/project/test_files/data_812.log
[11455] thread-pool-3 O /home/capstone/project/test_files/data_507.log
[11455] thread-pool-0 O /home/capstone/project/test_files/data_76.log
[11455] thread-pool-1 O /home/capstone/project/test_files/data_895.log
[11455] thread-pool-2 O /home/capstone/project/test_files/data_979.log
[11455] thread-pool-1 O /home/capstone/project/test_files/data_907.log
[11455] thread-pool-1 O /home/capstone/project/test_files/data_910.log
[11455] thread-pool-3 O /home/capstone/project/test_files/data_48.log
[11455] thread-pool-0 O /home/capstone/project/test_files/data_9.log
[11455] thread-pool-1 O /home/capstone/project/test_files/data_582.log
[11455] thread-pool-2 O /home/capstone/project/test_files/data_318.log
[11455] thread-pool-1 O /home/capstone/project/test_files/data_292.log
[11455] thread-pool-0 O /home/capstone/project/test_files/data_788.log
[11455] thread-pool-1 O /home/capstone/project/test_files/data_288.log
[11455] thread-pool-1 O /home/capstone/project/test_files/data_332.log
[11455] thread-pool-3 O /home/capstone/project/test_files/data_373.log
[11455] thread-pool-2 O /home/capstone/project/test_files/data_978.log
[11455] thread-pool-1 O /home/capstone/project/test_files/data_499.log
[11455] thread-pool-0 O /home/capstone/project/test_files/data_159.log
[11455] thread-pool-1 O /home/capstone/project/test_files/data_687.log
[11455] thread-pool-1 O /home/capstone/project/test_files/data_485.log
[11455] thread-pool-2 O /home/capstone/project/test_files/data_241.log
[11455] thread-pool-1 O /home/capstone/project/test_files/data_124.log
[11455] thread-pool-1 O /home/capstone/project/test_files/data_44.log
[11455] thread-pool-3 O /home/capstone/project/test_files/data_141.log
[11455] thread-pool-1 O /home/capstone/project/test_files/data_753.log
[11455] thread-pool-0 O /home/capstone/project/test_files/data_284.log
[11455] thread-pool-1 O /home/capstone/project/test_files/data_696.log
[11455] thread-pool-2 O /home/capstone/project/test_files/data_609.log
[11455] thread-pool-3 O /home/capstone/project/test_files/data_848.log
[11455] thread-pool-0 O /home/capstone/project/test_files/data_751.log
[11455] thread-pool-1 O /home/capstone/project/test_files/data_666.log
[11455] thread-pool-2 O /home/capstone/project/test_files/data_717.log
[11455] thread-pool-3 O /home/capstone/project/test_files/data_749.log
[11455] thread-pool-1 O /home/capstone/project/test_files/data_250.log
[11455] thread-pool-0 O /home/capstone/project/test_files/data_589.log
[11455] thread-pool-2 O /home/capstone/project/test_files/data_951.log
[11455] thread-pool-1 O /home/capstone/project/test_files/data_670.log
[11455] thread-pool-0 O /home/capstone/project/test_files/data_914.log
[11455] thread-pool-3 O /home/capstone/project/test_files/data_190.log
[11455] thread-pool-2 O /home/capstone/project/test_files/data_41.log
[11455] thread-pool-1 O /home/capstone/project/test_files/data_956.log
[11455] thread-pool-3 O /home/capstone/project/test_files/data_800.log
[11455] thread-pool-0 O /home/capstone/project/test_files/data_716.log
[11455] thread-pool-2 O /home/capstone/project/test_files/data_778.log
[11455] thread-pool-3 O /home/capstone/project/test_files/data_780.log
[11455] thread-pool-1 O /home/capstone/project/test_files/data_783.log
[11455] thread-pool-0 O /home/capstone/project/test_files/data_402.log
[11455] thread-pool-2 O /home/capstone/project/test_files/data_397.log
[11455] thread-pool-3 O /home/capstone/project/test_files/data_843.log
[11455] thread-pool-1 O /home/capstone/project/test_files/data_19.log
[11455] thread-pool-0 O /home/capstone/project/test_files/data_10.log
[11455] thread-pool-2 O /home/capstone/project/test_files/data_826.log
[11455] thread-pool-2 O /home/capstone/project/test_files/data_880.log
[11455] thread-pool-1 O /home/capstone/project/test_files/data_228.log
[11455] thread-pool-2 O /home/capstone/project/test_files/data_861.log
[11455] thread-pool-0 O /home/capstone/project/test_files/data_885.log
[11455] thread-pool-3 O /home/capstone/project/test_files/data_269.log
[11455] thread-pool-2 O /home/capstone/project/test_files/data_465.log
[11455] thread-pool-2 O /home/capstone/project/test_files/data_424.log
[11455] thread-pool-1 O /home/capstone/project/test_files/data_580.log
[11455] thread-pool-0 O /home/capstone/project/test_files/data_631.log
[11455] thread-pool-3 O /home/capstone/project/test_files/data_617.log
[11455] thread-pool-2 O /home/capstone/project/test_files/data_919.log
[11455] thread-pool-2 O /home/capstone/project/test_files/data_316.log
[11455] thread-pool-0 O /home/capstone/project/test_files/data_383.log
[11455] thread-pool-3 O /home/capstone/project/test_files/data_562.log
[11455] thread-pool-2 O /home/capstone/project/test_files/data_681.log
[11455] thread-pool-2 O /home/capstone/project/test_files/data_58.log
[11455] thread-pool-1 O /home/capstone/project/test_files/data_302.log
[11455] thread-pool-3 O /home/capstone/project/test_files/data_734.log
[11455] thread-pool-2 O /home/capstone/project/test_files/data_441.log
[11455] thread-pool-0 O /home/capstone/project/test_files/data_950.log
[11455] thread-pool-2 O /home/capstone/project/test_files/data_136.log
[11455] thread-pool-1 O /home/capstone/project/test_files/data_986.log
[11455] thread-pool-2 O /home/capstone/project/test_files/data_976.log
[11455] thread-pool-0 O /home/capstone/project/test_files/data_285.log
[11455] thread-pool-2 O /home/capstone/project/test_files/data_618.log
[11455] thread-pool-3 O /home/capstone/project/test_files/data_754.log
[11455] thread-pool-1 O /home/capstone/project/test_files/data_454.log
[11455] thread-pool-2 O /home/capstone/project/test_files/data_326.log
[11455] thread-pool-0 O /home/capstone/project/test_files/data_643.log
[11455] thread-pool-2 O /home/capstone/project/test_files/data_890.log
[11455] thread-pool-2 O /home/capstone/project/test_files/data_260.log
[11455] thread-pool-1 O /home/capstone/project/test_files/data_489.log
[11455] thread-pool-0 O /home/capstone/project/test_files/data_391.log
[11455] thread-pool-2 O /home/capstone/project/test_files/data_855.log
[11455] thread-pool-3 O /home/capstone/project/test_files/data_144.log
[11455] thread-pool-2 O /home/capstone/project/test_files/data_591.log
[11455] thread-pool-1 O /home/capstone/project/test_files/data_162.log
[11455] thread-pool-0 O /home/capstone/project/test_files/data_450.log
[11455] thread-pool-2 O /home/capstone/project/test_files/data_600.log
[11455] thread-pool-3 O /home/capstone/project/test_files/data_718.log
[11455] thread-pool-0 O /home/capstone/project/test_files/data_916.log
[11455] thread-pool-3 O /home/capstone/project/test_files/data_858.log
[11455] thread-pool-2 O /home/capstone/project/test_files/data_70.log
[11455] thread-pool-1 O /home/capstone/project/test_files/data_900.log
[11455] thread-pool-1 O /home/capstone/project/test_files/data_765.log
[11455] thread-pool-0 O /home/capstone/project/test_files/data_866.log
[11455] thread-pool-3 O /home/capstone/project/test_files/data_374.log
[11455] thread-pool-2 O /home/capstone/project/test_files/data_199.log
[11455] thread-pool-1 O /home/capstone/project/test_files/data_133.log
[11455] thread-pool-3 O /home/capstone/project/test_files/data_516.log
[11455] thread-pool-0 O /home/capstone/project/test_files/data_253.log
[11455] thread-pool-2 O /home/capstone/project/test_files/data_837.log
[11455] thread-pool-3 O /home/capstone/project/test_files/data_32.log
[11455] thread-pool-1 O /home/capstone/project/test_files/data_869.log
[11455] thread-pool-0 O /home/capstone/project/test_files/data_27.log
[11455] thread-pool-3 O /home/capstone/project/test_files/data_270.log
[11455] thread-pool-2 O /home/capstone/project/test_files/data_208.log
[11455] thread-pool-1 O /home/capstone/project/test_files/data_686.log
[11455] thread-pool-0 O /home/capstone/project/test_files/data_72.log
[11455] thread-pool-2 O /home/capstone/project/test_files/data_996.log
[11455] thread-pool-3 O /home/capstone/project/test_files/data_64.log
[11455] thread-pool-1 O /home/capstone/project/test_files/data_370.log
[11455] thread-pool-2 O /home/capstone/project/test_files/data_946.log
[11455] thread-pool-1 O /home/capstone/project/test_files/data_967.log
[11455] thread-pool-0 O /home/capstone/project/test_files/data_78.log
[11455] thread-pool-3 O /home/capstone/project/test_files/data_22.log
[11455] thread-pool-2 O /home/capstone/project/test_files/data_906.log
[11455] thread-pool-1 O /home/capstone/project/test_files/data_811.log
[11455] thread-pool-3 O /home/capstone/project/test_files/data_642.log
[11455] thread-pool-2 O /home/capstone/project/test_files/data_278.log
[11455] thread-pool-0 O /home/capstone/project/test_files/data_223.log
[11455] thread-pool-3 O /home/capstone/project/test_files/data_491.log
[11455] thread-pool-2 O /home/capstone/project/test_files/data_873.log
[11455] thread-pool-1 O /home/capstone/project/test_files/data_235.log
[11455] thread-pool-0 O /home/capstone/project/test_files/data_911.log
[11455] thread-pool-2 O /home/capstone/project/test_files/data_679.log
[11455] thread-pool-1 O /home/capstone/project/test_files/data_501.log
[11455] thread-pool-0 O /home/capstone/project/test_files/data_805.log
[11455] thread-pool-3 O /home/capstone/project/test_files/data_142.log
[11455] thread-pool-2 O /home/capstone/project/test_files/data_515.log
[11455] thread-pool-0 O /home/capstone/project/test_files/data_197.log
[11455] thread-pool-1 O /home/capstone/project/test_files/data_640.log
[11455] thread-pool-3 O /home/capstone/project/test_files/data_317.log
[11455] thread-pool-2 O /home/capstone/project/test_files/data_572.log
[11455] thread-pool-0 O /home/capstone/project/test_files/data_496.log
[11455] thread-pool-1 O /home/capstone/project/test_files/data_307.log
[11455] thread-pool-2 O /home/capstone/project/test_files/data_568.log
[11455] thread-pool-0 O /home/capstone/project/test_files/data_586.log
[11455] thread-pool-1 O /home/capstone/project/test_files/data_707.log
[11455] thread-pool-3 O /home/capstone/project/test_files/data_387.log
[11455] thread-pool-1 O /home/capstone/project/test_files/data_224.log
[11455] thread-pool-3 O /home/capstone/project/test_files/data_476.log
[11455] thread-pool-0 O /home/capstone/project/test_files/data_856.log
[11455] thread-pool-2 O /home/capstone/project/test_files/data_156.log
[11455] thread-pool-1 O /home/capstone/project/test_files/data_86.log
[11455] thread-pool-3 O /home/capstone/project/test_files/data_218.log
[11455] thread-pool-0 O /home/capstone/project/test_files/data_331.log
[11455] thread-pool-2 O /home/capstone/project/test_files/data_255.log
[11455] thread-pool-3 O /home/capstone/project/test_files/data_981.log
[11455] thread-pool-0 O /home/capstone/project/test_files/data_473.log
[11455] thread-pool-1 O /home/capstone/project/test_files/data_596.log
[11455] thread-pool-2 O /home/capstone/project/test_files/data_999.log
[11455] thread-pool-3 O /home/capstone/project/test_files/data_675.log
[11455] thread-pool-1 O /home/capstone/project/test_files/data_452.log
[11455] thread-pool-0 O /home/capstone/project/test_files/data_517.log
[11455] thread-pool-2 O /home/capstone/project/test_files/data_39.log
[11455] thread-pool-3 O /home/capstone/project/test_files/data_803.log
[11455] thread-pool-1 O /home/capstone/project/test_files/data_189.log
[11455] thread-pool-0 O /home/capstone/project/test_files/data_723.log
[11455] thread-pool-2 O /home/capstone/project/test_files/data_65.log
[11455] thread-pool-3 O /home/capstone/project/test_files/data_89.log
[11455] thread-pool-1 O /home/capstone/project/test_files/data_689.log
[11455] thread-pool-0 O /home/capstone/project/test_files/data_990.log
[11455] thread-pool-2 O /home/capstone/project/test_files/data_158.log
[11455] thread-pool-1 O /home/capstone/project/test_files/data_416.log
[11455] thread-pool-0 O /home/capstone/project/test_files/data_381.log
[11455] thread-pool-3 O /home/capstone/project/test_files/data_699.log
[11455] thread-pool-1 O /home/capstone/project/test_files/000741.log
[11455] thread-pool-0 O /home/capstone/project/test_files/data_43.log
[11455] thread-pool-1 O /home/capstone/project/test_files/data_510.log
[11455] thread-pool-3 O /home/capstone/project/test_files/data_571.log
[11455] thread-pool-2 O /home/capstone/project/test_files/data_715.log
[11455] thread-pool-1 O /home/capstone/project/test_files/data_13.log
[11455] thread-pool-2 O /home/capstone/project/test_files/data_431.log
[11455] thread-pool-0 O /home/capstone/project/test_files/data_697.log
[11455] thread-pool-3 O /home/capstone/project/test_files/data_196.log
[11455] thread-pool-1 O /home/capstone/project/test_files/data_547.log
[11455] thread-pool-0 O /home/capstone/project/test_files/data_339.log
[11455] thread-pool-2 O /home/capstone/project/test_files/data_816.log
[11455] thread-pool-3 O /home/capstone/project/test_files/data_566.log
[11455] thread-pool-1 O /home/capstone/project/test_files/data_729.log
[11455] thread-pool-0 O /home/capstone/project/test_files/data_834.log
[11455] thread-pool-2 O /home/capstone/project/test_files/data_321.log
[11455] thread-pool-1 O /home/capstone/project/test_files/data_334.log
[11455] thread-pool-0 O /home/capstone/project/test_files/data_539.log
[11455] thread-pool-2 O /home/capstone/project/test_files/data_399.log
[11455] thread-pool-3 O /home/capstone/project/test_files/data_622.log
[11455] thread-pool-1 O /home/capstone/project/test_files/data_558.log
[11455] thread-pool-2 O /home/capstone/project/test_files/data_633.log
[11455] thread-pool-0 O /home/capstone/project/test_files/data_553.log
[11455] thread-pool-3 O /home/capstone/project/test_files/data_769.log
[11455] thread-pool-2 O /home/capstone/project/test_files/data_725.log
[11455] thread-pool-3 O /home/capstone/project/test_files/data_148.log
[11455] thread-pool-1 O /home/capstone/project/test_files/data_836.log
[11455] thread-pool-0 O /home/capstone/project/test_files/data_847.log
[11455] thread-pool-2 O /home/capstone/project/test_files/data_767.log
[11455] thread-pool-1 O /home/capstone/project/test_files/data_602.log
[11455] thread-pool-0 O /home/capstone/project/test_files/data_871.log
[11455] thread-pool-3 O /home/capstone/project/test_files/data_154.log
[11455] thread-pool-2 O /home/capstone/project/test_files/data_728.log
[11455] thread-pool-2 O /home/capstone/project/test_files/data_882.log
[11455] thread-pool-0 O /home/capstone/project/test_files/data_376.log
[11455] thread-pool-1 O /home/capstone/project/test_files/data_931.log
[11455] thread-pool-3 O /home/capstone/project/test_files/data_63.log
[11455] thread-pool-2 O /home/capstone/project/test_files/data_35.log
[11455] thread-pool-1 O /home/capstone/project/test_files/data_969.log
[11455] thread-pool-0 O /home/capstone/project/test_files/data_172.log
[11455] thread-pool-2 O /home/capstone/project/test_files/data_442.log
[11455] thread-pool-1 O /home/capstone/project/test_files/data_179.log
[11455] thread-pool-3 O /home/capstone/project/test_files/data_213.log
[11455] thread-pool-1 O /home/capstone/project/test_files/data_677.log
[11455] thread-pool-3 O /home/capstone/project/test_files/data_192.log
[11455] thread-pool-1 O /home/capstone/project/test_files/data_475.log
[11455] thread-pool-3 O /home/capstone/project/test_files/data_198.log
[11455] thread-pool-3 O /home/capstone/project/test_files/data_943.log
[11455] thread-pool-2 O /home/capstone/project/test_files/data_823.log
[11455] thread-pool-0 O /home/capstone/project/test_files/data_437.log
[11455] thread-pool-1 O /home/capstone/project/test_files/data_289.log
[11455] thread-pool-3 O /home/capstone/project/test_files/data_498.log
[11455] thread-pool-2 O /home/capstone/project/test_files/data_700.log
[11455] thread-pool-0 O /home/capstone/project/test_files/data_268.log
[11455] thread-pool-1 O /home/capstone/project/test_files/data_682.log
[11455] thread-pool-3 O /home/capstone/project/test_files/data_551.log
[11455] thread-pool-2 O /home/capstone/project/test_files/data_188.log
[11455] thread-pool-3 O /home/capstone/project/test_files/data_502.log
[11455] thread-pool-0 O /home/capstone/project/test_files/data_137.log
[11455] thread-pool-1 O /home/capstone/project/test_files/data_249.log
[11455] thread-pool-2 O /home/capstone/project/test_files/data_266.log
[11455] thread-pool-3 O /home/capstone/project/test_files/data_309.log
[11455] thread-pool-1 O /home/capstone/project/test_files/data_560.log
[11455] thread-pool-0 O /home/capstone/project/test_files/data_518.log
[11455] thread-pool-3 O /home/capstone/project/test_files/data_542.log
[11455] thread-pool-0 O /home/capstone/project/test_files/data_203.log
[11455] thread-pool-2 O /home/capstone/project/test_files/data_654.log
[11455] thread-pool-0 O /home/capstone/project/test_files/data_367.log
[11455] thread-pool-0 O /home/capstone/project/test_files/data_457.log
[11455] thread-pool-3 O /home/capstone/project/test_files/data_480.log
[11455] thread-pool-1 O /home/capstone/project/test_files/data_248.log
[11455] thread-pool-2 O /home/capstone/project/test_files/data_211.log
[11455] thread-pool-0 O /home/capstone/project/test_files/data_625.log
[11455] thread-pool-1 O /home/capstone/project/test_files/data_927.log
[11455] thread-pool-2 O /home/capstone/project/test_files/data_940.log
[11455] thread-pool-3 O /home/capstone/project/test_files/data_456.log
[11455] thread-pool-0 O /home/capstone/project/test_files/data_204.log
[11455] thread-pool-2 O /home/capstone/project/test_files/data_835.log
[11455] thread-pool-1 O /home/capstone/project/test_files/data_325.log
[11455] thread-pool-0 O /home/capstone/project/test_files/data_795.log
[11455] thread-pool-3 O /home/capstone/project/test_files/data_529.log
[11455] thread-pool-1 O /home/capstone/project/test_files/data_913.log
[11455] thread-pool-2 O /home/capstone/project/test_files/data_995.log
[11455] thread-pool-3 O /home/capstone/project/test_files/data_621.log
[11455] thread-pool-0 O /home/capstone/project/test_files/data_850.log
[11455] thread-pool-1 O /home/capstone/project/test_files/data_484.log
[11455] thread-pool-2 O /home/capstone/project/test_files/data_759.log
[11455] thread-pool-3 O /home/capstone/project/test_files/data_918.log
[11455] thread-pool-1 O /home/capstone/project/test_files/data_505.log
[11455] thread-pool-0 O /home/capstone/project/test_files/data_664.log
[11455] thread-pool-3 O /home/capstone/project/test_files/data_299.log
[11455] thread-pool-3 O /home/capstone/project/test_files/data_495.log
[11455] thread-pool-2 O /home/capstone/project/test_files/data_327.log
[11455] thread-pool-1 O /home/capstone/project/test_files/data_668.log
[11455] thread-pool-3 O /home/capstone/project/test_files/data_139.log
[11455] thread-pool-0 O /home/capstone/project/test_files/data_647.log
[11455] thread-pool-3 O /home/capstone/project/test_files/data_105.log
[11455] thread-pool-2 O /home/capstone/project/test_files/data_386.log
[11455] thread-pool-1 O /home/capstone/project/test_files/data_889.log
[11455] thread-pool-3 O /home/capstone/project/test_files/data_365.log
[11455] thread-pool-0 O /home/capstone/project/test_files/data_764.log
[11455] thread-pool-3 O /home/capstone/project/test_files/data_590.log
[11455] thread-pool-2 O /home/capstone/project/test_files/data_50.log
[11455] thread-pool-1 O /home/capstone/project/test_files/data_479.log
[11455] thread-pool-3 O /home/capstone/project/test_files/data_627.log
[11455] thread-pool-3 O /home/capstone/project/test_files/data_766.log
[11455] thread-pool-3 O /home/capstone/project/test_files/data_579.log
[11455] thread-pool-0 O /home/capstone/project/test_files/data_21.log
[11455] thread-pool-3 O /home/capstone/project/test_files/data_612.log
[11455] thread-pool-3 O /home/capstone/project/test_files/data_88.log
[11455] thread-pool-2 O /home/capstone/project/test_files/data_428.log
[11455] thread-pool-1 O /home/capstone/project/test_files/data_231.log
[11455] thread-pool-0 O /home/capstone/project/test_files/data_997.log
[11455] thread-pool-3 O /home/capstone/project/test_files/data_903.log
[11455] thread-pool-3 O /home/capstone/project/test_files/data_536.log
[11455] thread-pool-2 O /home/capstone/project/test_files/data_463.log
[11455] thread-pool-3 O /home/capstone/project/test_files/data_185.log
[11455] thread-pool-1 O /home/capstone/project/test_files/data_581.log
[11455] thread-pool-0 O /home/capstone/project/test_files/data_222.log
[11455] thread-pool-3 O /home/capstone/project/test_files/data_897.log
[11455] thread-pool-3 O /home/capstone/project/test_files/data_833.log
[11455] thread-pool-2 O /home/capstone/project/test_files/data_965.log
[11455] thread-pool-3 O /home/capstone/project/test_files/data_258.log
[11455] thread-pool-0 O /home/capstone/project/test_files/data_533.log
[11455] thread-pool-3 O /home/capstone/project/test_files/data_110.log
[11455] thread-pool-1 O /home/capstone/project/test_files/data_740.log
[11455] thread-pool-3 O /home/capstone/project/test_files/data_860.log
[11455] thread-pool-2 O /home/capstone/project/test_files/data_464.log
[11455] thread-pool-0 O /home/capstone/project/test_files/data_636.log
[11455] thread-pool-3 O /home/capstone/project/test_files/data_130.log
[11455] thread-pool-1 O /home/capstone/project/test_files/data_608.log
[11455] thread-pool-3 O /home/capstone/project/test_files/data_234.log
[11455] thread-pool-2 O /home/capstone/project/test_files/data_883.log
[11455] thread-pool-0 O /home/capstone/project/test_files/data_433.log
[11455] thread-pool-3 O /home/capstone/project/test_files/data_112.log
[11455] thread-pool-3 O /home/capstone/project/test_files/data_695.log
[11455] thread-pool-2 O /home/capstone/project/test_files/data_747.log
[11455] thread-pool-3 O /home/capstone/project/test_files/data_175.log
[11455] thread-pool-0 O /home/capstone/project/test_files/data_644.log
[11455] thread-pool-3 O /home/capstone/project/test_files/data_857.log
[11455] thread-pool-1 O /home/capstone/project/test_files/data_486.log
[11455] thread-pool-3 O /home/capstone/project/test_files/data_481.log
[11455] thread-pool-3 O /home/capstone/project/test_files/data_300.log
[11455] thread-pool-0 O /home/capstone/project/test_files/data_658.log
[11455] thread-pool-2 O /home/capstone/project/test_files/data_14.log
[11455] thread-pool-1 O /home/capstone/project/test_files/data_247.log
[11455] thread-pool-3 O /home/capstone/project/test_files/data_576.log
[11455] thread-pool-3 O /home/capstone/project/test_files/data_432.log
[11455] thread-pool-3 O /home/capstone/project/test_files/data_930.log
[11455] thread-pool-0 O /home/capstone/project/test_files/data_577.log
[11455] thread-pool-2 O /home/capstone/project/test_files/data_807.log
[11455] thread-pool-3 O /home/capstone/project/test_files/data_338.log
[11455] thread-pool-1 O /home/capstone/project/test_files/data_781.log
[11455] thread-pool-3 O /home/capstone/project/test_files/data_474.log
[11455] thread-pool-0 O /home/capstone/project/test_files/data_81.log
[11455] thread-pool-3 O /home/capstone/project/test_files/data_106.log
[11455] thread-pool-2 O /home/capstone/project/test_files/data_877.log
[11455] thread-pool-1 O /home/capstone/project/test_files/data_319.log
[11455] thread-pool-3 O /home/capstone/project/test_files/data_971.log
[11455] thread-pool-3 O /home/capstone/project/test_files/data_201.log
[11455] thread-pool-2 O /home/capstone/project/test_files/data_459.log
[11455] thread-pool-1 O /home/capstone/project/test_files/data_341.log
[11455] thread-pool-3 O /home/capstone/project/test_files/data_468.log
[11455] thread-pool-0 O /home/capstone/project/test_files/data_118.log
[11455] thread-pool-3 O /home/capstone/project/test_files/data_957.log
[11455] thread-pool-3 O /home/capstone/project/test_files/data_77.log
[11455] thread-pool-2 O /home/capstone/project/test_files/data_164.log
[11455] thread-pool-1 O /home/capstone/project/test_files/data_555.log
[11455] thread-pool-3 O /home/capstone/project/test_files/data_470.log
[11455] thread-pool-3 O /home/capstone/project/test_files/data_385.log
[11455] thread-pool-0 O /home/capstone/project/test_files/data_634.log
[11455] thread-pool-3 O /home/capstone/project/test_files/data_225.log
[11455] thread-pool-1 O /home/capstone/project/test_files/data_173.log
[11455] thread-pool-3 O /home/capstone/project/test_files/data_779.log
[11455] thread-pool-2 O /home/capstone/project/test_files/data_704.log
[11455] thread-pool-0 O /home/capstone/project/test_files/data_808.log
[11455] thread-pool-3 O /home/capstone/project/test_files/data_784.log
[11455] thread-pool-1 O /home/capstone/project/test_files/data_665.log
[11455] thread-pool-0 O /home/capstone/project/test_files/data_356.log
[11455] thread-pool-2 O /home/capstone/project/test_files/data_24.log
[11455] thread-pool-1 O /home/capstone/project/test_files/data_83.log
[11455] thread-pool-3 O /home/capstone/project/test_files/data_711.log
[11455] thread-pool-2 O /home/capstone/project/test_files/data_67.log
[11455] thread-pool-3 O /home/capstone/project/test_files/data_514.log
[11455] thread-pool-0 O /home/capstone/project/test_files/data_942.log
[11455] thread-pool-3 O /home/capstone/project/test_files/data_841.log
[11455] thread-pool-3 O /home/capstone/project/test_files/data_352.log
[11455] thread-pool-3 O /home/capstone/project/test_files/data_398.log
[11455] thread-pool-0 O /home/capstone/project/test_files/data_945.log
[11455] thread-pool-2 O /home/capstone/project/test_files/data_757.log
[11455] thread-pool-1 O /home/capstone/project/test_files/data_219.log
[11455] thread-pool-3 O /home/capstone/project/test_files/data_443.log
[11455] thread-pool-0 O /home/capstone/project/test_files/data_863.log
[11455] thread-pool-3 O /home/capstone/project/test_files/data_944.log
[11455] thread-pool-3 O /home/capstone/project/test_files/data_59.log
[11455] thread-pool-1 O /home/capstone/project/test_files/data_680.log
[11455] thread-pool-0 O /home/capstone/project/test_files/data_296.log
[11455] thread-pool-2 O /home/capstone/project/test_files/data_532.log
[11455] thread-pool-3 O /home/capstone/project/test_files/data_180.log
[11455] thread-pool-1 O /home/capstone/project/test_files/data_230.log
[11455] thread-pool-3 O /home/capstone/project/test_files/data_947.log
[11455] thread-pool-0 O /home/capstone/project/test_files/data_961.log
[11455] thread-pool-2 O /home/capstone/project/test_files/data_592.log
[11455] thread-pool-3 O /home/capstone/project/test_files/data_588.log
[11455] thread-pool-3 O /home/capstone/project/test_files/000765.log
[11455] thread-pool-1 O /home/capstone/project/test_files/data_368.log
[11455] thread-pool-3 O /home/capstone/project/test_files/data_355.log
[11455] thread-pool-3 O /home/capstone/project/test_files/data_138.log
[11455] thread-pool-0 O /home/capstone/project/test_files/data_521.log
[11455] thread-pool-2 O /home/capstone/project/test_files/data_389.log
[11455] thread-pool-1 O /home/capstone/project/test_files/data_520.log
[11455] thread-pool-3 O /home/capstone/project/test_files/data_939.log
[11455] thread-pool-0 O /home/capstone/project/test_files/data_761.log
[11455] thread-pool-3 O /home/capstone/project/test_files/data_512.log
[11455] thread-pool-2 O /home/capstone/project/test_files/data_53.log
[11455] thread-pool-1 O /home/capstone/project/test_files/data_245.log
[11455] thread-pool-3 O /home/capstone/project/test_files/data_392.log
[11455] thread-pool-3 O /home/capstone/project/test_files/data_821.log
[11455] thread-pool-0 O /home/capstone/project/test_files/data_4.log
[11455] thread-pool-3 O /home/capstone/project/test_files/data_804.log
[11455] thread-pool-3 O /home/capstone/project/test_files/data_938.log
[11455] thread-pool-2 O /home/capstone/project/test_files/data_825.log
[11455] thread-pool-3 O /home/capstone/project/test_files/data_497.log
[11455] thread-pool-0 O /home/capstone/project/test_files/data_828.log
[11455] thread-pool-3 O /home/capstone/project/test_files/data_345.log
[11455] thread-pool-3 O /home/capstone/project/test_files/data_257.log
[11455] thread-pool-1 O /home/capstone/project/test_files/data_613.log
[11455] thread-pool-3 O /home/capstone/project/test_files/data_287.log
[11455] thread-pool-0 O /home/capstone/project/test_files/data_312.log
[11455] thread-pool-3 O /home/capstone/project/test_files/data_75.log
[11455] thread-pool-2 O /home/capstone/project/test_files/data_676.log
[11455] thread-pool-1 O /home/capstone/project/test_files/data_790.log
[11455] thread-pool-3 O /home/capstone/project/test_files/data_357.log
[11455] thread-pool-0 O /home/capstone/project/test_files/data_353.log
[11455] thread-pool-3 O /home/capstone/project/test_files/data_217.log
[11455] thread-pool-1 O /home/capstone/project/test_files/data_731.log
[11455] thread-pool-2 O /home/capstone/project/test_files/data_111.log
[11455] thread-pool-3 O /home/capstone/project/test_files/data_5.log
[11455] thread-pool-3 O /home/capstone/project/test_files/data_544.log
[11455] thread-pool-0 O /home/capstone/project/test_files/data_314.log
[11455] thread-pool-3 O /home/capstone/project/test_files/data_806.log
[11455] thread-pool-1 O /home/capstone/project/test_files/data_615.log
[11455] thread-pool-2 O /home/capstone/project/test_files/data_336.log
[11455] thread-pool-3 O /home/capstone/project/test_files/data_854.log
[11455] thread-pool-0 O /home/capstone/project/test_files/data_29.log
[11455] thread-pool-3 O /home/capstone/project/test_files/data_538.log
[11455] thread-pool-3 O /home/capstone/project/test_files/data_894.log
[11455] thread-pool-1 O /home/capstone/project/test_files/data_839.log
[11455] thread-pool-2 O /home/capstone/project/test_files/data_301.log
[11455] thread-pool-3 O /home/capstone/project/test_files/data_818.log
[11455] thread-pool-3 O /home/capstone/project/test_files/data_55.log
[11455] thread-pool-0 O /home/capstone/project/test_files/data_684.log
[11455] thread-pool-2 O /home/capstone/project/test_files/data_467.log
[11455] thread-pool-3 O /home/capstone/project/test_files/data_20.log
[11455] thread-pool-1 O /home/capstone/project/test_files/data_69.log
[11455] thread-pool-3 O /home/capstone/project/test_files/data_96.log
[11455] thread-pool-0 O /home/capstone/project/test_files/data_523.log
[11455] thread-pool-3 O /home/capstone/project/test_files/data_928.log
[11455] thread-pool-2 O /home/capstone/project/test_files/data_655.log
[11455] thread-pool-3 O /home/capstone/project/test_files/data_221.log
[11455] thread-pool-1 O /home/capstone/project/test_files/data_844.log
[11455] thread-pool-3 O /home/capstone/project/test_files/data_116.log
[11455] thread-pool-0 O /home/capstone/project/test_files/data_17.log
[11455] thread-pool-3 O /home/capstone/project/test_files/data_638.log
[11455] thread-pool-2 O /home/capstone/project/test_files/data_652.log
[11455] thread-pool-3 O /home/capstone/project/test_files/data_688.log
[11455] thread-pool-1 O /home/capstone/project/test_files/data_614.log
[11455] thread-pool-3 O /home/capstone/project/test_files/data_703.log
[11455] thread-pool-0 O /home/capstone/project/test_files/data_147.log
[11455] thread-pool-3 O /home/capstone/project/test_files/data_371.log
[11455] thread-pool-2 O /home/capstone/project/test_files/data_369.log
[11455] thread-pool-1 O /home/capstone/project/test_files/data_263.log
[11455] thread-pool-1 O /home/capstone/project/test_files/data_770.log
[11455] thread-pool-3 O /home/capstone/project/test_files/data_742.log
[11455] thread-pool-1 O /home/capstone/project/test_files/data_324.log
[11455] thread-pool-0 O /home/capstone/project/test_files/data_721.log
[11455] thread-pool-1 O /home/capstone/project/test_files/000698.log
[11455] thread-pool-2 O /home/capstone/project/test_files/data_549.log
[11455] thread-pool-3 O /home/capstone/project/test_files/data_874.log
[11455] thread-pool-0 O /home/capstone/project/test_files/data_429.log
[11455] thread-pool-1 O /home/capstone/project/test_files/data_998.log
[11455] thread-pool-2 O /home/capstone/project/test_files/data_12.log
[11455] thread-pool-0 O /home/capstone/project/test_files/data_6.log
[11455] thread-pool-1 O /home/capstone/project/test_files/data_182.log
[11455] thread-pool-3 O /home/capstone/project/test_files/data_462.log
[11455] thread-pool-2 O /home/capstone/project/test_files/data_417.log
[11455] thread-pool-0 O /home/capstone/project/test_files/data_868.log
[11455] thread-pool-1 O /home/capstone/project/test_files/data_605.log
[11455] thread-pool-3 O /home/capstone/project/test_files/data_215.log
[11455] thread-pool-2 O /home/capstone/project/test_files/data_872.log
[11455] thread-pool-0 O /home/capstone/project/test_files/data_113.log
[11455] thread-pool-2 O /home/capstone/project/test_files/data_822.log
[11455] thread-pool-3 O /home/capstone/project/test_files/data_793.log
[11455] thread-pool-1 O /home/capstone/project/test_files/data_620.log
[11455] thread-pool-0 O /home/capstone/project/test_files/data_708.log
[11455] thread-pool-1 O /home/capstone/project/test_files/data_968.log
[11455] thread-pool-2 O /home/capstone/project/test_files/data_864.log
[11455] thread-pool-3 O /home/capstone/project/test_files/data_556.log
[11455] thread-pool-0 O /home/capstone/project/test_files/data_693.log
[11455] thread-pool-1 O /home/capstone/project/test_files/data_901.log
[11455] thread-pool-2 O /home/capstone/project/test_files/data_178.log
[11455] thread-pool-0 O /home/capstone/project/test_files/data_948.log
[11455] thread-pool-1 O /home/capstone/project/test_files/data_447.log
[11455] thread-pool-3 O /home/capstone/project/test_files/data_667.log
[11455] thread-pool-2 O /home/capstone/project/test_files/data_94.log
[11455] thread-pool-0 O /home/capstone/project/test_files/data_396.log
[11455] thread-pool-3 O /home/capstone/project/test_files/data_236.log
[11455] thread-pool-1 O /home/capstone/project/test_files/data_388.log
[11455] thread-pool-2 O /home/capstone/project/test_files/data_709.log
[11455] thread-pool-3 O /home/capstone/project/test_files/data_91.log
[11455] thread-pool-0 O /home/capstone/project/test_files/data_870.log
[11455] thread-pool-1 O /home/capstone/project/test_files/data_220.log
[11455] thread-pool-2 O /home/capstone/project/test_files/data_184.log
[11455] thread-pool-0 O /home/capstone/project/test_files/data_315.log
[11455] thread-pool-1 O /home/capstone/project/test_files/data_458.log
[11455] thread-pool-3 O /home/capstone/project/test_files/data_407.log
[11455] thread-pool-2 O /home/capstone/project/test_files/data_274.log
[11455] thread-pool-0 O /home/capstone/project/test_files/data_814.log
[11455] thread-pool-3 O /home/capstone/project/test_files/data_47.log
[11455] thread-pool-2 O /home/capstone/project/test_files/data_364.log
[11455] thread-pool-1 O /home/capstone/project/test_files/data_361.log
[11455] thread-pool-0 O /home/capstone/project/test_files/data_233.log
[11455] thread-pool-3 O /home/capstone/project/test_files/data_344.log
[11455] thread-pool-2 O /home/capstone/project/test_files/data_525.log
[11455] thread-pool-1 O /home/capstone/project/test_files/data_129.log
[11455] thread-pool-0 O /home/capstone/project/test_files/data_37.log
[11455] thread-pool-3 O /home/capstone/project/test_files/data_438.log
[11455] thread-pool-2 O /home/capstone/project/test_files/data_794.log
[11455] thread-pool-0 O /home/capstone/project/test_files/data_42.log
[11455] thread-pool-3 O /home/capstone/project/test_files/data_762.log
[11455] thread-pool-1 O /home/capstone/project/test_files/data_724.log
[11455] thread-pool-2 O /home/capstone/project/test_files/data_896.log
[11455] thread-pool-0 O /home/capstone/project/test_files/data_183.log
[11455] thread-pool-3 O /home/capstone/project/test_files/data_390.log
[11455] thread-pool-1 O /home/capstone/project/test_files/data_671.log
[11455] thread-pool-2 O /home/capstone/project/test_files/data_641.log
[11455] thread-pool-0 O /home/capstone/project/test_files/data_412.log
[11455] thread-pool-1 O /home/capstone/project/test_files/data_348.log
[11455] thread-pool-2 O /home/capstone/project/test_files/data_603.log
[11455] thread-pool-3 O /home/capstone/project/test_files/data_2.log
[11455] thread-pool-1 O /home/capstone/project/test_files/data_121.log
[11455] thread-pool-0 O /home/capstone/project/test_files/data_152.log
[11455] thread-pool-2 O /home/capstone/project/test_files/data_888.log
[11455] thread-pool-3 O /home/capstone/project/test_files/data_303.log
[11455] thread-pool-2 O /home/capstone/project/test_files/data_503.log
[11455] thread-pool-0 O /home/capstone/project/test_files/data_575.log
[11455] thread-pool-1 O /home/capstone/project/test_files/data_777.log
[11455] thread-pool-3 O /home/capstone/project/test_files/data_887.log
[11455] thread-pool-2 O /home/capstone/project/test_files/data_508.log
[11455] thread-pool-3 O /home/capstone/project/test_files/data_170.log
[11455] thread-pool-1 O /home/capstone/project/test_files/data_342.log
[11455] thread-pool-0 O /home/capstone/project/test_files/data_782.log
[11455] thread-pool-3 O /home/capstone/project/test_files/data_564.log
[11455] thread-pool-0 O /home/capstone/project/test_files/data_541.log
[11455] thread-pool-1 O /home/capstone/project/test_files/data_852.log
[11455] thread-pool-2 O /home/capstone/project/test_files/data_504.log
[11455] thread-pool-0 O /home/capstone/project/test_files/data_853.log
[11455] thread-pool-2 O /home/capstone/project/test_files/data_519.log
[11455] thread-pool-1 O /home/capstone/project/test_files/data_1000.log
[11455] thread-pool-3 O /home/capstone/project/test_files/data_157.log
[11455] thread-pool-0 O /home/capstone/project/test_files/data_419.log
[11455] thread-pool-1 O /home/capstone/project/test_files/data_108.log
[11455] thread-pool-2 O /home/capstone/project/test_files/000743.log
[11455] thread-pool-2 O /home/capstone/project/test_files/data_722.log
[11455] thread-pool-3 O /home/capstone/project/test_files/data_534.log
[11455] thread-pool-1 O /home/capstone/project/test_files/data_127.log
[11455] thread-pool-0 O /home/capstone/project/test_files/data_909.log
[11455] thread-pool-2 O /home/capstone/project/test_files/data_563.log
[11455] thread-pool-3 O /home/capstone/project/test_files/data_282.log
[11455] thread-pool-0 O /home/capstone/project/test_files/data_771.log
[11455] thread-pool-1 O /home/capstone/project/test_files/data_573.log
[11455] thread-pool-3 O /home/capstone/project/test_files/data_849.log
[11455] thread-pool-0 O /home/capstone/project/test_files/data_28.log
[11455] thread-pool-1 O /home/capstone/project/test_files/data_755.log
[11455] thread-pool-1 O /home/capstone/project/test_files/data_262.log
[11455] thread-pool-2 O /home/capstone/project/test_files/data_82.log
[11455] thread-pool-0 O /home/capstone/project/test_files/data_690.log
[11455] thread-pool-2 O /home/capstone/project/test_files/data_244.log
[11455] thread-pool-0 O /home/capstone/project/test_files/data_712.log
[11455] thread-pool-3 O /home/capstone/project/test_files/data_471.log
[11455] thread-pool-1 O /home/capstone/project/test_files/data_628.log
[11455] thread-pool-0 O /home/capstone/project/test_files/data_706.log
[11455] thread-pool-3 O /home/capstone/project/test_files/data_310.log
[11455] thread-pool-1 O /home/capstone/project/test_files/data_305.log
[11455] thread-pool-2 O /home/capstone/project/test_files/data_239.log
[11455] thread-pool-3 O /home/capstone/project/test_files/data_651.log
[11455] thread-pool-1 O /home/capstone/project/test_files/data_8.log
[11455] thread-pool-0 O /home/capstone/project/test_files/data_597.log
[11455] thread-pool-2 O /home/capstone/project/test_files/data_150.log
[11455] thread-pool-3 O /home/capstone/project/test_files/data_557.log
[11455] thread-pool-1 O /home/capstone/project/test_files/data_941.log
[11455] thread-pool-0 O /home/capstone/project/test_files/data_71.log
[11455] thread-pool-2 O /home/capstone/project/test_files/data_954.log
[11455] thread-pool-0 O /home/capstone/project/test_files/data_151.log
[11455] thread-pool-3 O /home/capstone/project/test_files/data_698.log
[11455] thread-pool-0 O /home/capstone/project/test_files/data_772.log
[11455] thread-pool-2 O /home/capstone/project/test_files/data_595.log
[11455] thread-pool-0 O /home/capstone/project/test_files/data_768.log
[11455] thread-pool-0 O /home/capstone/project/test_files/data_90.log
[11455] thread-pool-1 O /home/capstone/project/test_files/data_567.log
[11455] thread-pool-3 O /home/capstone/project/test_files/data_959.log
[11455] thread-pool-2 O /home/capstone/project/test_files/data_85.log
[11455] thread-pool-0 O /home/capstone/project/test_files/data_214.log
[11455] thread-pool-0 O /home/capstone/project/test_files/data_629.log
[11455] thread-pool-0 O /home/capstone/project/test_files/data_276.log
[11455] thread-pool-3 O /home/capstone/project/test_files/data_859.log
[11455] thread-pool-1 O /home/capstone/project/test_files/data_881.log
[11455] thread-pool-0 O /home/capstone/project/test_files/data_598.log
[11455] thread-pool-2 O /home/capstone/project/test_files/data_509.log
[11455] thread-pool-0 O /home/capstone/project/test_files/data_23.log
[11455] thread-pool-0 O /home/capstone/project/test_files/data_574.log
[11455] thread-pool-3 O /home/capstone/project/test_files/data_929.log
[11455] thread-pool-1 O /home/capstone/project/test_files/data_661.log
[11455] thread-pool-0 O /home/capstone/project/test_files/data_773.log
[11455] thread-pool-2 O /home/capstone/project/test_files/data_120.log
[11455] thread-pool-0 O /home/capstone/project/test_files/data_143.log
[11455] thread-pool-3 O /home/capstone/project/test_files/data_174.log
[11455] thread-pool-0 O /home/capstone/project/test_files/000699.log
[11455] thread-pool-1 O /home/capstone/project/test_files/data_297.log
[11455] thread-pool-2 O /home/capstone/project/test_files/data_109.log
[11455] thread-pool-0 O /home/capstone/project/test_files/data_395.log
[11455] thread-pool-3 O /home/capstone/project/test_files/data_295.log
[11455] thread-pool-0 O /home/capstone/project/test_files/data_259.log
[11455] thread-pool-1 O /home/capstone/project/test_files/data_216.log
[11455] thread-pool-0 O /home/capstone/project/test_files/data_311.log
[11455] thread-pool-0 O /home/capstone/project/test_files/data_425.log
[11455] thread-pool-2 O /home/capstone/project/test_files/data_237.log
[11455] thread-pool-1 O /home/capstone/project/test_files/data_394.log
[11455] thread-pool-0 O /home/capstone/project/test_files/data_98.log
[11455] thread-pool-3 O /home/capstone/project/test_files/data_594.log
[11455] thread-pool-0 O /home/capstone/project/test_files/data_845.log
[11455] thread-pool-2 O /home/capstone/project/test_files/data_526.log
[11455] thread-pool-1 O /home/capstone/project/test_files/data_25.log
[11455] thread-pool-0 O /home/capstone/project/test_files/data_535.log
[11455] thread-pool-3 O /home/capstone/project/test_files/data_169.log
[11455] thread-pool-0 O /home/capstone/project/test_files/data_737.log
[11455] thread-pool-0 O /home/capstone/project/test_files/data_899.log
[11455] thread-pool-0 O /home/capstone/project/test_files/data_102.log
[11455] thread-pool-2 O /home/capstone/project/test_files/data_550.log
[11455] thread-pool-1 O /home/capstone/project/test_files/data_267.log
[11455] thread-pool-0 O /home/capstone/project/test_files/data_791.log
[11455] thread-pool-0 O /home/capstone/project/test_files/000697.log
[11455] thread-pool-3 O /home/capstone/project/test_files/data_405.log
[11455] thread-pool-0 O /home/capstone/project/test_files/data_400.log
[11455] thread-pool-0 O /home/capstone/project/test_files/data_616.log
[11455] thread-pool-1 O /home/capstone/project/test_files/data_413.log
[11455] thread-pool-2 O /home/capstone/project/test_files/data_461.log
[11455] thread-pool-0 O /home/capstone/project/test_files/data_611.log
[11455] thread-pool-0 O /home/capstone/project/test_files/data_743.log
[11455] thread-pool-3 O /home/capstone/project/test_files/data_415.log
[11455] thread-pool-0 O /home/capstone/project/test_files/data_970.log
[11455] thread-pool-0 O /home/capstone/project/test_files/data_797.log
[11455] thread-pool-2 O /home/capstone/project/test_files/data_56.log
[11455] thread-pool-1 O /home/capstone/project/test_files/data_384.log
[11455] thread-pool-0 O /home/capstone/project/test_files/data_702.log
[11455] thread-pool-3 O /home/capstone/project/test_files/data_669.log
[11455] thread-pool-0 O /home/capstone/project/test_files/data_683.log
[11455] thread-pool-1 O /home/capstone/project/test_files/data_964.log
[11455] thread-pool-0 O /home/capstone/project/test_files/data_15.log
[11455] thread-pool-2 O /home/capstone/project/test_files/data_36.log
[11455] thread-pool-3 O /home/capstone/project/test_files/data_632.log
[11455] thread-pool-0 O /home/capstone/project/test_files/data_38.log
[11455] thread-pool-0 O /home/capstone/project/test_files/data_934.log
[11455] thread-pool-0 O /home/capstone/project/test_files/data_935.log
[11455] thread-pool-2 O /home/capstone/project/test_files/data_145.log
[11455] thread-pool-1 O /home/capstone/project/test_files/data_279.log
[11455] thread-pool-3 O /home/capstone/project/test_files/data_748.log
[11455] thread-pool-0 O /home/capstone/project/test_files/data_423.log
[11455] thread-pool-0 O /home/capstone/project/test_files/data_160.log
[11455] thread-pool-0 O /home/capstone/project/test_files/data_277.log
[11455] thread-pool-1 O /home/capstone/project/test_files/data_349.log
[11455] thread-pool-2 O /home/capstone/project/test_files/data_286.log
[11455] thread-pool-0 O /home/capstone/project/test_files/data_758.log
[11455] thread-pool-3 O /home/capstone/project/test_files/data_659.log
[11455] thread-pool-0 O /home/capstone/project/test_files/data_710.log
[11455] thread-pool-0 O /home/capstone/project/test_files/data_393.log
[11455] thread-pool-0 O /home/capstone/project/test_files/data_478.log
[11455] thread-pool-1 O /home/capstone/project/test_files/data_195.log
[11455] thread-pool-2 O /home/capstone/project/test_files/data_483.log
[11455] thread-pool-3 O /home/capstone/project/test_files/data_583.log
[11455] thread-pool-0 O /home/capstone/project/test_files/data_840.log
[11455] thread-pool-1 O /home/capstone/project/test_files/data_409.log
[11455] thread-pool-2 O /home/capstone/project/test_files/data_527.log
[11455] thread-pool-3 O /home/capstone/project/test_files/data_886.log
[11455] thread-pool-0 O /home/capstone/project/test_files/data_792.log
[11455] thread-pool-1 O /home/capstone/project/test_files/data_207.log
[11455] thread-pool-2 O /home/capstone/project/test_files/data_61.log
[11455] thread-pool-3 O /home/capstone/project/test_files/data_165.log
[11455] thread-pool-0 O /home/capstone/project/test_files/data_52.log
[11455] thread-pool-1 O /home/capstone/project/test_files/data_57.log
[11455] thread-pool-3 O /home/capstone/project/test_files/data_876.log
[11455] thread-pool-2 O /home/capstone/project/test_files/data_878.log
[11455] thread-pool-0 O /home/capstone/project/test_files/data_915.log
[11455] thread-pool-1 O /home/capstone/project/test_files/data_701.log
[11455] thread-pool-3 O /home/capstone/project/test_files/data_776.log
[11455] thread-pool-2 O /home/capstone/project/test_files/data_736.log
[11455] thread-pool-1 O /home/capstone/project/test_files/data_972.log
[11455] thread-pool-2 O /home/capstone/project/test_files/data_330.log
[11455] thread-pool-0 O /home/capstone/project/test_files/data_851.log
[11455] thread-pool-3 O /home/capstone/project/test_files/data_685.log
[11455] thread-pool-1 O /home/capstone/project/test_files/data_436.log
[11455] thread-pool-3 O /home/capstone/project/test_files/data_460.log
[11455] thread-pool-0 O /home/capstone/project/test_files/data_7.log
[11455] thread-pool-2 O /home/capstone/project/test_files/data_293.log
[11455] thread-pool-1 O /home/capstone/project/test_files/data_673.log
[11455] thread-pool-0 O /home/capstone/project/test_files/data_163.log
[11455] thread-pool-2 O /home/capstone/project/test_files/data_733.log
[11455] thread-pool-3 O /home/capstone/project/test_files/data_898.log
[11455] thread-pool-1 O /home/capstone/project/test_files/data_663.log
[11455] thread-pool-2 O /home/capstone/project/test_files/data_382.log
[11455] thread-pool-3 O /home/capstone/project/test_files/data_359.log
[11455] thread-pool-0 O /home/capstone/project/test_files/data_827.log
[11455] thread-pool-1 O /home/capstone/project/test_files/data_694.log
[11455] thread-pool-3 O /home/capstone/project/test_files/data_134.log
[11455] thread-pool-2 O /home/capstone/project/test_files/data_705.log
[11455] thread-pool-0 O /home/capstone/project/test_files/data_74.log
[11455] thread-pool-3 O /home/capstone/project/test_files/data_830.log
[11455] thread-pool-1 O /home/capstone/project/test_files/data_410.log
[11455] thread-pool-2 O /home/capstone/project/test_files/data_662.log
[11455] thread-pool-0 O /home/capstone/project/test_files/data_584.log
[11455] thread-pool-1 O /home/capstone/project/test_files/data_963.log
[11455] thread-pool-3 O /home/capstone/project/test_files/data_62.log
[11455] thread-pool-2 O /home/capstone/project/test_files/data_273.log
[11455] thread-pool-0 O /home/capstone/project/test_files/data_975.log
[11455] thread-pool-1 O /home/capstone/project/test_files/data_153.log
[11455] thread-pool-2 O /home/capstone/project/test_files/data_904.log
[11455] thread-pool-3 O /home/capstone/project/test_files/data_347.log
[11455] thread-pool-0 O /home/capstone/project/test_files/data_449.log
[11455] thread-pool-1 O /home/capstone/project/test_files/data_984.log
[11455] thread-pool-2 O /home/capstone/project/test_files/data_362.log
[11455] thread-pool-3 O /home/capstone/project/test_files/data_545.log
[11455] thread-pool-0 O /home/capstone/project/test_files/data_46.log
[11455] thread-pool-1 O /home/capstone/project/test_files/data_329.log
[11455] thread-pool-2 O /home/capstone/project/test_files/data_30.log
[11455] thread-pool-3 O /home/capstone/project/test_files/data_953.log
[11455] thread-pool-0 O /home/capstone/project/test_files/data_420.log
[11455] thread-pool-1 O /home/capstone/project/test_files/data_377.log
[11455] thread-pool-2 O /home/capstone/project/test_files/data_713.log
[11455] thread-pool-3 O /home/capstone/project/test_files/data_375.log
[11455] thread-pool-0 O /home/capstone/project/test_files/data_93.log
[11455] thread-pool-1 O /home/capstone/project/test_files/data_115.log
[11455] thread-pool-2 O /home/capstone/project/test_files/data_973.log
[11455] thread-pool-0 O /home/capstone/project/test_files/data_511.log
[11455] thread-pool-2 O /home/capstone/project/test_files/data_256.log
[11455] thread-pool-3 O /home/capstone/project/test_files/data_272.log
[11455] thread-pool-1 O /home/capstone/project/test_files/data_73.log
[11455] thread-pool-0 O /home/capstone/project/test_files/data_691.log
[11455] thread-pool-2 O /home/capstone/project/test_files/data_637.log
[11455] thread-pool-1 O /home/capstone/project/test_files/data_593.log
[11455] thread-pool-3 O /home/capstone/project/test_files/data_832.log
[11455] thread-pool-0 O /home/capstone/project/test_files/data_453.log
[11455] thread-pool-3 O /home/capstone/project/test_files/data_587.log
[11455] thread-pool-1 O /home/capstone/project/test_files/data_543.log
[11455] thread-pool-2 O /home/capstone/project/test_files/data_340.log
[11455] thread-pool-0 O /home/capstone/project/test_files/data_408.log
[11455] thread-pool-2 O /home/capstone/project/test_files/data_482.log
[11455] thread-pool-3 O /home/capstone/project/test_files/data_917.log
[11455] thread-pool-1 O /home/capstone/project/test_files/data_448.log
[11455] thread-pool-0 O /home/capstone/project/test_files/data_229.log
[11455] thread-pool-2 O /home/capstone/project/test_files/data_624.log
[11455] thread-pool-1 O /home/capstone/project/test_files/data_500.log
[11455] thread-pool-3 O /home/capstone/project/test_files/data_824.log
[11455] thread-pool-0 O /home/capstone/project/test_files/data_798.log
[11455] thread-pool-2 O /home/capstone/project/test_files/data_146.log
[11455] thread-pool-1 O /home/capstone/project/test_files/data_922.log
[11455] thread-pool-3 O /home/capstone/project/test_files/data_867.log
[11455] thread-pool-0 O /home/capstone/project/test_files/data_630.log
[11455] thread-pool-3 O /home/capstone/project/test_files/data_802.log
[11455] thread-pool-1 O /home/capstone/project/test_files/data_674.log
[11455] thread-pool-3 O /home/capstone/project/test_files/data_418.log
[11455] thread-pool-2 O /home/capstone/project/test_files/data_488.log
[11455] thread-pool-0 O /home/capstone/project/test_files/data_140.log
[11455] thread-pool-2 O /home/capstone/project/test_files/data_18.log
[11455] thread-pool-1 O /home/capstone/project/test_files/data_982.log
[11455] thread-pool-3 O /home/capstone/project/test_files/data_333.log
[11455] thread-pool-0 O /home/capstone/project/test_files/data_209.log
[11455] thread-pool-2 O /home/capstone/project/test_files/data_11.log
[11455] thread-pool-0 O /home/capstone/project/test_files/data_193.log
[11455] thread-pool-1 O /home/capstone/project/test_files/data_846.log
[11455] thread-pool-3 O /home/capstone/project/test_files/data_649.log
[11455] thread-pool-2 O /home/capstone/project/test_files/data_692.log
[11455] thread-pool-0 O /home/capstone/project/test_files/data_242.log
[11455] thread-pool-3 O /home/capstone/project/test_files/data_422.log
[11455] thread-pool-1 O /home/capstone/project/test_files/data_84.log
[11455] thread-pool-2 O /home/capstone/project/test_files/data_994.log
[11455] thread-pool-0 O /home/capstone/project/test_files/data_97.log
[11455] thread-pool-2 O /home/capstone/project/test_files/data_623.log
[11455] thread-pool-0 O /home/capstone/project/test_files/data_714.log
[11455] thread-pool-1 O /home/capstone/project/test_files/data_290.log
[11455] thread-pool-3 O /home/capstone/project/test_files/data_122.log
[11455] thread-pool-2 O /home/capstone/project/test_files/data_561.log
[11455] thread-pool-0 O /home/capstone/project/test_files/data_240.log
[11455] thread-pool-2 O /home/capstone/project/test_files/data_243.log
[11455] thread-pool-1 O /home/capstone/project/test_files/data_892.log
[11455] thread-pool-3 O /home/capstone/project/test_files/data_974.log
[11455] thread-pool-0 O /home/capstone/project/test_files/data_912.log
[11455] thread-pool-2 O /home/capstone/project/test_files/data_809.log
[11455] thread-pool-1 O /home/capstone/project/test_files/data_604.log
[11455] thread-pool-3 O /home/capstone/project/test_files/data_494.log
[11455] thread-pool-0 O /home/capstone/project/test_files/data_401.log
[11455] thread-pool-2 O /home/capstone/project/test_files/data_813.log
[11455] thread-pool-0 O /home/capstone/project/test_files/data_639.log
[11455] thread-pool-3 O /home/capstone/project/test_files/data_254.log
[11455] thread-pool-2 O /home/capstone/project/test_files/data_820.log
[11455] thread-pool-1 O /home/capstone/project/test_files/data_51.log
[11455] thread-pool-0 O /home/capstone/project/test_files/data_132.log
[11455] thread-pool-2 O /home/capstone/project/test_files/data_455.log
[11455] thread-pool-3 O /home/capstone/project/test_files/data_490.log
[11455] thread-pool-1 O /home/capstone/project/test_files/data_444.log
[11455] thread-pool-0 O /home/capstone/project/test_files/data_656.log
[11455] thread-pool-2 O /home/capstone/project/test_files/data_626.log
[11455] thread-pool-3 O /home/capstone/project/test_files/data_308.log
[11455] thread-pool-1 O /home/capstone/project/test_files/data_752.log
[11455] thread-pool-0 O /home/capstone/project/test_files/data_522.log
[11455] thread-pool-2 O /home/capstone/project/test_files/data_451.log
[11455] thread-pool-3 O /home/capstone/project/test_files/data_530.log
[11455] thread-pool-1 O /home/capstone/project/test_files/data_261.log
[11455] thread-pool-1 O /home/capstone/project/test_files/data_559.log
[11455] thread-pool-0 O /home/capstone/project/test_files/data_191.log
[11455] thread-pool-3 O /home/capstone/project/test_files/data_524.log
[11455] thread-pool-2 O /home/capstone/project/test_files/data_905.log
[11455] thread-pool-0 O /home/capstone/project/test_files/data_980.log
[11455] thread-pool-3 O /home/capstone/project/test_files/data_756.log
[11455] thread-pool-1 O /home/capstone/project/test_files/data_212.log
[11455] thread-pool-2 O /home/capstone/project/test_files/data_469.log
[11455] thread-pool-0 O /home/capstone/project/test_files/data_87.log
[11455] thread-pool-1 O /home/capstone/project/test_files/data_104.log
[11455] thread-pool-2 O /home/capstone/project/test_files/data_902.log
[11455] thread-pool-3 O /home/capstone/project/test_files/data_720.log
[11455] thread-pool-0 O /home/capstone/project/test_files/data_350.log
[11455] thread-pool-3 O /home/capstone/project/test_files/data_829.log
[11455] thread-pool-1 O /home/capstone/project/test_files/data_838.log
[11455] thread-pool-2 O /home/capstone/project/test_files/data_238.log
[11455] thread-pool-0 O /home/capstone/project/test_files/data_610.log
[11455] thread-pool-3 O /home/capstone/project/test_files/data_962.log
[11455] thread-pool-1 O /home/capstone/project/test_files/data_434.log
[11455] thread-pool-2 O /home/capstone/project/test_files/data_815.log
[11455] thread-pool-0 O /home/capstone/project/test_files/data_492.log
[11455] thread-pool-3 O /home/capstone/project/test_files/data_440.log
[11455] thread-pool-2 O /home/capstone/project/test_files/data_926.log
[11455] thread-pool-1 O /home/capstone/project/test_files/data_176.log
[11455] thread-pool-0 O /home/capstone/project/test_files/data_123.log
[11455] thread-pool-1 O /home/capstone/project/test_files/data_92.log
[11455] thread-pool-2 O /home/capstone/project/test_files/data_107.log
[11455] thread-pool-3 O /home/capstone/project/test_files/data_430.log
[11455] thread-pool-0 O /home/capstone/project/test_files/data_100.log
[11455] thread-pool-1 O /home/capstone/project/test_files/data_949.log
[11455] thread-pool-2 O /home/capstone/project/test_files/data_760.log
[11455] thread-pool-3 O /home/capstone/project/test_files/data_477.log
[11455] thread-pool-0 O /home/capstone/project/test_files/data_264.log
[11455] thread-pool-2 O /home/capstone/project/test_files/data_635.log
[11455] thread-pool-3 O /home/capstone/project/test_files/data_31.log
[11455] thread-pool-1 O /home/capstone/project/test_files/data_26.log
[11455] thread-pool-0 O /home/capstone/project/test_files/data_404.log
[11455] thread-pool-2 O /home/capstone/project/test_files/data_379.log
[11455] thread-pool-3 O /home/capstone/project/test_files/data_648.log
[11455] thread-pool-1 O /home/capstone/project/test_files/data_435.log
[11455] thread-pool-0 O /home/capstone/project/test_files/data_862.log
[11455] thread-pool-2 O /home/capstone/project/test_files/data_991.log
[11455] thread-pool-3 O /home/capstone/project/test_files/data_727.log
[11455] thread-pool-1 O /home/capstone/project/test_files/data_280.log
[11455] thread-pool-0 O /home/capstone/project/test_files/data_328.log
[11455] thread-pool-2 O /home/capstone/project/test_files/data_989.log
[11455] thread-pool-3 O /home/capstone/project/test_files/data_775.log
[11455] thread-pool-1 O /home/capstone/project/test_files/data_168.log
[11455] thread-pool-0 O /home/capstone/project/test_files/data_167.log
[11455] thread-pool-2 O /home/capstone/project/test_files/data_34.log
[11455] thread-pool-3 O /home/capstone/project/test_files/data_403.log
[11455] thread-pool-1 O /home/capstone/project/test_files/data_343.log
[11455] thread-pool-0 O /home/capstone/project/test_files/data_599.log
[11455] thread-pool-2 O /home/capstone/project/test_files/data_601.log
[11455] thread-pool-3 O /home/capstone/project/test_files/data_565.log
[11455] thread-pool-1 O /home/capstone/project/test_files/data_232.log
[11455] thread-pool-0 O /home/capstone/project/test_files/data_171.log
[11455] thread-pool-2 O /home/capstone/project/test_files/data_966.log
[11455] thread-pool-3 O /home/capstone/project/test_files/data_414.log
[11455] thread-pool-2 O /home/capstone/project/test_files/data_732.log
[11455] thread-pool-3 O /home/capstone/project/test_files/data_360.log
[11455] thread-pool-2 O /home/capstone/project/test_files/data_730.log
[11455] thread-pool-3 O /home/capstone/project/test_files/data_439.log
[11455] thread-pool-2 O /home/capstone/project/test_files/data_552.log
[11455] thread-pool-3 O /home/capstone/project/test_files/data_801.log
[11455] thread-pool-2 O /home/capstone/project/test_files/data_936.log
[11455] thread-pool-3 O /home/capstone/project/test_files/data_796.log
[11455] thread-pool-2 O /home/capstone/project/test_files/data_135.log
[11455] thread-pool-0 O /home/capstone/project/test_files/data_313.log
[11455] thread-pool-1 O /home/capstone/project/test_files/data_194.log
[11455] thread-pool-2 O /home/capstone/project/test_files/data_955.log
[11455] thread-pool-3 O /home/capstone/project/test_files/data_200.log
[11455] thread-pool-0 O /home/capstone/project/test_files/data_578.log
[11455] thread-pool-2 O /home/capstone/project/test_files/data_54.log
[11455] thread-pool-1 O /home/capstone/project/test_files/data_246.log
[11455] thread-pool-3 O /home/capstone/project/test_files/data_366.log
[11455] thread-pool-2 O /home/capstone/project/test_files/data_66.log
[11455] thread-pool-0 O /home/capstone/project/test_files/data_606.log
[11455] thread-pool-1 O /home/capstone/project/test_files/data_739.log
[11455] thread-pool-3 O /home/capstone/project/test_files/data_569.log
[11455] thread-pool-2 O /home/capstone/project/test_files/data_275.log
[11455] thread-pool-0 O /home/capstone/project/test_files/data_80.log
[11455] thread-pool-1 O /home/capstone/project/test_files/data_726.log
[11455] thread-pool-3 O /home/capstone/project/test_files/data_427.log
[11455] thread-pool-2 O /home/capstone/project/test_files/data_155.log
[11455] thread-pool-1 O /home/capstone/project/test_files/data_746.log
[11455] thread-pool-0 O /home/capstone/project/test_files/data_304.log
[11455] thread-pool-3 O /home/capstone/project/test_files/data_744.log
[11455] thread-pool-2 O /home/capstone/project/test_files/data_472.log
[11455] thread-pool-1 O /home/capstone/project/test_files/data_672.log
[11455] thread-pool-0 O /home/capstone/project/test_files/data_95.log
[11455] thread-pool-3 O /home/capstone/project/test_files/data_3.log
[11455] thread-pool-0 O /home/capstone/project/test_files/data_952.log
[11455] thread-pool-3 O /home/capstone/project/test_files/data_920.log
[11455] thread-pool-1 O /home/capstone/project/test_files/data_33.log
[11455] thread-pool-2 O /home/capstone/project/test_files/data_985.log
