[4887] sshd O /home/capstone/.ssh/authorized_keys
[4887] sshd O /home/capstone/.ssh/authorized_keys
[4931] bash O /home/capstone/.bashrc
[4932] rm D /tmp/malware_fail.log
[4931] bash O /home/capstone/project/run_malware_infected.sh
[4933] sudo C /home/capstone/.sudo_as_admin_successful
[4935] sudo C /home/capstone/.sudo_as_admin_successful
[2947] gvfsd-metadata C /home/capstone/.local/share/gvfs-metadata/home.IG71L3
[2947] gvfsd-metadata C /home/capstone/.local/share/gvfs-metadata/home-3ec330a6.log.QIB2L3
[2947] gvfsd-metadata O /home/capstone/.local/share/gvfs-metadata/home
[2947] gvfsd-metadata O /home/capstone/.local/share/gvfs-metadata
[2947] gvfsd-metadata D /home/capstone/.local/share/gvfs-metadata/home-99b9ab4e.log
[2947] gvfsd-metadata O /home/capstone/.local/share/gvfs-metadata/home
[2947] gvfsd-metadata O /home/capstone/.local/share/gvfs-metadata/home-3ec330a6.log
[4938] sshd O /home/capstone/.ssh/authorized_keys
[4938] sshd O /home/capstone/.ssh/authorized_keys
[4985] bash O /home/capstone/.bashrc
[4985] sudo C /home/capstone/.sudo_as_admin_successful
[1259] systemd-logind D /run/systemd/sessions/18.ref
[1] systemd D /run/systemd/units/invocation:session-18.scope
[1] systemd D /run/systemd/transient/session-18.scope
[1259] systemd-logind D /run/systemd/sessions/18
[4993] sshd O /home/capstone/.ssh/authorized_keys
[4993] sshd O /home/capstone/.ssh/authorized_keys
[5037] bash O /home/capstone/.bashrc
[5037] sudo C /home/capstone/.sudo_as_admin_successful
