[6854] sudo C /home/capstone/.sudo_as_admin_successful
[420] systemd-udevd D /run/udev/queue
[6858] (udev-worker) D 44
[6858] (udev-worker) D b7:11
[6860] (udev-worker) D 28
[6860] (udev-worker) D b7:9
[6859] (udev-worker) D 31
[6859] (udev-worker) D b7:10
[6861] (udev-worker) D 33
[6861] (udev-worker) D b7:8
[6862] (udev-worker) D 37
[6862] (udev-worker) D b8:0
[6858] (udev-worker) D b7:11
[6859] (udev-worker) D /dev/block/.#7:1077956f858a007f3e
[6858] (udev-worker) D /dev/disk/by-diskseq/38
[6858] (udev-worker) D b7:11
[6858] (udev-worker) D /dev/disk/by-diskseq/.#3965937fa9b730445d
[6858] (udev-worker) D /dev/block/.#7:11b9258438238f090e
[6860] (udev-worker) D /dev/block/.#7:9161407806971754e
[6862] (udev-worker) D /dev/block/.#8:0d9a8f3293d35757c
[6858] (udev-worker) D 27
[6858] (udev-worker) D b7:7
[6859] (udev-worker) D 38
[6859] (udev-worker) D b8:2
[6861] (udev-worker) D 36
[6861] (udev-worker) D b7:5
[6877] (udev-worker) D 32
[6877] (udev-worker) D b7:4
[6862] (udev-worker) D 39
[6862] (udev-worker) D b8:1
[6878] (udev-worker) D 29
[6878] (udev-worker) D b7:3
[6860] (udev-worker) D 35
[6860] (udev-worker) D b7:6
[6880] (udev-worker) D 30
[6880] (udev-worker) D b7:1
[6881] (udev-worker) D 26
[6881] (udev-worker) D b7:0
[6879] (udev-worker) D 34
[6879] (udev-worker) D b7:2
[6882] (udev-worker) D 45
[6882] (udev-worker) D b7:11
[6883] (udev-worker) D 46
[6883] (udev-worker) D b7:10
[6877] (udev-worker) D /dev/block/.#7:4df02594378986a4f
[6862] (udev-worker) D b8:1
[6862] (udev-worker) D /dev/disk/by-partuuid/29b3a94d-dd87-4d50-aed7-c92301f53f4b
[6861] (udev-worker) D /dev/block/.#7:5b6adecf4a63dadbf
[6859] (udev-worker) D b8:2
[6859] (udev-worker) D /dev/disk/by-partuuid/69da3fc7-aa6c-4e77-bc7b-3e0640fb4669
[6862] (udev-worker) D /dev/block/.#8:175ae3b3ccc567817
[6877] (udev-worker) D 48
[6877] (udev-worker) D b7:8
[6883] (udev-worker) D /dev/block/.#7:10b7b408cb39a40d68
[6861] (udev-worker) D 47
[6861] (udev-worker) D b7:9
[6859] (udev-worker) D /dev/block/.#8:2547214516dcca81d
[6862] (udev-worker) D 50
[6862] (udev-worker) D b7:4
[6882] (udev-worker) D /dev/block/.#7:111860128459e0b937
[6858] (udev-worker) D /dev/block/.#7:7a0f392b7c871d79b
[6878] (udev-worker) D /dev/block/.#7:3346925d168618d36
[6882] (udev-worker) D 55
[6882] (udev-worker) D b7:7
[6878] (udev-worker) D 57
[6878] (udev-worker) D b7:3
[6861] (udev-worker) D /dev/block/.#7:9d46e33a4e47887dd
[6881] (udev-worker) D 53
[6881] (udev-worker) D b7:0
[6879] (udev-worker) D /dev/block/.#7:23ee13589f0ca0fb6
[6860] (udev-worker) D /dev/block/.#7:65ecbfe51562b39d8
[6877] (udev-worker) D /dev/block/.#7:8f591901d396cbf2a
[6879] (udev-worker) D 59
[6879] (udev-worker) D b7:2
[6862] (udev-worker) D /dev/block/.#7:44e5e1d1666e460ee
[6881] (udev-worker) D /dev/block/.#7:0bff6e9e22f526063
[6884] (udev-worker) D /dev/block/.#7:5bcb03d5711e1681e
[6879] (udev-worker) D /dev/block/.#7:20cc196f63e3b3a07
[6882] (udev-worker) D /dev/block/.#7:744c8661c9cf26ccd
[6884] (udev-worker) D /dev/block/.#7:11f7231997f842e37
[6858] (udev-worker) D /dev/block/.#7:67b67a618bdbb038f
[420] systemd-udevd D /run/udev/queue
[420] systemd-udevd D /run/udev/queue
[420] systemd-udevd D /run/udev/queue
[420] systemd-udevd D /run/udev/queue
[420] systemd-udevd D disk\x2fby-diskseq\x2f39/.lock
[420] systemd-udevd D disk\x2fby-diskseq\x2f39
[420] systemd-udevd D snd\x2fby-path\x2fpci-0000:02:02.0/.lock
[420] systemd-udevd D snd\x2fby-path\x2fpci-0000:02:02.0
[420] systemd-udevd D disk\x2fby-diskseq\x2f38/.lock
[420] systemd-udevd D disk\x2fby-diskseq\x2f38
[420] systemd-udevd D input\x2fby-path\x2fplatform-i8042-serio-0-event-kbd/.lock
[420] systemd-udevd D input\x2fby-path\x2fplatform-i8042-serio-0-event-kbd
[420] systemd-udevd D input\x2fby-path\x2fpci-0000:02:00.0-usbv1-0:1:1.0-event-mouse/.lock
[420] systemd-udevd D input\x2fby-path\x2fpci-0000:02:00.0-usbv1-0:1:1.0-event-mouse
[420] systemd-udevd D input\x2fby-path\x2fpci-0000:02:00.0-usb-0:1:1.0-event-mouse/.lock
[420] systemd-udevd D input\x2fby-path\x2fpci-0000:02:00.0-usb-0:1:1.0-event-mouse
[420] systemd-udevd D input\x2fby-id\x2fusb-VMware_VMware_Virtual_USB_Mouse-event-mouse/.lock
[420] systemd-udevd D input\x2fby-id\x2fusb-VMware_VMware_Virtual_USB_Mouse-event-mouse
[420] systemd-udevd D input\x2fby-path\x2fplatform-i8042-serio-1-event-mouse/.lock
[420] systemd-udevd D input\x2fby-path\x2fplatform-i8042-serio-1-event-mouse
[420] systemd-udevd D input\x2fby-path\x2fplatform-i8042-serio-1-mouse/.lock
[420] systemd-udevd D input\x2fby-path\x2fplatform-i8042-serio-1-mouse
[420] systemd-udevd D input\x2fby-path\x2fpci-0000:02:00.0-usb-0:1:1.0-mouse/.lock
[420] systemd-udevd D input\x2fby-path\x2fpci-0000:02:00.0-usb-0:1:1.0-mouse
[420] systemd-udevd D input\x2fby-id\x2fusb-VMware_VMware_Virtual_USB_Mouse-mouse/.lock
[420] systemd-udevd D input\x2fby-id\x2fusb-VMware_VMware_Virtual_USB_Mouse-mouse
[420] systemd-udevd D input\x2fby-path\x2fpci-0000:02:00.0-usbv1-0:1:1.0-mouse/.lock
[420] systemd-udevd D input\x2fby-path\x2fpci-0000:02:00.0-usbv1-0:1:1.0-mouse
[420] systemd-udevd D cdrom/.lock
[420] systemd-udevd D cdrom
[420] systemd-udevd D disk\x2fby-uuid\x2f2025-08-05-18-20-26-00/.lock
[420] systemd-udevd D disk\x2fby-uuid\x2f2025-08-05-18-20-26-00
[420] systemd-udevd D disk\x2fby-label\x2fUbuntu\x5cx2024.04.3\x5cx20LTS\x5cx20amd64/.lock
[420] systemd-udevd D disk\x2fby-label\x2fUbuntu\x5cx2024.04.3\x5cx20LTS\x5cx20amd64
[420] systemd-udevd D disk\x2fby-loop-inode\x2f8:2-3021770/.lock
[420] systemd-udevd D disk\x2fby-loop-inode\x2f8:2-3021770
[420] systemd-udevd D disk\x2fby-loop-ref\x2f\x5cx2fvar\x5cx2flib\x5cx2fsnapd\x5cx2fsnaps\x5cx2fgtk-common-themes_1535.snap/.lock
[420] systemd-udevd D disk\x2fby-loop-ref\x2f\x5cx2fvar\x5cx2flib\x5cx2fsnapd\x5cx2fsnaps\x5cx2fgtk-common-themes_1535.snap
[420] systemd-udevd D disk\x2fby-diskseq\x2f29/.lock
[420] systemd-udevd D disk\x2fby-diskseq\x2f29
[420] systemd-udevd D disk\x2fby-diskseq\x2f32/.lock
[420] systemd-udevd D disk\x2fby-diskseq\x2f32
[420] systemd-udevd D disk\x2fby-loop-ref\x2f\x5cx2fvar\x5cx2flib\x5cx2fsnapd\x5cx2fsnaps\x5cx2fsnap-store_1270.snap/.lock
[420] systemd-udevd D disk\x2fby-loop-ref\x2f\x5cx2fvar\x5cx2flib\x5cx2fsnapd\x5cx2fsnaps\x5cx2fsnap-store_1270.snap
[420] systemd-udevd D disk\x2fby-loop-inode\x2f8:2-3021771/.lock
[420] systemd-udevd D disk\x2fby-loop-inode\x2f8:2-3021771
[420] systemd-udevd D disk\x2fby-diskseq\x2f30/.lock
[420] systemd-udevd D disk\x2fby-diskseq\x2f30
[420] systemd-udevd D disk\x2fby-loop-inode\x2f8:2-3021766/.lock
[420] systemd-udevd D disk\x2fby-loop-inode\x2f8:2-3021766
[420] systemd-udevd D disk\x2fby-diskseq\x2f24/.lock
[420] systemd-udevd D disk\x2fby-diskseq\x2f24
[420] systemd-udevd D disk\x2fby-loop-ref\x2f\x5cx2fvar\x5cx2flib\x5cx2fsnapd\x5cx2fsnaps\x5cx2fcore22_2045.snap/.lock
[420] systemd-udevd D disk\x2fby-loop-ref\x2f\x5cx2fvar\x5cx2flib\x5cx2fsnapd\x5cx2fsnaps\x5cx2fcore22_2045.snap
[420] systemd-udevd D disk\x2fby-loop-inode\x2f8:2-3021773/.lock
[420] systemd-udevd D disk\x2fby-loop-inode\x2f8:2-3021773
[420] systemd-udevd D disk\x2fby-loop-ref\x2f\x5cx2fvar\x5cx2flib\x5cx2fsnapd\x5cx2fsnaps\x5cx2fsnapd_24792.snap/.lock
[420] systemd-udevd D disk\x2fby-loop-ref\x2f\x5cx2fvar\x5cx2flib\x5cx2fsnapd\x5cx2fsnaps\x5cx2fsnapd_24792.snap
[420] systemd-udevd D disk\x2fby-loop-inode\x2f8:2-3021772/.lock
[420] systemd-udevd D disk\x2fby-loop-inode\x2f8:2-3021772
[420] systemd-udevd D disk\x2fby-diskseq\x2f35/.lock
[420] systemd-udevd D disk\x2fby-diskseq\x2f35
[420] systemd-udevd D disk\x2fby-loop-ref\x2f\x5cx2fvar\x5cx2flib\x5cx2fsnapd\x5cx2fsnaps\x5cx2fsnapd-desktop-integration_315.snap/.lock
[420] systemd-udevd D disk\x2fby-loop-ref\x2f\x5cx2fvar\x5cx2flib\x5cx2fsnapd\x5cx2fsnaps\x5cx2fsnapd-desktop-integration_315.snap
[420] systemd-udevd D disk\x2fby-loop-ref\x2f\x5cx2fvar\x5cx2flib\x5cx2fsnapd\x5cx2fsnaps\x5cx2fgnome-42-2204_202.snap/.lock
[420] systemd-udevd D disk\x2fby-loop-ref\x2f\x5cx2fvar\x5cx2flib\x5cx2fsnapd\x5cx2fsnaps\x5cx2fgnome-42-2204_202.snap
[420] systemd-udevd D disk\x2fby-loop-inode\x2f8:2-3021769/.lock
[420] systemd-udevd D disk\x2fby-loop-inode\x2f8:2-3021769
[420] systemd-udevd D disk\x2fby-diskseq\x2f28/.lock
[420] systemd-udevd D disk\x2fby-diskseq\x2f28
[420] systemd-udevd D disk\x2fby-loop-ref\x2f\x5cx2fvar\x5cx2flib\x5cx2fsnapd\x5cx2fsnaps\x5cx2fsnapd-desktop-integration_343.snap/.lock
[420] systemd-udevd D disk\x2fby-loop-ref\x2f\x5cx2fvar\x5cx2flib\x5cx2fsnapd\x5cx2fsnaps\x5cx2fsnapd-desktop-integration_343.snap
[420] systemd-udevd D disk\x2fby-loop-inode\x2f8:2-3015238/.lock
[420] systemd-udevd D disk\x2fby-loop-inode\x2f8:2-3015238
[420] systemd-udevd D disk\x2fby-diskseq\x2f36/.lock
[420] systemd-udevd D disk\x2fby-diskseq\x2f36
[420] systemd-udevd D disk\x2fby-loop-ref\x2f\x5cx2fvar\x5cx2flib\x5cx2fsnapd\x5cx2fsnaps\x5cx2ffirmware-updater_167.snap/.lock
[420] systemd-udevd D disk\x2fby-loop-ref\x2f\x5cx2fvar\x5cx2flib\x5cx2fsnapd\x5cx2fsnaps\x5cx2ffirmware-updater_167.snap
[420] systemd-udevd D disk\x2fby-diskseq\x2f27/.lock
[420] systemd-udevd D disk\x2fby-diskseq\x2f27
[420] systemd-udevd D disk\x2fby-loop-inode\x2f8:2-3021768/.lock
[420] systemd-udevd D disk\x2fby-loop-inode\x2f8:2-3021768
[420] systemd-udevd D disk\x2fby-loop-ref\x2f\x5cx2fvar\x5cx2flib\x5cx2fsnapd\x5cx2fsnaps\x5cx2ffirmware-updater_216.snap/.lock
[420] systemd-udevd D disk\x2fby-loop-ref\x2f\x5cx2fvar\x5cx2flib\x5cx2fsnapd\x5cx2fsnaps\x5cx2ffirmware-updater_216.snap
[420] systemd-udevd D disk\x2fby-loop-inode\x2f8:2-3015171/.lock
[420] systemd-udevd D disk\x2fby-loop-inode\x2f8:2-3015171
[420] systemd-udevd D disk\x2fby-diskseq\x2f26/.lock
[420] systemd-udevd D disk\x2fby-diskseq\x2f26
[420] systemd-udevd D disk\x2fby-diskseq\x2f25/.lock
[420] systemd-udevd D disk\x2fby-diskseq\x2f25
[420] systemd-udevd D disk\x2fby-loop-inode\x2f8:2-3021767/.lock
[420] systemd-udevd D disk\x2fby-loop-inode\x2f8:2-3021767
[420] systemd-udevd D disk\x2fby-loop-ref\x2f\x5cx2fvar\x5cx2flib\x5cx2fsnapd\x5cx2fsnaps\x5cx2ffirefox_6565.snap/.lock
[420] systemd-udevd D disk\x2fby-loop-ref\x2f\x5cx2fvar\x5cx2flib\x5cx2fsnapd\x5cx2fsnaps\x5cx2ffirefox_6565.snap
[420] systemd-udevd D disk\x2fby-diskseq\x2f23/.lock
[420] systemd-udevd D disk\x2fby-diskseq\x2f23
[420] systemd-udevd D disk\x2fby-loop-ref\x2f\x5cx2fvar\x5cx2flib\x5cx2fsnapd\x5cx2fsnaps\x5cx2fbare_5.snap/.lock
[420] systemd-udevd D disk\x2fby-loop-ref\x2f\x5cx2fvar\x5cx2flib\x5cx2fsnapd\x5cx2fsnaps\x5cx2fbare_5.snap
[420] systemd-udevd D disk\x2fby-loop-inode\x2f8:2-3021765/.lock
[420] systemd-udevd D disk\x2fby-loop-inode\x2f8:2-3021765
[420] systemd-udevd D dri\x2fby-path\x2fpci-0000:00:0f.0-render/.lock
[420] systemd-udevd D dri\x2fby-path\x2fpci-0000:00:0f.0-render
[420] systemd-udevd D dri\x2fby-path\x2fpci-0000:00:0f.0-card/.lock
[420] systemd-udevd D dri\x2fby-path\x2fpci-0000:00:0f.0-card
[420] systemd-udevd D disk\x2fby-diskseq\x2f20/.lock
[420] systemd-udevd D disk\x2fby-diskseq\x2f20
[420] systemd-udevd D disk\x2fby-id\x2fata-VMware_Virtual_SATA_CDRW_Drive_00000000000000000001/.lock
[420] systemd-udevd D disk\x2fby-id\x2fata-VMware_Virtual_SATA_CDRW_Drive_00000000000000000001
[420] systemd-udevd D disk\x2fby-path\x2fpci-0000:02:04.0-ata-1.0/.lock
[420] systemd-udevd D disk\x2fby-path\x2fpci-0000:02:04.0-ata-1.0
[420] systemd-udevd D disk\x2fby-path\x2fpci-0000:02:04.0-ata-1/.lock
[420] systemd-udevd D disk\x2fby-path\x2fpci-0000:02:04.0-ata-1
[420] systemd-udevd D disk\x2fby-diskseq\x2f22/.lock
[420] systemd-udevd D disk\x2fby-diskseq\x2f22
[420] systemd-udevd D disk\x2fby-path\x2fpci-0000:02:04.0-ata-2/.lock
[420] systemd-udevd D disk\x2fby-path\x2fpci-0000:02:04.0-ata-2
[420] systemd-udevd D disk\x2fby-path\x2fpci-0000:02:04.0-ata-2.0/.lock
[420] systemd-udevd D disk\x2fby-path\x2fpci-0000:02:04.0-ata-2.0
[420] systemd-udevd D disk\x2fby-id\x2fata-VMware_Virtual_SATA_CDRW_Drive_01000000000000000001/.lock
[420] systemd-udevd D disk\x2fby-id\x2fata-VMware_Virtual_SATA_CDRW_Drive_01000000000000000001
[420] systemd-udevd D disk\x2fby-uuid\x2fcd3e132c-9266-4669-bc11-8f5d21d72b3e/.lock
[420] systemd-udevd D disk\x2fby-uuid\x2fcd3e132c-9266-4669-bc11-8f5d21d72b3e
[420] systemd-udevd D disk\x2fby-path\x2fpci-0000:00:10.0-scsi-0:0:0:0-part2/.lock
[420] systemd-udevd D disk\x2fby-path\x2fpci-0000:00:10.0-scsi-0:0:0:0-part2
[420] systemd-udevd D disk\x2fby-diskseq\x2f18-part2/.lock
[420] systemd-udevd D disk\x2fby-diskseq\x2f18-part2
[420] systemd-udevd D disk\x2fby-partuuid\x2f69da3fc7-aa6c-4e77-bc7b-3e0640fb4669/.lock
[420] systemd-udevd D disk\x2fby-partuuid\x2f69da3fc7-aa6c-4e77-bc7b-3e0640fb4669
[420] systemd-udevd D disk\x2fby-path\x2fpci-0000:00:10.0-scsi-0:0:0:0-part1/.lock
[420] systemd-udevd D disk\x2fby-path\x2fpci-0000:00:10.0-scsi-0:0:0:0-part1
[420] systemd-udevd D disk\x2fby-partuuid\x2f29b3a94d-dd87-4d50-aed7-c92301f53f4b/.lock
[420] systemd-udevd D disk\x2fby-partuuid\x2f29b3a94d-dd87-4d50-aed7-c92301f53f4b
[420] systemd-udevd D disk\x2fby-diskseq\x2f18-part1/.lock
[420] systemd-udevd D disk\x2fby-diskseq\x2f18-part1
[420] systemd-udevd D disk\x2fby-diskseq\x2f18/.lock
[420] systemd-udevd D disk\x2fby-diskseq\x2f18
[420] systemd-udevd D disk\x2fby-path\x2fpci-0000:00:10.0-scsi-0:0:0:0/.lock
[420] systemd-udevd D disk\x2fby-path\x2fpci-0000:00:10.0-scsi-0:0:0:0
[420] systemd-udevd D rtc/.lock
[420] systemd-udevd D rtc
[420] systemd-udevd D /run/udev/queue
[420] systemd-udevd D /run/udev/queue
[6894] (udev-worker) D 49
[6894] (udev-worker) D b8:0
[6894] (udev-worker) D /dev/block/.#8:00669c237329183bf
[6894] (udev-worker) D 52
[6894] (udev-worker) D b8:1
[6899] (udev-worker) D 58
[6899] (udev-worker) D b8:2
[6899] (udev-worker) D /dev/block/.#8:215b9cd4b5e27daca
[6894] (udev-worker) D /dev/block/.#8:1dba8527598547893
[420] systemd-udevd D /run/udev/queue
[365] systemd-journal D /run/systemd/journal/streams/9:25951
[1152] systemd-logind D /run/systemd/inhibit/13.ref
[1152] systemd-logind D /run/systemd/inhibit/13
[1152] systemd-logind D /run/systemd/inhibit/12.ref
[1152] systemd-logind D /run/systemd/inhibit/12
[1152] systemd-logind D /run/systemd/inhibit/89.ref
[1152] systemd-logind D /run/systemd/inhibit/89
[1152] systemd-logind D /run/systemd/sessions/2
[1152] systemd-logind D /run/systemd/inhibit/14.ref
[1152] systemd-logind D /run/systemd/inhibit/14
[2223] systemd D /run/user/1000/systemd/units/invocation:wireplumber.service
[2649] gvfs-udisks2-vo O /home/capstone/.local/share/mime/treemagic
[1] systemd D /run/systemd/units/invocation:systemd-journald.service
[2223] systemd D /run/user/1000/systemd/units/invocation:pipewire.service
[6899] (udev-worker) D /run/udev/data/c13:35
[6899] (udev-worker) D /dev/char/13:35
[420] systemd-udevd D /run/udev/queue
[6899] (udev-worker) D /run/udev/data/c13:69
[6899] (udev-worker) D /dev/char/13:69
[420] systemd-udevd D /run/udev/queue
[2223] systemd D /run/user/1000/systemd/units/invocation:xdg-desktop-portal.service
[6899] (udev-worker) D /run/udev/data/c13:0
[6899] (udev-worker) D /dev/char/13:0
[420] systemd-udevd D /run/udev/queue
[2223] systemd D /run/user/1000/systemd/units/invocation:xdg-desktop-portal-gnome.service
[6899] (udev-worker) D /run/udev/data/+input:input6
[2223] systemd D /run/user/1000/systemd/units/invocation:gnome-terminal-server.service
